Archive member included to satisfy reference by file (symbol)

C:\Users\RometKalpus\Documents\MCUXpressoIDE_10.0.2_411\workspace\lpc_board_nxp_lpcxpresso_1549\Debug\liblpc_board_nxp_lpcxpresso_1549.a(board.o)
                              ./src/LoRa_transciever.o (Board_LED_Set)
C:\Users\RometKalpus\Documents\MCUXpressoIDE_10.0.2_411\workspace\lpc_board_nxp_lpcxpresso_1549\Debug\liblpc_board_nxp_lpcxpresso_1549.a(board_sysinit.o)
                              ./src/sysinit.o (Board_SystemInit)
C:\Users\RometKalpus\Documents\MCUXpressoIDE_10.0.2_411\workspace\lpc_chip_15xx\Debug\liblpc_chip_15xx.a(chip_15xx.o)
                              ./src/LoRa_transciever.o (SystemCoreClockUpdate)
C:\Users\RometKalpus\Documents\MCUXpressoIDE_10.0.2_411\workspace\lpc_chip_15xx\Debug\liblpc_chip_15xx.a(clock_15xx.o)
                              C:\Users\RometKalpus\Documents\MCUXpressoIDE_10.0.2_411\workspace\lpc_board_nxp_lpcxpresso_1549\Debug\liblpc_board_nxp_lpcxpresso_1549.a(board.o) (Chip_Clock_GetMainClockRate)
C:\Users\RometKalpus\Documents\MCUXpressoIDE_10.0.2_411\workspace\lpc_chip_15xx\Debug\liblpc_chip_15xx.a(gpio_15xx.o)
                              C:\Users\RometKalpus\Documents\MCUXpressoIDE_10.0.2_411\workspace\lpc_board_nxp_lpcxpresso_1549\Debug\liblpc_board_nxp_lpcxpresso_1549.a(board.o) (Chip_GPIO_Init)
C:\Users\RometKalpus\Documents\MCUXpressoIDE_10.0.2_411\workspace\lpc_chip_15xx\Debug\liblpc_chip_15xx.a(iocon_15xx.o)
                              C:\Users\RometKalpus\Documents\MCUXpressoIDE_10.0.2_411\workspace\lpc_board_nxp_lpcxpresso_1549\Debug\liblpc_board_nxp_lpcxpresso_1549.a(board_sysinit.o) (Chip_IOCON_SetPinMuxing)
C:\Users\RometKalpus\Documents\MCUXpressoIDE_10.0.2_411\workspace\lpc_chip_15xx\Debug\liblpc_chip_15xx.a(spi_15xx.o)
                              ./src/LoRa_transciever.o (Chip_SPI_SetConfig)
C:\Users\RometKalpus\Documents\MCUXpressoIDE_10.0.2_411\workspace\lpc_chip_15xx\Debug\liblpc_chip_15xx.a(swm_15xx.o)
                              ./src/LoRa_transciever.o (Chip_SWM_MovablePinAssign)
C:\Users\RometKalpus\Documents\MCUXpressoIDE_10.0.2_411\workspace\lpc_chip_15xx\Debug\liblpc_chip_15xx.a(sysctl_15xx.o)
                              C:\Users\RometKalpus\Documents\MCUXpressoIDE_10.0.2_411\workspace\lpc_board_nxp_lpcxpresso_1549\Debug\liblpc_board_nxp_lpcxpresso_1549.a(board_sysinit.o) (Chip_SYSCTL_AssertPeriphReset)
C:\Users\RometKalpus\Documents\MCUXpressoIDE_10.0.2_411\workspace\lpc_chip_15xx\Debug\liblpc_chip_15xx.a(sysinit_15xx.o)
                              C:\Users\RometKalpus\Documents\MCUXpressoIDE_10.0.2_411\workspace\lpc_board_nxp_lpcxpresso_1549\Debug\liblpc_board_nxp_lpcxpresso_1549.a(board_sysinit.o) (Chip_SetupXtalClocking)
C:\Users\RometKalpus\Documents\MCUXpressoIDE_10.0.2_411\workspace\lpc_chip_15xx\Debug\liblpc_chip_15xx.a(uart_15xx.o)
                              C:\Users\RometKalpus\Documents\MCUXpressoIDE_10.0.2_411\workspace\lpc_board_nxp_lpcxpresso_1549\Debug\liblpc_board_nxp_lpcxpresso_1549.a(board.o) (Chip_UART_Init)
C:\Users\RometKalpus\Documents\MCUXpressoIDE_10.0.2_411\workspace\lpc_chip_15xx\Debug\liblpc_chip_15xx.a(ring_buffer.o)
                              C:\Users\RometKalpus\Documents\MCUXpressoIDE_10.0.2_411\workspace\lpc_chip_15xx\Debug\liblpc_chip_15xx.a(uart_15xx.o) (RingBuffer_Insert)
c:/nxp/mcuxpressoide_10.0.2_411/ide/tools/bin/../lib/gcc/arm-none-eabi/5.4.1/armv7-m\libgcc.a(_aeabi_uldivmod.o)
                              C:\Users\RometKalpus\Documents\MCUXpressoIDE_10.0.2_411\workspace\lpc_chip_15xx\Debug\liblpc_chip_15xx.a(clock_15xx.o) (__aeabi_uldivmod)
c:/nxp/mcuxpressoide_10.0.2_411/ide/tools/bin/../lib/gcc/arm-none-eabi/5.4.1/armv7-m\libgcc.a(_udivmoddi4.o)
                              c:/nxp/mcuxpressoide_10.0.2_411/ide/tools/bin/../lib/gcc/arm-none-eabi/5.4.1/armv7-m\libgcc.a(_aeabi_uldivmod.o) (__udivmoddi4)
c:/nxp/mcuxpressoide_10.0.2_411/ide/tools/bin/../lib/gcc/arm-none-eabi/5.4.1/armv7-m\libgcc.a(_dvmd_tls.o)
                              c:/nxp/mcuxpressoide_10.0.2_411/ide/tools/bin/../lib/gcc/arm-none-eabi/5.4.1/armv7-m\libgcc.a(_aeabi_uldivmod.o) (__aeabi_ldiv0)
c:/nxp/mcuxpressoide_10.0.2_411/ide/tools/bin/../lib/gcc/arm-none-eabi/5.4.1/../../../../arm-none-eabi/lib/armv7-m\libc.a(lib_a-init.o)
                              ./src/cr_startup_lpc15xx.o (__libc_init_array)
c:/nxp/mcuxpressoide_10.0.2_411/ide/tools/bin/../lib/gcc/arm-none-eabi/5.4.1/../../../../arm-none-eabi/lib/armv7-m\libc.a(lib_a-malloc.o)
                              ./src/cr_cpp_config.o (malloc)
c:/nxp/mcuxpressoide_10.0.2_411/ide/tools/bin/../lib/gcc/arm-none-eabi/5.4.1/../../../../arm-none-eabi/lib/armv7-m\libc.a(lib_a-mallocr.o)
                              c:/nxp/mcuxpressoide_10.0.2_411/ide/tools/bin/../lib/gcc/arm-none-eabi/5.4.1/../../../../arm-none-eabi/lib/armv7-m\libc.a(lib_a-malloc.o) (_malloc_r)
[...]
Memory Configuration

Name             Origin             Length             Attributes
MFlash256        0x00000000         0x00040000         xr
Ram0_16_32       0x02000000         0x00008000         xrw
Ram2_4           0x02008000         0x00001000         xrw
*default*        0x00000000         0xffffffff

Linker script and memory map

LOAD ./src/DigitalIoPin.o
LOAD ./src/LoRa_transciever.o
LOAD ./src/cr_cpp_config.o
LOAD ./src/cr_startup_lpc15xx.o
LOAD ./src/crp.o
LOAD ./src/sysinit.o
LOAD C:\Users\RometKalpus\Documents\MCUXpressoIDE_10.0.2_411\workspace\lpc_board_nxp_lpcxpresso_1549\Debug\liblpc_board_nxp_lpcxpresso_1549.a
LOAD C:\Users\RometKalpus\Documents\MCUXpressoIDE_10.0.2_411\workspace\lpc_chip_15xx\Debug\liblpc_chip_15xx.a
LOAD C:\Users\RometKalpus\Documents\MCUXpressoIDE_10.0.2_411\workspace\freertos\Debug\libfreertos.a
START GROUP
LOAD c:/nxp/mcuxpressoide_10.0.2_411/ide/tools/bin/../lib/gcc/arm-none-eabi/5.4.1/armv7-m\libgcc.a
LOAD c:/nxp/mcuxpressoide_10.0.2_411/ide/tools/bin/../lib/gcc/arm-none-eabi/5.4.1/../../../../arm-none-eabi/lib/armv7-m\libc.a
LOAD c:/nxp/mcuxpressoide_10.0.2_411/ide/tools/bin/../lib/gcc/arm-none-eabi/5.4.1/../../../../arm-none-eabi/lib/armv7-m\libstdc++.a
LOAD c:/nxp/mcuxpressoide_10.0.2_411/ide/tools/bin/../lib/gcc/arm-none-eabi/5.4.1/../../../../arm-none-eabi/lib/armv7-m\libm.a
LOAD c:/nxp/mcuxpressoide_10.0.2_411/ide/tools/bin/../lib/gcc/arm-none-eabi/5.4.1/../../../../arm-none-eabi/lib/armv7-m\libcr_newlib_nohost.a
LOAD c:/nxp/mcuxpressoide_10.0.2_411/ide/tools/bin/../lib/gcc/arm-none-eabi/5.4.1/armv7-m\crti.o
LOAD c:/nxp/mcuxpressoide_10.0.2_411/ide/tools/bin/../lib/gcc/arm-none-eabi/5.4.1/armv7-m\crtn.o
LOAD c:/nxp/mcuxpressoide_10.0.2_411/ide/tools/bin/../lib/gcc/arm-none-eabi/5.4.1/armv7-m\crtbegin.o
LOAD c:/nxp/mcuxpressoide_10.0.2_411/ide/tools/bin/../lib/gcc/arm-none-eabi/5.4.1/armv7-m\crtend.o
END GROUP
                0x00000000                __base_MFlash256 = 0x0
                0x00000000                __base_Flash = 0x0
                0x00040000                __top_MFlash256 = 0x40000
                0x00040000                __top_Flash = 0x40000
                0x02000000                __base_Ram0_16_32 = 0x2000000
                0x02000000                __base_RAM = 0x2000000
                0x02008000                __top_Ram0_16_32 = 0x2008000
                0x02008000                __top_RAM = 0x2008000
                0x02008000                __base_Ram2_4 = 0x2008000
                0x02008000                __base_RAM2 = 0x2008000
                0x02009000                __top_Ram2_4 = 0x2009000
                0x02009000                __top_RAM2 = 0x2009000

.text           0x00000000     0x1bd4
 FILL mask 0xff
                0x00000000                __vectors_start__ = ABSOLUTE (.)
 *(.isr_vector)
 .isr_vector    0x00000000       0xfc ./src/cr_startup_lpc15xx.o
                0x00000000                g_pfnVectors
                0x000000fc                . = ALIGN (0x4)
                0x000000fc                __section_table_start = .
                0x000000fc                __data_section_table = .
                0x000000fc        0x4 LONG 0x1bdc LOADADDR (.data)
                0x00000100        0x4 LONG 0x2000000 ADDR (.data)
                0x00000104        0x4 LONG 0x0 SIZEOF (.data)
                0x00000108        0x4 LONG 0x1bdc LOADADDR (.data_RAM2)
                0x0000010c        0x4 LONG 0x2008000 ADDR (.data_RAM2)
                0x00000110        0x4 LONG 0x0 SIZEOF (.data_RAM2)
                0x00000114                __data_section_table_end = .
                0x00000114                __bss_section_table = .
                0x00000114        0x4 LONG 0x2000000 ADDR (.bss)
                0x00000118        0x4 LONG 0x44 SIZEOF (.bss)
                0x0000011c        0x4 LONG 0x2008000 ADDR (.bss_RAM2)
                0x00000120        0x4 LONG 0x0 SIZEOF (.bss_RAM2)
                0x00000124                __bss_section_table_end = .
                0x00000124                __section_table_end = .
 *(.after_vectors*)
 .after_vectors
                0x00000124      0x158 ./src/cr_startup_lpc15xx.o
                0x00000124                data_init(unsigned int, unsigned int, unsigned int)
                0x00000168                bss_init(unsigned int, unsigned int)
                0x000001a0                ResetISR
                0x0000022c                NMI_Handler
                0x00000234                HardFault_Handler
                0x0000023c                MemManage_Handler
                0x00000244                BusFault_Handler
                0x0000024c                UsageFault_Handler
                0x00000254                SVC_Handler
                0x0000025c                DebugMon_Handler
                0x00000264                PendSV_Handler
                0x0000026c                SysTick_Handler
                0x00000274                UART1_IRQHandler
                0x00000274                RTC_WAKE_IRQHandler
                0x00000274                UART0_IRQHandler
                0x00000274                MRT_IRQHandler
                0x00000274                SPI1_IRQHandler
                0x00000274                PIN_INT6_IRQHandler
                0x00000274                IntDefaultHandler
                0x00000274                PIN_INT4_IRQHandler
                0x00000274                CAN_IRQHandler
                0x00000274                RTC_ALARM_IRQHandler
                0x00000274                ADC1B_IRQHandler
                0x00000274                ADC1_OVR_IRQHandler
                0x00000274                ADC1_THCMP_IRQHandler
                0x00000274                ADC0_OVR_IRQHandler
                0x00000274                PIN_INT5_IRQHandler
                0x00000274                SCT1_IRQHandler
                0x00000274                PIN_INT2_IRQHandler
                0x00000274                USB_FIQHandler
                0x00000274                SCT3_IRQHandler
                0x00000274                PIN_INT7_IRQHandler
                0x00000274                I2C0_IRQHandler
                0x00000274                PIN_INT1_IRQHandler
                0x00000274                USB_IRQHandler
                0x00000274                BOD_IRQHandler
                0x00000274                ADC0B_IRQHandler
                0x00000274                ACMP0_IRQHandler
                0x00000274                RIT_IRQHandler
                0x00000274                SCT2_IRQHandler
                0x00000274                WDT_IRQHandler
                0x00000274                USBWakeup_IRQHandler
                0x00000274                PIN_INT0_IRQHandler
                0x00000274                QEI_IRQHandler
                0x00000274                ACMP3_IRQHandler
                0x00000274                GINT0_IRQHandler
                0x00000274                DAC_IRQHandler
                0x00000274                SPI0_IRQHandler
                0x00000274                EEPROM_IRQHandler
                0x00000274                ACMP2_IRQHandler
                0x00000274                UART2_IRQHandler
                0x00000274                ADC1A_IRQHandler
                0x00000274                DMA_IRQHandler
                0x00000274                PIN_INT3_IRQHandler
                0x00000274                ACMP1_IRQHandler
                0x00000274                SCT0_IRQHandler
                0x00000274                ADC0A_IRQHandler
                0x00000274                FMC_IRQHandler
                0x00000274                GINT1_IRQHandler
                0x00000274                ADC0_THCMP_IRQHandler
 *(.text*)
 .text.Chip_IOCON_PinMuxSet
                0x0000027c       0x2c ./src/LoRa_transciever.o
 .text.Chip_GPIO_SetPinState
                0x000002a8       0x38 ./src/LoRa_transciever.o
 .text.Chip_GPIO_SetPinDIROutput
                0x000002e0       0x3c ./src/LoRa_transciever.o
 .text.Chip_SPI_Enable
                0x0000031c       0x20 ./src/LoRa_transciever.o
 .text._ZL15Init_SPI_PinMuxv
                0x0000033c       0x68 ./src/LoRa_transciever.o
 .text._ZL8errorSPIv
                0x000003a4       0x10 ./src/LoRa_transciever.o
 .text._ZL14setupSpiMasterv
                0x000003b4       0x58 ./src/LoRa_transciever.o
 .text._ZL12sendSpiFramePtmttt
                0x0000040c       0x98 ./src/LoRa_transciever.o
 .text._ZL15configureModulev
                0x000004a4       0x74 ./src/LoRa_transciever.o
 .text.main     0x00000518      0x130 ./src/LoRa_transciever.o
                0x00000518                main
 .text.SystemInit
                0x00000648        0xc ./src/sysinit.o
                0x00000648                SystemInit
 .text.Chip_IOCON_PinMuxSet
                0x00000654       0x2c C:\Users\RometKalpus\Documents\MCUXpressoIDE_10.0.2_411\workspace\lpc_board_nxp_lpcxpresso_1549\Debug\liblpc_board_nxp_lpcxpresso_1549.a(board.o)
 .text.Chip_SWM_MovablePortPinAssign
                0x00000680       0x30 C:\Users\RometKalpus\Documents\MCUXpressoIDE_10.0.2_411\workspace\lpc_board_nxp_lpcxpresso_1549\Debug\liblpc_board_nxp_lpcxpresso_1549.a(board.o)
 .text.Chip_GPIO_SetPinState
                0x000006b0       0x38 C:\Users\RometKalpus\Documents\MCUXpressoIDE_10.0.2_411\workspace\lpc_board_nxp_lpcxpresso_1549\Debug\liblpc_board_nxp_lpcxpresso_1549.a(board.o)
 .text.Chip_GPIO_SetPinDIROutput
                0x000006e8       0x3c C:\Users\RometKalpus\Documents\MCUXpressoIDE_10.0.2_411\workspace\lpc_board_nxp_lpcxpresso_1549\Debug\liblpc_board_nxp_lpcxpresso_1549.a(board.o)
 .text.Chip_GPIO_SetPinToggle
                0x00000724       0x30 C:\Users\RometKalpus\Documents\MCUXpressoIDE_10.0.2_411\workspace\lpc_board_nxp_lpcxpresso_1549\Debug\liblpc_board_nxp_lpcxpresso_1549.a(board.o)
 .text.Chip_UART_Enable
                0x00000754       0x20 C:\Users\RometKalpus\Documents\MCUXpressoIDE_10.0.2_411\workspace\lpc_board_nxp_lpcxpresso_1549\Debug\liblpc_board_nxp_lpcxpresso_1549.a(board.o)
 .text.Chip_UART_TXEnable
                0x00000774       0x20 C:\Users\RometKalpus\Documents\MCUXpressoIDE_10.0.2_411\workspace\lpc_board_nxp_lpcxpresso_1549\Debug\liblpc_board_nxp_lpcxpresso_1549.a(board.o)
 .text.Chip_UART_ConfigData
                0x00000794       0x28 C:\Users\RometKalpus\Documents\MCUXpressoIDE_10.0.2_411\workspace\lpc_board_nxp_lpcxpresso_1549\Debug\liblpc_board_nxp_lpcxpresso_1549.a(board.o)
 .text.Board_Debug_Init
                0x000007bc       0x70 C:\Users\RometKalpus\Documents\MCUXpressoIDE_10.0.2_411\workspace\lpc_board_nxp_lpcxpresso_1549\Debug\liblpc_board_nxp_lpcxpresso_1549.a(board.o)
                0x000007bc                Board_Debug_Init
 .text.Board_LED_Init
                0x0000082c       0x5c C:\Users\RometKalpus\Documents\MCUXpressoIDE_10.0.2_411\workspace\lpc_board_nxp_lpcxpresso_1549\Debug\liblpc_board_nxp_lpcxpresso_1549.a(board.o)
 .text.Board_LED_Set
                0x00000888       0x54 C:\Users\RometKalpus\Documents\MCUXpressoIDE_10.0.2_411\workspace\lpc_board_nxp_lpcxpresso_1549\Debug\liblpc_board_nxp_lpcxpresso_1549.a(board.o)
                0x00000888                Board_LED_Set
 .text.Board_LED_Toggle
                0x000008dc       0x30 C:\Users\RometKalpus\Documents\MCUXpressoIDE_10.0.2_411\workspace\lpc_board_nxp_lpcxpresso_1549\Debug\liblpc_board_nxp_lpcxpresso_1549.a(board.o)
                0x000008dc                Board_LED_Toggle
 .text.Board_Init
                0x0000090c       0x18 C:\Users\RometKalpus\Documents\MCUXpressoIDE_10.0.2_411\workspace\lpc_board_nxp_lpcxpresso_1549\Debug\liblpc_board_nxp_lpcxpresso_1549.a(board.o)
                0x0000090c                Board_Init
 .text.Chip_SYSCTL_PeriphReset
                0x00000924       0x24 C:\Users\RometKalpus\Documents\MCUXpressoIDE_10.0.2_411\workspace\lpc_board_nxp_lpcxpresso_1549\Debug\liblpc_board_nxp_lpcxpresso_1549.a(board_sysinit.o)
 .text.Chip_Clock_SetUSBPLLSource
                0x00000948       0x20 C:\Users\RometKalpus\Documents\MCUXpressoIDE_10.0.2_411\workspace\lpc_board_nxp_lpcxpresso_1549\Debug\liblpc_board_nxp_lpcxpresso_1549.a(board_sysinit.o)
 .text.Chip_Clock_SetupUSBPLL
                0x00000968       0x34 C:\Users\RometKalpus\Documents\MCUXpressoIDE_10.0.2_411\workspace\lpc_board_nxp_lpcxpresso_1549\Debug\liblpc_board_nxp_lpcxpresso_1549.a(board_sysinit.o)
 .text.Chip_Clock_IsUSBPLLLocked
                0x0000099c       0x24 C:\Users\RometKalpus\Documents\MCUXpressoIDE_10.0.2_411\workspace\lpc_board_nxp_lpcxpresso_1549\Debug\liblpc_board_nxp_lpcxpresso_1549.a(board_sysinit.o)
 .text.Chip_Clock_SetSysTickClockDiv
                0x000009c0       0x20 C:\Users\RometKalpus\Documents\MCUXpressoIDE_10.0.2_411\workspace\lpc_board_nxp_lpcxpresso_1549\Debug\liblpc_board_nxp_lpcxpresso_1549.a(board_sysinit.o)
 .text.Chip_SWM_MovablePortPinAssign
                0x000009e0       0x30 C:\Users\RometKalpus\Documents\MCUXpressoIDE_10.0.2_411\workspace\lpc_board_nxp_lpcxpresso_1549\Debug\liblpc_board_nxp_lpcxpresso_1549.a(board_sysinit.o)
 .text.Board_SetupMuxing
                0x00000a10       0x80 C:\Users\RometKalpus\Documents\MCUXpressoIDE_10.0.2_411\workspace\lpc_board_nxp_lpcxpresso_1549\Debug\liblpc_board_nxp_lpcxpresso_1549.a(board_sysinit.o)
                0x00000a10                Board_SetupMuxing
 .text.Board_SetupClocking
                0x00000a90       0x3c C:\Users\RometKalpus\Documents\MCUXpressoIDE_10.0.2_411\workspace\lpc_board_nxp_lpcxpresso_1549\Debug\liblpc_board_nxp_lpcxpresso_1549.a(board_sysinit.o)
                0x00000a90                Board_SetupClocking
 .text.Board_SystemInit
                0x00000acc       0x1c C:\Users\RometKalpus\Documents\MCUXpressoIDE_10.0.2_411\workspace\lpc_board_nxp_lpcxpresso_1549\Debug\liblpc_board_nxp_lpcxpresso_1549.a(board_sysinit.o)
                0x00000acc                Board_SystemInit
 .text.SystemCoreClockUpdate
                0x00000ae8       0x18 C:\Users\RometKalpus\Documents\MCUXpressoIDE_10.0.2_411\workspace\lpc_chip_15xx\Debug\liblpc_chip_15xx.a(chip_15xx.o)
                0x00000ae8                SystemCoreClockUpdate
 .text.Chip_Clock_SetMain_A_ClockSource
                0x00000b00       0x20 C:\Users\RometKalpus\Documents\MCUXpressoIDE_10.0.2_411\workspace\lpc_chip_15xx\Debug\liblpc_chip_15xx.a(clock_15xx.o)
 .text.Chip_Clock_GetMain_A_ClockSource
                0x00000b20       0x18 C:\Users\RometKalpus\Documents\MCUXpressoIDE_10.0.2_411\workspace\lpc_chip_15xx\Debug\liblpc_chip_15xx.a(clock_15xx.o)
 .text.Chip_Clock_SetMain_B_ClockSource
                0x00000b38       0x20 C:\Users\RometKalpus\Documents\MCUXpressoIDE_10.0.2_411\workspace\lpc_chip_15xx\Debug\liblpc_chip_15xx.a(clock_15xx.o)
 .text.Chip_Clock_GetMain_B_ClockSource
                0x00000b58       0x18 C:\Users\RometKalpus\Documents\MCUXpressoIDE_10.0.2_411\workspace\lpc_chip_15xx\Debug\liblpc_chip_15xx.a(clock_15xx.o)
 .text.Chip_Clock_SetUARTFRGDivider
                0x00000b70       0x20 C:\Users\RometKalpus\Documents\MCUXpressoIDE_10.0.2_411\workspace\lpc_chip_15xx\Debug\liblpc_chip_15xx.a(clock_15xx.o)
 .text.Chip_Clock_GetUARTFRGDivider
                0x00000b90       0x18 C:\Users\RometKalpus\Documents\MCUXpressoIDE_10.0.2_411\workspace\lpc_chip_15xx\Debug\liblpc_chip_15xx.a(clock_15xx.o)
 .text.Chip_Clock_GetMainOscRate
                0x00000ba8       0x14 C:\Users\RometKalpus\Documents\MCUXpressoIDE_10.0.2_411\workspace\lpc_chip_15xx\Debug\liblpc_chip_15xx.a(clock_15xx.o)
 .text.Chip_Clock_GetIntOscRate
                0x00000bbc       0x14 C:\Users\RometKalpus\Documents\MCUXpressoIDE_10.0.2_411\workspace\lpc_chip_15xx\Debug\liblpc_chip_15xx.a(clock_15xx.o)
 .text.Chip_Clock_GetRTCOscRate
                0x00000bd0       0x14 C:\Users\RometKalpus\Documents\MCUXpressoIDE_10.0.2_411\workspace\lpc_chip_15xx\Debug\liblpc_chip_15xx.a(clock_15xx.o)
 .text.Chip_Clock_GetWDTOSCRate
                0x00000be4       0x14 C:\Users\RometKalpus\Documents\MCUXpressoIDE_10.0.2_411\workspace\lpc_chip_15xx\Debug\liblpc_chip_15xx.a(clock_15xx.o)
 .text.Chip_Clock_GetPLLFreq
                0x00000bf8       0x28 C:\Users\RometKalpus\Documents\MCUXpressoIDE_10.0.2_411\workspace\lpc_chip_15xx\Debug\liblpc_chip_15xx.a(clock_15xx.o)
 .text.Chip_Clock_GetPLLInClockRate
                0x00000c20       0x38 C:\Users\RometKalpus\Documents\MCUXpressoIDE_10.0.2_411\workspace\lpc_chip_15xx\Debug\liblpc_chip_15xx.a(clock_15xx.o)
 .text.Chip_Clock_GetSystemPLLInClockRate
                0x00000c58       0x1c C:\Users\RometKalpus\Documents\MCUXpressoIDE_10.0.2_411\workspace\lpc_chip_15xx\Debug\liblpc_chip_15xx.a(clock_15xx.o)
                0x00000c58                Chip_Clock_GetSystemPLLInClockRate
 .text.Chip_Clock_GetSystemPLLOutClockRate
                0x00000c74       0x24 C:\Users\RometKalpus\Documents\MCUXpressoIDE_10.0.2_411\workspace\lpc_chip_15xx\Debug\liblpc_chip_15xx.a(clock_15xx.o)
                0x00000c74                Chip_Clock_GetSystemPLLOutClockRate
 .text.Chip_Clock_GetMain_A_ClockRate
                0x00000c98       0x44 C:\Users\RometKalpus\Documents\MCUXpressoIDE_10.0.2_411\workspace\lpc_chip_15xx\Debug\liblpc_chip_15xx.a(clock_15xx.o)
                0x00000c98                Chip_Clock_GetMain_A_ClockRate
 .text.Chip_Clock_GetMain_B_ClockRate
                0x00000cdc       0x58 C:\Users\RometKalpus\Documents\MCUXpressoIDE_10.0.2_411\workspace\lpc_chip_15xx\Debug\liblpc_chip_15xx.a(clock_15xx.o)
                0x00000cdc                Chip_Clock_GetMain_B_ClockRate
 .text.Chip_Clock_SetMainClockSource
                0x00000d34       0x3c C:\Users\RometKalpus\Documents\MCUXpressoIDE_10.0.2_411\workspace\lpc_chip_15xx\Debug\liblpc_chip_15xx.a(clock_15xx.o)
                0x00000d34                Chip_Clock_SetMainClockSource
 .text.Chip_Clock_GetMainClockRate
                0x00000d70       0x28 C:\Users\RometKalpus\Documents\MCUXpressoIDE_10.0.2_411\workspace\lpc_chip_15xx\Debug\liblpc_chip_15xx.a(clock_15xx.o)
                0x00000d70                Chip_Clock_GetMainClockRate
 .text.Chip_Clock_EnablePeriphClock
                0x00000d98       0x54 C:\Users\RometKalpus\Documents\MCUXpressoIDE_10.0.2_411\workspace\lpc_chip_15xx\Debug\liblpc_chip_15xx.a(clock_15xx.o)
                0x00000d98                Chip_Clock_EnablePeriphClock
 .text.Chip_Clock_DisablePeriphClock
                0x00000dec       0x58 C:\Users\RometKalpus\Documents\MCUXpressoIDE_10.0.2_411\workspace\lpc_chip_15xx\Debug\liblpc_chip_15xx.a(clock_15xx.o)
                0x00000dec                Chip_Clock_DisablePeriphClock
 .text.Chip_Clock_GetUARTBaseClockRate
                0x00000e44       0x88 C:\Users\RometKalpus\Documents\MCUXpressoIDE_10.0.2_411\workspace\lpc_chip_15xx\Debug\liblpc_chip_15xx.a(clock_15xx.o)
                0x00000e44                Chip_Clock_GetUARTBaseClockRate
 .text.Chip_Clock_SetUARTBaseClockRate
                0x00000ecc       0xa0 C:\Users\RometKalpus\Documents\MCUXpressoIDE_10.0.2_411\workspace\lpc_chip_15xx\Debug\liblpc_chip_15xx.a(clock_15xx.o)
                0x00000ecc                Chip_Clock_SetUARTBaseClockRate
 .text.Chip_Clock_GetSystemClockRate
                0x00000f6c       0x1c C:\Users\RometKalpus\Documents\MCUXpressoIDE_10.0.2_411\workspace\lpc_chip_15xx\Debug\liblpc_chip_15xx.a(clock_15xx.o)
                0x00000f6c                Chip_Clock_GetSystemClockRate
 .text.Chip_SYSCTL_PeriphReset
                0x00000f88       0x24 C:\Users\RometKalpus\Documents\MCUXpressoIDE_10.0.2_411\workspace\lpc_chip_15xx\Debug\liblpc_chip_15xx.a(gpio_15xx.o)
 .text.Chip_GPIO_Init
                0x00000fac       0x30 C:\Users\RometKalpus\Documents\MCUXpressoIDE_10.0.2_411\workspace\lpc_chip_15xx\Debug\liblpc_chip_15xx.a(gpio_15xx.o)
                0x00000fac                Chip_GPIO_Init
 .text.Chip_IOCON_PinMuxSet
                0x00000fdc       0x2c C:\Users\RometKalpus\Documents\MCUXpressoIDE_10.0.2_411\workspace\lpc_chip_15xx\Debug\liblpc_chip_15xx.a(iocon_15xx.o)
 .text.Chip_IOCON_SetPinMuxing
                0x00001008       0x50 C:\Users\RometKalpus\Documents\MCUXpressoIDE_10.0.2_411\workspace\lpc_chip_15xx\Debug\liblpc_chip_15xx.a(iocon_15xx.o)
                0x00001008                Chip_IOCON_SetPinMuxing
 .text.Chip_SYSCTL_PeriphReset
                0x00001058       0x24 C:\Users\RometKalpus\Documents\MCUXpressoIDE_10.0.2_411\workspace\lpc_chip_15xx\Debug\liblpc_chip_15xx.a(spi_15xx.o)
 .text.Chip_SPI_Enable
                0x0000107c       0x20 C:\Users\RometKalpus\Documents\MCUXpressoIDE_10.0.2_411\workspace\lpc_chip_15xx\Debug\liblpc_chip_15xx.a(spi_15xx.o)
 .text.Chip_SPI_Disable
                0x0000109c       0x20 C:\Users\RometKalpus\Documents\MCUXpressoIDE_10.0.2_411\workspace\lpc_chip_15xx\Debug\liblpc_chip_15xx.a(spi_15xx.o)
 .text.Chip_SPI_GetStatus
                0x000010bc       0x18 C:\Users\RometKalpus\Documents\MCUXpressoIDE_10.0.2_411\workspace\lpc_chip_15xx\Debug\liblpc_chip_15xx.a(spi_15xx.o)
 .text.Chip_SPI_ClearStatus
                0x000010d4       0x20 C:\Users\RometKalpus\Documents\MCUXpressoIDE_10.0.2_411\workspace\lpc_chip_15xx\Debug\liblpc_chip_15xx.a(spi_15xx.o)
 .text.Chip_SPI_SetControlInfo
                0x000010f4       0x34 C:\Users\RometKalpus\Documents\MCUXpressoIDE_10.0.2_411\workspace\lpc_chip_15xx\Debug\liblpc_chip_15xx.a(spi_15xx.o)
 .text.Chip_SPI_SendMidFrame
                0x00001128       0x1c C:\Users\RometKalpus\Documents\MCUXpressoIDE_10.0.2_411\workspace\lpc_chip_15xx\Debug\liblpc_chip_15xx.a(spi_15xx.o)
 .text.Chip_SPI_SendLastFrame
                0x00001144       0x3c C:\Users\RometKalpus\Documents\MCUXpressoIDE_10.0.2_411\workspace\lpc_chip_15xx\Debug\liblpc_chip_15xx.a(spi_15xx.o)
 .text.Chip_SPI_ReceiveFrame
                0x00001180       0x18 C:\Users\RometKalpus\Documents\MCUXpressoIDE_10.0.2_411\workspace\lpc_chip_15xx\Debug\liblpc_chip_15xx.a(spi_15xx.o)
 .text.SPI_Send_Data
                0x00001198       0x60 C:\Users\RometKalpus\Documents\MCUXpressoIDE_10.0.2_411\workspace\lpc_chip_15xx\Debug\liblpc_chip_15xx.a(spi_15xx.o)
 .text.SPI_Receive_Data
                0x000011f8       0x34 C:\Users\RometKalpus\Documents\MCUXpressoIDE_10.0.2_411\workspace\lpc_chip_15xx\Debug\liblpc_chip_15xx.a(spi_15xx.o)
 .text.Chip_SPI_SetConfig
                0x0000122c       0x68 C:\Users\RometKalpus\Documents\MCUXpressoIDE_10.0.2_411\workspace\lpc_chip_15xx\Debug\liblpc_chip_15xx.a(spi_15xx.o)
                0x0000122c                Chip_SPI_SetConfig
 .text.Chip_SPI_Init
                0x00001294       0x38 C:\Users\RometKalpus\Documents\MCUXpressoIDE_10.0.2_411\workspace\lpc_chip_15xx\Debug\liblpc_chip_15xx.a(spi_15xx.o)
                0x00001294                Chip_SPI_Init
 .text.Chip_SPI_DelayConfig
                0x000012cc       0x64 C:\Users\RometKalpus\Documents\MCUXpressoIDE_10.0.2_411\workspace\lpc_chip_15xx\Debug\liblpc_chip_15xx.a(spi_15xx.o)
                0x000012cc                Chip_SPI_DelayConfig
 .text.Chip_SPI_RWFrames_Blocking
                0x00001330       0xb4 C:\Users\RometKalpus\Documents\MCUXpressoIDE_10.0.2_411\workspace\lpc_chip_15xx\Debug\liblpc_chip_15xx.a(spi_15xx.o)
                0x00001330                Chip_SPI_RWFrames_Blocking
 .text.Chip_SWM_MovablePinAssign
                0x000013e4       0x5c C:\Users\RometKalpus\Documents\MCUXpressoIDE_10.0.2_411\workspace\lpc_chip_15xx\Debug\liblpc_chip_15xx.a(swm_15xx.o)
                0x000013e4                Chip_SWM_MovablePinAssign
 .text.Chip_SYSCTL_AssertPeriphReset
                0x00001440       0x48 C:\Users\RometKalpus\Documents\MCUXpressoIDE_10.0.2_411\workspace\lpc_chip_15xx\Debug\liblpc_chip_15xx.a(sysctl_15xx.o)
                0x00001440                Chip_SYSCTL_AssertPeriphReset
 .text.Chip_SYSCTL_DeassertPeriphReset
                0x00001488       0x4c C:\Users\RometKalpus\Documents\MCUXpressoIDE_10.0.2_411\workspace\lpc_chip_15xx\Debug\liblpc_chip_15xx.a(sysctl_15xx.o)
                0x00001488                Chip_SYSCTL_DeassertPeriphReset
 .text.Chip_SYSCTL_PowerDown
                0x000014d4       0x40 C:\Users\RometKalpus\Documents\MCUXpressoIDE_10.0.2_411\workspace\lpc_chip_15xx\Debug\liblpc_chip_15xx.a(sysctl_15xx.o)
                0x000014d4                Chip_SYSCTL_PowerDown
 .text.Chip_SYSCTL_PowerUp
                0x00001514       0x40 C:\Users\RometKalpus\Documents\MCUXpressoIDE_10.0.2_411\workspace\lpc_chip_15xx\Debug\liblpc_chip_15xx.a(sysctl_15xx.o)
                0x00001514                Chip_SYSCTL_PowerUp
 .text.Chip_FMC_SetFLASHAccess
                0x00001554       0x38 C:\Users\RometKalpus\Documents\MCUXpressoIDE_10.0.2_411\workspace\lpc_chip_15xx\Debug\liblpc_chip_15xx.a(sysinit_15xx.o)
 .text.Chip_Clock_SetSystemPLLSource
                0x0000158c       0x20 C:\Users\RometKalpus\Documents\MCUXpressoIDE_10.0.2_411\workspace\lpc_chip_15xx\Debug\liblpc_chip_15xx.a(sysinit_15xx.o)
 .text.Chip_Clock_SetupSystemPLL
                0x000015ac       0x34 C:\Users\RometKalpus\Documents\MCUXpressoIDE_10.0.2_411\workspace\lpc_chip_15xx\Debug\liblpc_chip_15xx.a(sysinit_15xx.o)
 .text.Chip_Clock_IsSystemPLLLocked
                0x000015e0       0x24 C:\Users\RometKalpus\Documents\MCUXpressoIDE_10.0.2_411\workspace\lpc_chip_15xx\Debug\liblpc_chip_15xx.a(sysinit_15xx.o)
 .text.Chip_Clock_SetSysClockDiv
                0x00001604       0x20 C:\Users\RometKalpus\Documents\MCUXpressoIDE_10.0.2_411\workspace\lpc_chip_15xx\Debug\liblpc_chip_15xx.a(sysinit_15xx.o)
 .text.Chip_SetupXtalClocking
                0x00001624       0x6c C:\Users\RometKalpus\Documents\MCUXpressoIDE_10.0.2_411\workspace\lpc_chip_15xx\Debug\liblpc_chip_15xx.a(sysinit_15xx.o)
                0x00001624                Chip_SetupXtalClocking
 .text.Chip_SYSCTL_PeriphReset
                0x00001690       0x24 C:\Users\RometKalpus\Documents\MCUXpressoIDE_10.0.2_411\workspace\lpc_chip_15xx\Debug\liblpc_chip_15xx.a(uart_15xx.o)
 .text.getUARTClockID
                0x000016b4       0x34 C:\Users\RometKalpus\Documents\MCUXpressoIDE_10.0.2_411\workspace\lpc_chip_15xx\Debug\liblpc_chip_15xx.a(uart_15xx.o)
 .text.Chip_UART_Init
                0x000016e8       0x4c C:\Users\RometKalpus\Documents\MCUXpressoIDE_10.0.2_411\workspace\lpc_chip_15xx\Debug\liblpc_chip_15xx.a(uart_15xx.o)
                0x000016e8                Chip_UART_Init
 .text.Chip_UART_SetBaud
                0x00001734       0x2c C:\Users\RometKalpus\Documents\MCUXpressoIDE_10.0.2_411\workspace\lpc_chip_15xx\Debug\liblpc_chip_15xx.a(uart_15xx.o)
                0x00001734                Chip_UART_SetBaud
 .text          0x00001760       0x30 c:/nxp/mcuxpressoide_10.0.2_411/ide/tools/bin/../lib/gcc/arm-none-eabi/5.4.1/armv7-m\libgcc.a(_aeabi_uldivmod.o)
                0x00001760                __aeabi_uldivmod
 .text          0x00001790      0x2ec c:/nxp/mcuxpressoide_10.0.2_411/ide/tools/bin/../lib/gcc/arm-none-eabi/5.4.1/armv7-m\libgcc.a(_udivmoddi4.o)
                0x00001790                __udivmoddi4
 .text          0x00001a7c        0x4 c:/nxp/mcuxpressoide_10.0.2_411/ide/tools/bin/../lib/gcc/arm-none-eabi/5.4.1/armv7-m\libgcc.a(_dvmd_tls.o)
                0x00001a7c                __aeabi_idiv0
                0x00001a7c                __aeabi_ldiv0
 .text.__libc_init_array
                0x00001a80       0x50 c:/nxp/mcuxpressoide_10.0.2_411/ide/tools/bin/../lib/gcc/arm-none-eabi/5.4.1/../../../../arm-none-eabi/lib/armv7-m\libc.a(lib_a-init.o)
                0x00001a80                __libc_init_array
 .text          0x00001ad0       0x5c c:/nxp/mcuxpressoide_10.0.2_411/ide/tools/bin/../lib/gcc/arm-none-eabi/5.4.1/armv7-m\crtbegin.o
 *(.rodata .rodata.* .constdata .constdata.*)
 .rodata.OscRateIn
                0x00001b2c        0x4 C:\Users\RometKalpus\Documents\MCUXpressoIDE_10.0.2_411\workspace\lpc_board_nxp_lpcxpresso_1549\Debug\liblpc_board_nxp_lpcxpresso_1549.a(board.o)
                0x00001b2c                OscRateIn
 .rodata.RTCOscRateIn
                0x00001b30        0x4 C:\Users\RometKalpus\Documents\MCUXpressoIDE_10.0.2_411\workspace\lpc_board_nxp_lpcxpresso_1549\Debug\liblpc_board_nxp_lpcxpresso_1549.a(board.o)
                0x00001b30                RTCOscRateIn
 .rodata.ledpins
                0x00001b34        0x3 C:\Users\RometKalpus\Documents\MCUXpressoIDE_10.0.2_411\workspace\lpc_board_nxp_lpcxpresso_1549\Debug\liblpc_board_nxp_lpcxpresso_1549.a(board.o)
 *fill*         0x00001b37        0x1 ff
 .rodata.ledports
                0x00001b38        0x3 C:\Users\RometKalpus\Documents\MCUXpressoIDE_10.0.2_411\workspace\lpc_board_nxp_lpcxpresso_1549\Debug\liblpc_board_nxp_lpcxpresso_1549.a(board.o)
 *fill*         0x00001b3b        0x1 ff
 .rodata.ioconSetup
                0x00001b3c       0x74 C:\Users\RometKalpus\Documents\MCUXpressoIDE_10.0.2_411\workspace\lpc_board_nxp_lpcxpresso_1549\Debug\liblpc_board_nxp_lpcxpresso_1549.a(board_sysinit.o)
 .rodata.swmSetup
                0x00001bb0        0x6 C:\Users\RometKalpus\Documents\MCUXpressoIDE_10.0.2_411\workspace\lpc_board_nxp_lpcxpresso_1549\Debug\liblpc_board_nxp_lpcxpresso_1549.a(board_sysinit.o)
                0x00001bb8                . = ALIGN (0x4)
 *fill*         0x00001bb6        0x2 ff
                0x00001bb8                . = ALIGN (0x4)
 *(.init)
 .init          0x00001bb8        0x4 c:/nxp/mcuxpressoide_10.0.2_411/ide/tools/bin/../lib/gcc/arm-none-eabi/5.4.1/armv7-m\crti.o
                0x00001bb8                _init
 .init          0x00001bbc        0x8 c:/nxp/mcuxpressoide_10.0.2_411/ide/tools/bin/../lib/gcc/arm-none-eabi/5.4.1/armv7-m\crtn.o
                0x00001bc4                . = ALIGN (0x4)
                0x00001bc4                __preinit_array_start = .
 *(.preinit_array)
                0x00001bc4                __preinit_array_end = .
                0x00001bc4                . = ALIGN (0x4)
                0x00001bc4                __init_array_start = .
 *(SORT(.init_array.*))
 *(.init_array)
 .init_array    0x00001bc4        0x4 c:/nxp/mcuxpressoide_10.0.2_411/ide/tools/bin/../lib/gcc/arm-none-eabi/5.4.1/armv7-m\crtbegin.o
                0x00001bc8                __init_array_end = .
 *(.fini)
 .fini          0x00001bc8        0x4 c:/nxp/mcuxpressoide_10.0.2_411/ide/tools/bin/../lib/gcc/arm-none-eabi/5.4.1/armv7-m\crti.o
                0x00001bc8                _fini
 .fini          0x00001bcc        0x8 c:/nxp/mcuxpressoide_10.0.2_411/ide/tools/bin/../lib/gcc/arm-none-eabi/5.4.1/armv7-m\crtn.o
                0x00001bd4                . = ALIGN (0x4)
 *crtbegin.o(.ctors)
 *(EXCLUDE_FILE(*crtend.o) .ctors)
 *(SORT(.ctors.*))
 *crtend.o(.ctors)
                0x00001bd4                . = ALIGN (0x4)
 *crtbegin.o(.dtors)
 *(EXCLUDE_FILE(*crtend.o) .dtors)
 *(SORT(.dtors.*))
 *crtend.o(.dtors)
                0x00001bd4                . = ALIGN (0x4)

.glue_7         0x00001bd4        0x0
 .glue_7        0x00001bd4        0x0 linker stubs

.glue_7t        0x00001bd4        0x0
 .glue_7t       0x00001bd4        0x0 linker stubs

.vfp11_veneer   0x00001bd4        0x0
 .vfp11_veneer  0x00001bd4        0x0 linker stubs

.v4_bx          0x00001bd4        0x0
 .v4_bx         0x00001bd4        0x0 linker stubs

.iplt           0x00001bd4        0x0
 .iplt          0x00001bd4        0x0 ./src/DigitalIoPin.o

.ARM.extab
 *(.ARM.extab* .gnu.linkonce.armextab.*)
                0x00001bd4                __exidx_start = .

.ARM.exidx      0x00001bd4        0x8
 *(.ARM.exidx* .gnu.linkonce.armexidx.*)
 .ARM.exidx     0x00001bd4        0x8 c:/nxp/mcuxpressoide_10.0.2_411/ide/tools/bin/../lib/gcc/arm-none-eabi/5.4.1/armv7-m\libgcc.a(_udivmoddi4.o)
                0x00001bdc                __exidx_end = .
                0x00001bdc                _etext = .

.rel.dyn        0x00001bdc        0x0
 .rel.iplt      0x00001bdc        0x0 ./src/DigitalIoPin.o

.eh_frame       0x00001bdc        0x0
 .eh_frame      0x00001bdc        0x0 c:/nxp/mcuxpressoide_10.0.2_411/ide/tools/bin/../lib/gcc/arm-none-eabi/5.4.1/armv7-m\crtbegin.o

.data_RAM2      0x02008000        0x0 load address 0x00001bdc
 FILL mask 0xff
                [!provide]                PROVIDE (__start_data_RAM2, .)
 *(.ramfunc.$RAM2)
 *(.ramfunc.$Ram2_4)
 *(.data.$RAM2*)
 *(.data.$Ram2_4*)
                0x02008000                . = ALIGN (0x4)
                [!provide]                PROVIDE (__end_data_RAM2, .)

.uninit_RESERVED
                0x02000000        0x0
 *(.bss.$RESERVED*)
                0x02000000                . = ALIGN (0x4)
                0x02000000                _end_uninit_RESERVED = .

.data           0x02000000        0x0 load address 0x00001bdc
 FILL mask 0xff
                0x02000000                _data = .
 *(vtable)
 *(.ramfunc*)
 *(.data*)
                0x02000000                . = ALIGN (0x4)
                0x02000000                _edata = .

.igot.plt       0x02000000        0x0 load address 0x00001bdc
 .igot.plt      0x02000000        0x0 ./src/DigitalIoPin.o

.jcr            0x02000000        0x0 load address 0x00001bdc
 .jcr           0x02000000        0x0 c:/nxp/mcuxpressoide_10.0.2_411/ide/tools/bin/../lib/gcc/arm-none-eabi/5.4.1/armv7-m\crtbegin.o

.bss_RAM2       0x02008000        0x0
                [!provide]                PROVIDE (__start_bss_RAM2, .)
 *(.bss.$RAM2*)
 *(.bss.$Ram2_4*)
                0x02008000                . = ALIGN ((. != 0x0)?0x4:0x1)
                [!provide]                PROVIDE (__end_bss_RAM2, .)

.bss            0x02000000       0x44
                0x02000000                _bss = .
 *(.bss*)
 .bss._ZL9xferArray
                0x02000000        0x2 ./src/LoRa_transciever.o
 *fill*         0x02000002        0x2 
 .bss._ZL7rx_buff
                0x02000004        0x2 ./src/LoRa_transciever.o
 *fill*         0x02000006        0x2 
 .bss._ZL9XferSetup
                0x02000008       0x1c ./src/LoRa_transciever.o
 .bss           0x02000024       0x1c c:/nxp/mcuxpressoide_10.0.2_411/ide/tools/bin/../lib/gcc/arm-none-eabi/5.4.1/armv7-m\crtbegin.o
 *(COMMON)
 COMMON         0x02000040        0x4 C:\Users\RometKalpus\Documents\MCUXpressoIDE_10.0.2_411\workspace\lpc_chip_15xx\Debug\liblpc_chip_15xx.a(chip_15xx.o)
                0x02000040                SystemCoreClock
                0x02000044                . = ALIGN (0x4)
                0x02000044                _ebss = .
                [!provide]                PROVIDE (end, .)

.noinit_RAM2    0x02008000        0x0
 *(.noinit.$RAM2*)
 *(.noinit.$Ram2_4*)
                0x02008000                . = ALIGN (0x4)

.noinit         0x02000044        0x0
                0x02000044                _noinit = .
 *(.noinit*)
                0x02000044                . = ALIGN (0x4)
                0x02000044                _end_noinit = .
                0x02000044                PROVIDE (_pvHeapStart, DEFINED (__user_heap_base)?__user_heap_base:.)
                0x02008000                PROVIDE (_vStackTop, DEFINED (__user_stack_top)?__user_stack_top:(__top_Ram0_16_32 - 0x0))
                0xfdff732e                PROVIDE (__valid_user_code_checksum, (0x0 - ((((((_vStackTop + (ResetISR + 0x1)) + (NMI_Handler + 0x1)) + (HardFault_Handler + 0x1)) + (DEFINED (MemManage_Handler)?MemManage_Handler:0x0 + 0x1)) + (DEFINED (BusFault_Handler)?BusFault_Handler:0x0 + 0x1)) + (DEFINED (UsageFault_Handler)?UsageFault_Handler:0x0 + 0x1))))
OUTPUT(LoRa_transciever.axf elf32-littlearm)

.debug_info     0x00000000     0x774f
 .debug_info    0x00000000     0x145e ./src/LoRa_transciever.o
 .debug_info    0x0000145e      0x281 ./src/cr_startup_lpc15xx.o
 .debug_info    0x000016df       0xee ./src/sysinit.o
 .debug_info    0x000017cd      0xb0d C:\Users\RometKalpus\Documents\MCUXpressoIDE_10.0.2_411\workspace\lpc_board_nxp_lpcxpresso_1549\Debug\liblpc_board_nxp_lpcxpresso_1549.a(board.o)
 .debug_info    0x000022da      0xcbc C:\Users\RometKalpus\Documents\MCUXpressoIDE_10.0.2_411\workspace\lpc_board_nxp_lpcxpresso_1549\Debug\liblpc_board_nxp_lpcxpresso_1549.a(board_sysinit.o)
 .debug_info    0x00002f96      0x9ae C:\Users\RometKalpus\Documents\MCUXpressoIDE_10.0.2_411\workspace\lpc_chip_15xx\Debug\liblpc_chip_15xx.a(chip_15xx.o)
 .debug_info    0x00003944      0xd6a C:\Users\RometKalpus\Documents\MCUXpressoIDE_10.0.2_411\workspace\lpc_chip_15xx\Debug\liblpc_chip_15xx.a(clock_15xx.o)
 .debug_info    0x000046ae      0x645 C:\Users\RometKalpus\Documents\MCUXpressoIDE_10.0.2_411\workspace\lpc_chip_15xx\Debug\liblpc_chip_15xx.a(gpio_15xx.o)
 .debug_info    0x00004cf3      0x21a C:\Users\RometKalpus\Documents\MCUXpressoIDE_10.0.2_411\workspace\lpc_chip_15xx\Debug\liblpc_chip_15xx.a(iocon_15xx.o)
 .debug_info    0x00004f0d      0xa8e C:\Users\RometKalpus\Documents\MCUXpressoIDE_10.0.2_411\workspace\lpc_chip_15xx\Debug\liblpc_chip_15xx.a(spi_15xx.o)
 .debug_info    0x0000599b      0x60b C:\Users\RometKalpus\Documents\MCUXpressoIDE_10.0.2_411\workspace\lpc_chip_15xx\Debug\liblpc_chip_15xx.a(swm_15xx.o)
 .debug_info    0x00005fa6      0x76d C:\Users\RometKalpus\Documents\MCUXpressoIDE_10.0.2_411\workspace\lpc_chip_15xx\Debug\liblpc_chip_15xx.a(sysctl_15xx.o)
 .debug_info    0x00006713      0x748 C:\Users\RometKalpus\Documents\MCUXpressoIDE_10.0.2_411\workspace\lpc_chip_15xx\Debug\liblpc_chip_15xx.a(sysinit_15xx.o)
 .debug_info    0x00006e5b      0x8f4 C:\Users\RometKalpus\Documents\MCUXpressoIDE_10.0.2_411\workspace\lpc_chip_15xx\Debug\liblpc_chip_15xx.a(uart_15xx.o)

.debug_abbrev   0x00000000     0x16c0
 .debug_abbrev  0x00000000      0x24c ./src/LoRa_transciever.o
 .debug_abbrev  0x0000024c       0xe7 ./src/cr_startup_lpc15xx.o
 .debug_abbrev  0x00000333       0x82 ./src/sysinit.o
 .debug_abbrev  0x000003b5      0x240 C:\Users\RometKalpus\Documents\MCUXpressoIDE_10.0.2_411\workspace\lpc_board_nxp_lpcxpresso_1549\Debug\liblpc_board_nxp_lpcxpresso_1549.a(board.o)
 .debug_abbrev  0x000005f5      0x208 C:\Users\RometKalpus\Documents\MCUXpressoIDE_10.0.2_411\workspace\lpc_board_nxp_lpcxpresso_1549\Debug\liblpc_board_nxp_lpcxpresso_1549.a(board_sysinit.o)
 .debug_abbrev  0x000007fd      0x1b3 C:\Users\RometKalpus\Documents\MCUXpressoIDE_10.0.2_411\workspace\lpc_chip_15xx\Debug\liblpc_chip_15xx.a(chip_15xx.o)
 .debug_abbrev  0x000009b0      0x285 C:\Users\RometKalpus\Documents\MCUXpressoIDE_10.0.2_411\workspace\lpc_chip_15xx\Debug\liblpc_chip_15xx.a(clock_15xx.o)
 .debug_abbrev  0x00000c35      0x16a C:\Users\RometKalpus\Documents\MCUXpressoIDE_10.0.2_411\workspace\lpc_chip_15xx\Debug\liblpc_chip_15xx.a(gpio_15xx.o)
 .debug_abbrev  0x00000d9f      0x137 C:\Users\RometKalpus\Documents\MCUXpressoIDE_10.0.2_411\workspace\lpc_chip_15xx\Debug\liblpc_chip_15xx.a(iocon_15xx.o)
 .debug_abbrev  0x00000ed6      0x20f C:\Users\RometKalpus\Documents\MCUXpressoIDE_10.0.2_411\workspace\lpc_chip_15xx\Debug\liblpc_chip_15xx.a(spi_15xx.o)
 .debug_abbrev  0x000010e5      0x13e C:\Users\RometKalpus\Documents\MCUXpressoIDE_10.0.2_411\workspace\lpc_chip_15xx\Debug\liblpc_chip_15xx.a(swm_15xx.o)
 .debug_abbrev  0x00001223      0x12b C:\Users\RometKalpus\Documents\MCUXpressoIDE_10.0.2_411\workspace\lpc_chip_15xx\Debug\liblpc_chip_15xx.a(sysctl_15xx.o)
 .debug_abbrev  0x0000134e      0x18c C:\Users\RometKalpus\Documents\MCUXpressoIDE_10.0.2_411\workspace\lpc_chip_15xx\Debug\liblpc_chip_15xx.a(sysinit_15xx.o)
 .debug_abbrev  0x000014da      0x1e6 C:\Users\RometKalpus\Documents\MCUXpressoIDE_10.0.2_411\workspace\lpc_chip_15xx\Debug\liblpc_chip_15xx.a(uart_15xx.o)

.debug_aranges  0x00000000      0x6d0
 .debug_aranges
                0x00000000       0x68 ./src/LoRa_transciever.o
 .debug_aranges
                0x00000068       0x80 ./src/cr_startup_lpc15xx.o
 .debug_aranges
                0x000000e8       0x20 ./src/sysinit.o
 .debug_aranges
                0x00000108       0xd0 C:\Users\RometKalpus\Documents\MCUXpressoIDE_10.0.2_411\workspace\lpc_board_nxp_lpcxpresso_1549\Debug\liblpc_board_nxp_lpcxpresso_1549.a(board.o)
 .debug_aranges
                0x000001d8       0x60 C:\Users\RometKalpus\Documents\MCUXpressoIDE_10.0.2_411\workspace\lpc_board_nxp_lpcxpresso_1549\Debug\liblpc_board_nxp_lpcxpresso_1549.a(board_sysinit.o)
 .debug_aranges
                0x00000238       0x50 C:\Users\RometKalpus\Documents\MCUXpressoIDE_10.0.2_411\workspace\lpc_chip_15xx\Debug\liblpc_chip_15xx.a(chip_15xx.o)
 .debug_aranges
                0x00000288      0x128 C:\Users\RometKalpus\Documents\MCUXpressoIDE_10.0.2_411\workspace\lpc_chip_15xx\Debug\liblpc_chip_15xx.a(clock_15xx.o)
 .debug_aranges
                0x000003b0       0x70 C:\Users\RometKalpus\Documents\MCUXpressoIDE_10.0.2_411\workspace\lpc_chip_15xx\Debug\liblpc_chip_15xx.a(gpio_15xx.o)
 .debug_aranges
                0x00000420       0x28 C:\Users\RometKalpus\Documents\MCUXpressoIDE_10.0.2_411\workspace\lpc_chip_15xx\Debug\liblpc_chip_15xx.a(iocon_15xx.o)
 .debug_aranges
                0x00000448       0xd8 C:\Users\RometKalpus\Documents\MCUXpressoIDE_10.0.2_411\workspace\lpc_chip_15xx\Debug\liblpc_chip_15xx.a(spi_15xx.o)
 .debug_aranges
                0x00000520       0x40 C:\Users\RometKalpus\Documents\MCUXpressoIDE_10.0.2_411\workspace\lpc_chip_15xx\Debug\liblpc_chip_15xx.a(swm_15xx.o)
 .debug_aranges
                0x00000560       0x50 C:\Users\RometKalpus\Documents\MCUXpressoIDE_10.0.2_411\workspace\lpc_chip_15xx\Debug\liblpc_chip_15xx.a(sysctl_15xx.o)
 .debug_aranges
                0x000005b0       0x58 C:\Users\RometKalpus\Documents\MCUXpressoIDE_10.0.2_411\workspace\lpc_chip_15xx\Debug\liblpc_chip_15xx.a(sysinit_15xx.o)
 .debug_aranges
                0x00000608       0xc8 C:\Users\RometKalpus\Documents\MCUXpressoIDE_10.0.2_411\workspace\lpc_chip_15xx\Debug\liblpc_chip_15xx.a(uart_15xx.o)

.debug_ranges   0x00000000      0x608
 .debug_ranges  0x00000000       0x58 ./src/LoRa_transciever.o
 .debug_ranges  0x00000058       0x70 ./src/cr_startup_lpc15xx.o
 .debug_ranges  0x000000c8       0x10 ./src/sysinit.o
 .debug_ranges  0x000000d8       0xd8 C:\Users\RometKalpus\Documents\MCUXpressoIDE_10.0.2_411\workspace\lpc_board_nxp_lpcxpresso_1549\Debug\liblpc_board_nxp_lpcxpresso_1549.a(board.o)
 .debug_ranges  0x000001b0       0x50 C:\Users\RometKalpus\Documents\MCUXpressoIDE_10.0.2_411\workspace\lpc_board_nxp_lpcxpresso_1549\Debug\liblpc_board_nxp_lpcxpresso_1549.a(board_sysinit.o)
 .debug_ranges  0x00000200       0x40 C:\Users\RometKalpus\Documents\MCUXpressoIDE_10.0.2_411\workspace\lpc_chip_15xx\Debug\liblpc_chip_15xx.a(chip_15xx.o)
 .debug_ranges  0x00000240      0x118 C:\Users\RometKalpus\Documents\MCUXpressoIDE_10.0.2_411\workspace\lpc_chip_15xx\Debug\liblpc_chip_15xx.a(clock_15xx.o)
 .debug_ranges  0x00000358       0x60 C:\Users\RometKalpus\Documents\MCUXpressoIDE_10.0.2_411\workspace\lpc_chip_15xx\Debug\liblpc_chip_15xx.a(gpio_15xx.o)
 .debug_ranges  0x000003b8       0x18 C:\Users\RometKalpus\Documents\MCUXpressoIDE_10.0.2_411\workspace\lpc_chip_15xx\Debug\liblpc_chip_15xx.a(iocon_15xx.o)
 .debug_ranges  0x000003d0       0xc8 C:\Users\RometKalpus\Documents\MCUXpressoIDE_10.0.2_411\workspace\lpc_chip_15xx\Debug\liblpc_chip_15xx.a(spi_15xx.o)
 .debug_ranges  0x00000498       0x30 C:\Users\RometKalpus\Documents\MCUXpressoIDE_10.0.2_411\workspace\lpc_chip_15xx\Debug\liblpc_chip_15xx.a(swm_15xx.o)
 .debug_ranges  0x000004c8       0x40 C:\Users\RometKalpus\Documents\MCUXpressoIDE_10.0.2_411\workspace\lpc_chip_15xx\Debug\liblpc_chip_15xx.a(sysctl_15xx.o)
 .debug_ranges  0x00000508       0x48 C:\Users\RometKalpus\Documents\MCUXpressoIDE_10.0.2_411\workspace\lpc_chip_15xx\Debug\liblpc_chip_15xx.a(sysinit_15xx.o)
 .debug_ranges  0x00000550       0xb8 C:\Users\RometKalpus\Documents\MCUXpressoIDE_10.0.2_411\workspace\lpc_chip_15xx\Debug\liblpc_chip_15xx.a(uart_15xx.o)

.debug_macro    0x00000000     0x539a
 .debug_macro   0x00000000      0x3ea ./src/LoRa_transciever.o
 .debug_macro   0x000003ea       0x34 ./src/LoRa_transciever.o
 .debug_macro   0x0000041e       0x52 ./src/LoRa_transciever.o
 .debug_macro   0x00000470       0x35 ./src/LoRa_transciever.o
 .debug_macro   0x000004a5       0x9c ./src/LoRa_transciever.o
 .debug_macro   0x00000541       0x16 ./src/LoRa_transciever.o
 .debug_macro   0x00000557       0x97 ./src/LoRa_transciever.o
 .debug_macro   0x000005ee      0x337 ./src/LoRa_transciever.o
 .debug_macro   0x00000925      0x104 ./src/LoRa_transciever.o
 .debug_macro   0x00000a29       0x10 ./src/LoRa_transciever.o
 .debug_macro   0x00000a39       0x52 ./src/LoRa_transciever.o
 .debug_macro   0x00000a8b       0x1f ./src/LoRa_transciever.o
 .debug_macro   0x00000aaa       0x43 ./src/LoRa_transciever.o
 .debug_macro   0x00000aed       0x20 ./src/LoRa_transciever.o
 .debug_macro   0x00000b0d      0x187 ./src/LoRa_transciever.o
 .debug_macro   0x00000c94       0x10 ./src/LoRa_transciever.o
 .debug_macro   0x00000ca4       0xb6 ./src/LoRa_transciever.o
 .debug_macro   0x00000d5a       0x16 ./src/LoRa_transciever.o
 .debug_macro   0x00000d70      0x145 ./src/LoRa_transciever.o
 .debug_macro   0x00000eb5       0x20 ./src/LoRa_transciever.o
 .debug_macro   0x00000ed5       0x82 ./src/LoRa_transciever.o
 .debug_macro   0x00000f57       0x40 ./src/LoRa_transciever.o
 .debug_macro   0x00000f97      0x12d ./src/LoRa_transciever.o
 .debug_macro   0x000010c4       0xaf ./src/LoRa_transciever.o
 .debug_macro   0x00001173       0x12 ./src/LoRa_transciever.o
 .debug_macro   0x00001185       0x1f ./src/LoRa_transciever.o
 .debug_macro   0x000011a4      0x345 ./src/LoRa_transciever.o
 .debug_macro   0x000014e9       0x79 ./src/LoRa_transciever.o
 .debug_macro   0x00001562       0x69 ./src/LoRa_transciever.o
 .debug_macro   0x000015cb       0x23 ./src/cr_startup_lpc15xx.o
 .debug_macro   0x000015ee      0x36c ./src/sysinit.o
 .debug_macro   0x0000195a       0x22 ./src/sysinit.o
 .debug_macro   0x0000197c      0xa7d ./src/sysinit.o
 .debug_macro   0x000023f9       0x9c ./src/sysinit.o
 .debug_macro   0x00002495       0x97 ./src/sysinit.o
 .debug_macro   0x0000252c      0x30d ./src/sysinit.o
 .debug_macro   0x00002839       0xfd ./src/sysinit.o
 .debug_macro   0x00002936       0x43 ./src/sysinit.o
 .debug_macro   0x00002979      0x3db C:\Users\RometKalpus\Documents\MCUXpressoIDE_10.0.2_411\workspace\lpc_board_nxp_lpcxpresso_1549\Debug\liblpc_board_nxp_lpcxpresso_1549.a(board.o)
 .debug_macro   0x00002d54      0x88c C:\Users\RometKalpus\Documents\MCUXpressoIDE_10.0.2_411\workspace\lpc_board_nxp_lpcxpresso_1549\Debug\liblpc_board_nxp_lpcxpresso_1549.a(board.o)
 .debug_macro   0x000035e0       0x87 C:\Users\RometKalpus\Documents\MCUXpressoIDE_10.0.2_411\workspace\lpc_board_nxp_lpcxpresso_1549\Debug\liblpc_board_nxp_lpcxpresso_1549.a(board.o)
 .debug_macro   0x00003667       0x1c C:\Users\RometKalpus\Documents\MCUXpressoIDE_10.0.2_411\workspace\lpc_board_nxp_lpcxpresso_1549\Debug\liblpc_board_nxp_lpcxpresso_1549.a(board.o)
 .debug_macro   0x00003683       0x52 C:\Users\RometKalpus\Documents\MCUXpressoIDE_10.0.2_411\workspace\lpc_board_nxp_lpcxpresso_1549\Debug\liblpc_board_nxp_lpcxpresso_1549.a(board.o)
 .debug_macro   0x000036d5       0x40 C:\Users\RometKalpus\Documents\MCUXpressoIDE_10.0.2_411\workspace\lpc_board_nxp_lpcxpresso_1549\Debug\liblpc_board_nxp_lpcxpresso_1549.a(board.o)
 .debug_macro   0x00003715       0x10 C:\Users\RometKalpus\Documents\MCUXpressoIDE_10.0.2_411\workspace\lpc_board_nxp_lpcxpresso_1549\Debug\liblpc_board_nxp_lpcxpresso_1549.a(board.o)
 .debug_macro   0x00003725       0x40 C:\Users\RometKalpus\Documents\MCUXpressoIDE_10.0.2_411\workspace\lpc_board_nxp_lpcxpresso_1549\Debug\liblpc_board_nxp_lpcxpresso_1549.a(board.o)
 .debug_macro   0x00003765       0xd7 C:\Users\RometKalpus\Documents\MCUXpressoIDE_10.0.2_411\workspace\lpc_board_nxp_lpcxpresso_1549\Debug\liblpc_board_nxp_lpcxpresso_1549.a(board.o)
 .debug_macro   0x0000383c      0x18b C:\Users\RometKalpus\Documents\MCUXpressoIDE_10.0.2_411\workspace\lpc_board_nxp_lpcxpresso_1549\Debug\liblpc_board_nxp_lpcxpresso_1549.a(board.o)
 .debug_macro   0x000039c7       0x12 C:\Users\RometKalpus\Documents\MCUXpressoIDE_10.0.2_411\workspace\lpc_board_nxp_lpcxpresso_1549\Debug\liblpc_board_nxp_lpcxpresso_1549.a(board.o)
 .debug_macro   0x000039d9      0x3f2 C:\Users\RometKalpus\Documents\MCUXpressoIDE_10.0.2_411\workspace\lpc_board_nxp_lpcxpresso_1549\Debug\liblpc_board_nxp_lpcxpresso_1549.a(board_sysinit.o)
 .debug_macro   0x00003dcb       0x16 C:\Users\RometKalpus\Documents\MCUXpressoIDE_10.0.2_411\workspace\lpc_board_nxp_lpcxpresso_1549\Debug\liblpc_board_nxp_lpcxpresso_1549.a(board_sysinit.o)
 .debug_macro   0x00003de1       0x35 C:\Users\RometKalpus\Documents\MCUXpressoIDE_10.0.2_411\workspace\lpc_board_nxp_lpcxpresso_1549\Debug\liblpc_board_nxp_lpcxpresso_1549.a(board_sysinit.o)
 .debug_macro   0x00003e16      0x260 C:\Users\RometKalpus\Documents\MCUXpressoIDE_10.0.2_411\workspace\lpc_chip_15xx\Debug\liblpc_chip_15xx.a(chip_15xx.o)
 .debug_macro   0x00004076      0x260 C:\Users\RometKalpus\Documents\MCUXpressoIDE_10.0.2_411\workspace\lpc_chip_15xx\Debug\liblpc_chip_15xx.a(clock_15xx.o)
 .debug_macro   0x000042d6      0x260 C:\Users\RometKalpus\Documents\MCUXpressoIDE_10.0.2_411\workspace\lpc_chip_15xx\Debug\liblpc_chip_15xx.a(gpio_15xx.o)
 .debug_macro   0x00004536      0x260 C:\Users\RometKalpus\Documents\MCUXpressoIDE_10.0.2_411\workspace\lpc_chip_15xx\Debug\liblpc_chip_15xx.a(iocon_15xx.o)
 .debug_macro   0x00004796      0x260 C:\Users\RometKalpus\Documents\MCUXpressoIDE_10.0.2_411\workspace\lpc_chip_15xx\Debug\liblpc_chip_15xx.a(spi_15xx.o)
 .debug_macro   0x000049f6      0x26c C:\Users\RometKalpus\Documents\MCUXpressoIDE_10.0.2_411\workspace\lpc_chip_15xx\Debug\liblpc_chip_15xx.a(swm_15xx.o)
 .debug_macro   0x00004c62      0x278 C:\Users\RometKalpus\Documents\MCUXpressoIDE_10.0.2_411\workspace\lpc_chip_15xx\Debug\liblpc_chip_15xx.a(sysctl_15xx.o)
 .debug_macro   0x00004eda      0x260 C:\Users\RometKalpus\Documents\MCUXpressoIDE_10.0.2_411\workspace\lpc_chip_15xx\Debug\liblpc_chip_15xx.a(sysinit_15xx.o)
 .debug_macro   0x0000513a      0x260 C:\Users\RometKalpus\Documents\MCUXpressoIDE_10.0.2_411\workspace\lpc_chip_15xx\Debug\liblpc_chip_15xx.a(uart_15xx.o)

.debug_line     0x00000000     0x5713
 .debug_line    0x00000000      0x830 ./src/LoRa_transciever.o
 .debug_line    0x00000830       0xd5 ./src/cr_startup_lpc15xx.o
 .debug_line    0x00000905      0x628 ./src/sysinit.o
 .debug_line    0x00000f2d      0x8c4 C:\Users\RometKalpus\Documents\MCUXpressoIDE_10.0.2_411\workspace\lpc_board_nxp_lpcxpresso_1549\Debug\liblpc_board_nxp_lpcxpresso_1549.a(board.o)
 .debug_line    0x000017f1      0x78b C:\Users\RometKalpus\Documents\MCUXpressoIDE_10.0.2_411\workspace\lpc_board_nxp_lpcxpresso_1549\Debug\liblpc_board_nxp_lpcxpresso_1549.a(board_sysinit.o)
 .debug_line    0x00001f7c      0x588 C:\Users\RometKalpus\Documents\MCUXpressoIDE_10.0.2_411\workspace\lpc_chip_15xx\Debug\liblpc_chip_15xx.a(chip_15xx.o)
 .debug_line    0x00002504      0x7dc C:\Users\RometKalpus\Documents\MCUXpressoIDE_10.0.2_411\workspace\lpc_chip_15xx\Debug\liblpc_chip_15xx.a(clock_15xx.o)
 .debug_line    0x00002ce0      0x5e0 C:\Users\RometKalpus\Documents\MCUXpressoIDE_10.0.2_411\workspace\lpc_chip_15xx\Debug\liblpc_chip_15xx.a(gpio_15xx.o)
 .debug_line    0x000032c0      0x528 C:\Users\RometKalpus\Documents\MCUXpressoIDE_10.0.2_411\workspace\lpc_chip_15xx\Debug\liblpc_chip_15xx.a(iocon_15xx.o)
 .debug_line    0x000037e8      0x78f C:\Users\RometKalpus\Documents\MCUXpressoIDE_10.0.2_411\workspace\lpc_chip_15xx\Debug\liblpc_chip_15xx.a(spi_15xx.o)
 .debug_line    0x00003f77      0x553 C:\Users\RometKalpus\Documents\MCUXpressoIDE_10.0.2_411\workspace\lpc_chip_15xx\Debug\liblpc_chip_15xx.a(swm_15xx.o)
 .debug_line    0x000044ca      0x58a C:\Users\RometKalpus\Documents\MCUXpressoIDE_10.0.2_411\workspace\lpc_chip_15xx\Debug\liblpc_chip_15xx.a(sysctl_15xx.o)
 .debug_line    0x00004a54      0x5bd C:\Users\RometKalpus\Documents\MCUXpressoIDE_10.0.2_411\workspace\lpc_chip_15xx\Debug\liblpc_chip_15xx.a(sysinit_15xx.o)
 .debug_line    0x00005011      0x702 C:\Users\RometKalpus\Documents\MCUXpressoIDE_10.0.2_411\workspace\lpc_chip_15xx\Debug\liblpc_chip_15xx.a(uart_15xx.o)

.debug_str      0x00000000    0x1996e
 .debug_str     0x00000000    0x16cdb ./src/LoRa_transciever.o
                              0x16feb (size before relaxing)
 .debug_str     0x00016cdb      0x1de ./src/cr_startup_lpc15xx.o
                               0x29f3 (size before relaxing)
 .debug_str     0x00016eb9      0x281 ./src/sysinit.o
                              0x11b81 (size before relaxing)
 .debug_str     0x0001713a      0xe59 C:\Users\RometKalpus\Documents\MCUXpressoIDE_10.0.2_411\workspace\lpc_board_nxp_lpcxpresso_1549\Debug\liblpc_board_nxp_lpcxpresso_1549.a(board.o)
                              0x12fd7 (size before relaxing)
 .debug_str     0x00017f93      0x53a C:\Users\RometKalpus\Documents\MCUXpressoIDE_10.0.2_411\workspace\lpc_board_nxp_lpcxpresso_1549\Debug\liblpc_board_nxp_lpcxpresso_1549.a(board_sysinit.o)
                              0x135f1 (size before relaxing)
 .debug_str     0x000184cd       0xd2 C:\Users\RometKalpus\Documents\MCUXpressoIDE_10.0.2_411\workspace\lpc_chip_15xx\Debug\liblpc_chip_15xx.a(chip_15xx.o)
                               0xf43d (size before relaxing)
 .debug_str     0x0001859f      0x64e C:\Users\RometKalpus\Documents\MCUXpressoIDE_10.0.2_411\workspace\lpc_chip_15xx\Debug\liblpc_chip_15xx.a(clock_15xx.o)
                               0xf848 (size before relaxing)
 .debug_str     0x00018bed       0xdf C:\Users\RometKalpus\Documents\MCUXpressoIDE_10.0.2_411\workspace\lpc_chip_15xx\Debug\liblpc_chip_15xx.a(gpio_15xx.o)
                               0xeeea (size before relaxing)
 .debug_str     0x00018ccc       0x41 C:\Users\RometKalpus\Documents\MCUXpressoIDE_10.0.2_411\workspace\lpc_chip_15xx\Debug\liblpc_chip_15xx.a(iocon_15xx.o)
                               0xea07 (size before relaxing)
 .debug_str     0x00018d0d      0x22d C:\Users\RometKalpus\Documents\MCUXpressoIDE_10.0.2_411\workspace\lpc_chip_15xx\Debug\liblpc_chip_15xx.a(spi_15xx.o)
                               0xf24f (size before relaxing)
 .debug_str     0x00018f3a      0x55d C:\Users\RometKalpus\Documents\MCUXpressoIDE_10.0.2_411\workspace\lpc_chip_15xx\Debug\liblpc_chip_15xx.a(swm_15xx.o)
                               0xf40f (size before relaxing)
 .debug_str     0x00019497      0x183 C:\Users\RometKalpus\Documents\MCUXpressoIDE_10.0.2_411\workspace\lpc_chip_15xx\Debug\liblpc_chip_15xx.a(sysctl_15xx.o)
                               0xeef5 (size before relaxing)
 .debug_str     0x0001961a      0x13f C:\Users\RometKalpus\Documents\MCUXpressoIDE_10.0.2_411\workspace\lpc_chip_15xx\Debug\liblpc_chip_15xx.a(sysinit_15xx.o)
                               0xeee3 (size before relaxing)
 .debug_str     0x00019759      0x215 C:\Users\RometKalpus\Documents\MCUXpressoIDE_10.0.2_411\workspace\lpc_chip_15xx\Debug\liblpc_chip_15xx.a(uart_15xx.o)
                               0xf046 (size before relaxing)

.comment        0x00000000       0x6e
 .comment       0x00000000       0x6e ./src/LoRa_transciever.o
                                 0x6f (size before relaxing)
 .comment       0x0000006e       0x6f ./src/cr_startup_lpc15xx.o
 .comment       0x0000006e       0x6f ./src/sysinit.o
 .comment       0x0000006e       0x6f C:\Users\RometKalpus\Documents\MCUXpressoIDE_10.0.2_411\workspace\lpc_board_nxp_lpcxpresso_1549\Debug\liblpc_board_nxp_lpcxpresso_1549.a(board.o)
 .comment       0x0000006e       0x6f C:\Users\RometKalpus\Documents\MCUXpressoIDE_10.0.2_411\workspace\lpc_board_nxp_lpcxpresso_1549\Debug\liblpc_board_nxp_lpcxpresso_1549.a(board_sysinit.o)
 .comment       0x0000006e       0x6f C:\Users\RometKalpus\Documents\MCUXpressoIDE_10.0.2_411\workspace\lpc_chip_15xx\Debug\liblpc_chip_15xx.a(chip_15xx.o)
 .comment       0x0000006e       0x6f C:\Users\RometKalpus\Documents\MCUXpressoIDE_10.0.2_411\workspace\lpc_chip_15xx\Debug\liblpc_chip_15xx.a(clock_15xx.o)
 .comment       0x0000006e       0x6f C:\Users\RometKalpus\Documents\MCUXpressoIDE_10.0.2_411\workspace\lpc_chip_15xx\Debug\liblpc_chip_15xx.a(gpio_15xx.o)
 .comment       0x0000006e       0x6f C:\Users\RometKalpus\Documents\MCUXpressoIDE_10.0.2_411\workspace\lpc_chip_15xx\Debug\liblpc_chip_15xx.a(iocon_15xx.o)
 .comment       0x0000006e       0x6f C:\Users\RometKalpus\Documents\MCUXpressoIDE_10.0.2_411\workspace\lpc_chip_15xx\Debug\liblpc_chip_15xx.a(spi_15xx.o)
 .comment       0x0000006e       0x6f C:\Users\RometKalpus\Documents\MCUXpressoIDE_10.0.2_411\workspace\lpc_chip_15xx\Debug\liblpc_chip_15xx.a(swm_15xx.o)
 .comment       0x0000006e       0x6f C:\Users\RometKalpus\Documents\MCUXpressoIDE_10.0.2_411\workspace\lpc_chip_15xx\Debug\liblpc_chip_15xx.a(sysctl_15xx.o)
 .comment       0x0000006e       0x6f C:\Users\RometKalpus\Documents\MCUXpressoIDE_10.0.2_411\workspace\lpc_chip_15xx\Debug\liblpc_chip_15xx.a(sysinit_15xx.o)
 .comment       0x0000006e       0x6f C:\Users\RometKalpus\Documents\MCUXpressoIDE_10.0.2_411\workspace\lpc_chip_15xx\Debug\liblpc_chip_15xx.a(uart_15xx.o)

.ARM.attributes
                0x00000000       0x31
 .ARM.attributes
                0x00000000       0x33 ./src/LoRa_transciever.o
 .ARM.attributes
                0x00000033       0x33 ./src/cr_startup_lpc15xx.o
 .ARM.attributes
                0x00000066       0x33 ./src/sysinit.o
 .ARM.attributes
                0x00000099       0x33 C:\Users\RometKalpus\Documents\MCUXpressoIDE_10.0.2_411\workspace\lpc_board_nxp_lpcxpresso_1549\Debug\liblpc_board_nxp_lpcxpresso_1549.a(board.o)
 .ARM.attributes
                0x000000cc       0x33 C:\Users\RometKalpus\Documents\MCUXpressoIDE_10.0.2_411\workspace\lpc_board_nxp_lpcxpresso_1549\Debug\liblpc_board_nxp_lpcxpresso_1549.a(board_sysinit.o)
 .ARM.attributes
                0x000000ff       0x33 C:\Users\RometKalpus\Documents\MCUXpressoIDE_10.0.2_411\workspace\lpc_chip_15xx\Debug\liblpc_chip_15xx.a(chip_15xx.o)
 .ARM.attributes
                0x00000132       0x33 C:\Users\RometKalpus\Documents\MCUXpressoIDE_10.0.2_411\workspace\lpc_chip_15xx\Debug\liblpc_chip_15xx.a(clock_15xx.o)
 .ARM.attributes
                0x00000165       0x33 C:\Users\RometKalpus\Documents\MCUXpressoIDE_10.0.2_411\workspace\lpc_chip_15xx\Debug\liblpc_chip_15xx.a(gpio_15xx.o)
 .ARM.attributes
                0x00000198       0x33 C:\Users\RometKalpus\Documents\MCUXpressoIDE_10.0.2_411\workspace\lpc_chip_15xx\Debug\liblpc_chip_15xx.a(iocon_15xx.o)
 .ARM.attributes
                0x000001cb       0x33 C:\Users\RometKalpus\Documents\MCUXpressoIDE_10.0.2_411\workspace\lpc_chip_15xx\Debug\liblpc_chip_15xx.a(spi_15xx.o)
 .ARM.attributes
                0x000001fe       0x33 C:\Users\RometKalpus\Documents\MCUXpressoIDE_10.0.2_411\workspace\lpc_chip_15xx\Debug\liblpc_chip_15xx.a(swm_15xx.o)
 .ARM.attributes
                0x00000231       0x33 C:\Users\RometKalpus\Documents\MCUXpressoIDE_10.0.2_411\workspace\lpc_chip_15xx\Debug\liblpc_chip_15xx.a(sysctl_15xx.o)
 .ARM.attributes
                0x00000264       0x33 C:\Users\RometKalpus\Documents\MCUXpressoIDE_10.0.2_411\workspace\lpc_chip_15xx\Debug\liblpc_chip_15xx.a(sysinit_15xx.o)
 .ARM.attributes
                0x00000297       0x33 C:\Users\RometKalpus\Documents\MCUXpressoIDE_10.0.2_411\workspace\lpc_chip_15xx\Debug\liblpc_chip_15xx.a(uart_15xx.o)
 .ARM.attributes
                0x000002ca       0x1d c:/nxp/mcuxpressoide_10.0.2_411/ide/tools/bin/../lib/gcc/arm-none-eabi/5.4.1/armv7-m\libgcc.a(_aeabi_uldivmod.o)
 .ARM.attributes
                0x000002e7       0x2d c:/nxp/mcuxpressoide_10.0.2_411/ide/tools/bin/../lib/gcc/arm-none-eabi/5.4.1/armv7-m\libgcc.a(_udivmoddi4.o)
 .ARM.attributes
                0x00000314       0x1d c:/nxp/mcuxpressoide_10.0.2_411/ide/tools/bin/../lib/gcc/arm-none-eabi/5.4.1/armv7-m\libgcc.a(_dvmd_tls.o)
 .ARM.attributes
                0x00000331       0x2d c:/nxp/mcuxpressoide_10.0.2_411/ide/tools/bin/../lib/gcc/arm-none-eabi/5.4.1/../../../../arm-none-eabi/lib/armv7-m\libc.a(lib_a-init.o)
 .ARM.attributes
                0x0000035e       0x1d c:/nxp/mcuxpressoide_10.0.2_411/ide/tools/bin/../lib/gcc/arm-none-eabi/5.4.1/armv7-m\crti.o
 .ARM.attributes
                0x0000037b       0x1d c:/nxp/mcuxpressoide_10.0.2_411/ide/tools/bin/../lib/gcc/arm-none-eabi/5.4.1/armv7-m\crtn.o
 .ARM.attributes
                0x00000398       0x2d c:/nxp/mcuxpressoide_10.0.2_411/ide/tools/bin/../lib/gcc/arm-none-eabi/5.4.1/armv7-m\crtbegin.o

.debug_frame    0x00000000     0x1a14
 .debug_frame   0x00000000      0x174 ./src/LoRa_transciever.o
 .debug_frame   0x00000174      0x170 ./src/cr_startup_lpc15xx.o
 .debug_frame   0x000002e4       0x2c ./src/sysinit.o
 .debug_frame   0x00000310      0x360 C:\Users\RometKalpus\Documents\MCUXpressoIDE_10.0.2_411\workspace\lpc_board_nxp_lpcxpresso_1549\Debug\liblpc_board_nxp_lpcxpresso_1549.a(board.o)
 .debug_frame   0x00000670      0x14c C:\Users\RometKalpus\Documents\MCUXpressoIDE_10.0.2_411\workspace\lpc_board_nxp_lpcxpresso_1549\Debug\liblpc_board_nxp_lpcxpresso_1549.a(board_sysinit.o)
 .debug_frame   0x000007bc      0x104 C:\Users\RometKalpus\Documents\MCUXpressoIDE_10.0.2_411\workspace\lpc_chip_15xx\Debug\liblpc_chip_15xx.a(chip_15xx.o)
 .debug_frame   0x000008c0      0x4b0 C:\Users\RometKalpus\Documents\MCUXpressoIDE_10.0.2_411\workspace\lpc_chip_15xx\Debug\liblpc_chip_15xx.a(clock_15xx.o)
 .debug_frame   0x00000d70      0x1b4 C:\Users\RometKalpus\Documents\MCUXpressoIDE_10.0.2_411\workspace\lpc_chip_15xx\Debug\liblpc_chip_15xx.a(gpio_15xx.o)
 .debug_frame   0x00000f24       0x5c C:\Users\RometKalpus\Documents\MCUXpressoIDE_10.0.2_411\workspace\lpc_chip_15xx\Debug\liblpc_chip_15xx.a(iocon_15xx.o)
 .debug_frame   0x00000f80      0x3a0 C:\Users\RometKalpus\Documents\MCUXpressoIDE_10.0.2_411\workspace\lpc_chip_15xx\Debug\liblpc_chip_15xx.a(spi_15xx.o)
 .debug_frame   0x00001320       0xd4 C:\Users\RometKalpus\Documents\MCUXpressoIDE_10.0.2_411\workspace\lpc_chip_15xx\Debug\liblpc_chip_15xx.a(swm_15xx.o)
 .debug_frame   0x000013f4      0x124 C:\Users\RometKalpus\Documents\MCUXpressoIDE_10.0.2_411\workspace\lpc_chip_15xx\Debug\liblpc_chip_15xx.a(sysctl_15xx.o)
 .debug_frame   0x00001518      0x12c C:\Users\RometKalpus\Documents\MCUXpressoIDE_10.0.2_411\workspace\lpc_chip_15xx\Debug\liblpc_chip_15xx.a(sysinit_15xx.o)
 .debug_frame   0x00001644      0x340 C:\Users\RometKalpus\Documents\MCUXpressoIDE_10.0.2_411\workspace\lpc_chip_15xx\Debug\liblpc_chip_15xx.a(uart_15xx.o)
 .debug_frame   0x00001984       0x2c c:/nxp/mcuxpressoide_10.0.2_411/ide/tools/bin/../lib/gcc/arm-none-eabi/5.4.1/armv7-m\libgcc.a(_aeabi_uldivmod.o)
 .debug_frame   0x000019b0       0x38 c:/nxp/mcuxpressoide_10.0.2_411/ide/tools/bin/../lib/gcc/arm-none-eabi/5.4.1/armv7-m\libgcc.a(_udivmoddi4.o)
 .debug_frame   0x000019e8       0x2c c:/nxp/mcuxpressoide_10.0.2_411/ide/tools/bin/../lib/gcc/arm-none-eabi/5.4.1/../../../../arm-none-eabi/lib/armv7-m\libc.a(lib_a-init.o)
