Archive member included to satisfy reference by file (symbol)

C:\Users\akai__000\Documents\MCUXpressoIDE_10.0.2_411\workspace\lpc_board_nxp_lpcxpresso_1549\Debug\liblpc_board_nxp_lpcxpresso_1549.a(board.o)
                              ./src/LoRaSPI.o (Board_LED_Set)
C:\Users\akai__000\Documents\MCUXpressoIDE_10.0.2_411\workspace\lpc_board_nxp_lpcxpresso_1549\Debug\liblpc_board_nxp_lpcxpresso_1549.a(board_sysinit.o)
                              ./src/sysinit.o (Board_SystemInit)
C:\Users\akai__000\Documents\MCUXpressoIDE_10.0.2_411\workspace\lpc_chip_15xx\Debug\liblpc_chip_15xx.a(chip_15xx.o)
                              ./src/LoRa_Transmitter.o (SystemCoreClockUpdate)
C:\Users\akai__000\Documents\MCUXpressoIDE_10.0.2_411\workspace\lpc_chip_15xx\Debug\liblpc_chip_15xx.a(clock_15xx.o)
                              C:\Users\akai__000\Documents\MCUXpressoIDE_10.0.2_411\workspace\lpc_board_nxp_lpcxpresso_1549\Debug\liblpc_board_nxp_lpcxpresso_1549.a(board.o) (Chip_Clock_GetMainClockRate)
C:\Users\akai__000\Documents\MCUXpressoIDE_10.0.2_411\workspace\lpc_chip_15xx\Debug\liblpc_chip_15xx.a(gpio_15xx.o)
                              C:\Users\akai__000\Documents\MCUXpressoIDE_10.0.2_411\workspace\lpc_board_nxp_lpcxpresso_1549\Debug\liblpc_board_nxp_lpcxpresso_1549.a(board.o) (Chip_GPIO_Init)
C:\Users\akai__000\Documents\MCUXpressoIDE_10.0.2_411\workspace\lpc_chip_15xx\Debug\liblpc_chip_15xx.a(i2c_common_15xx.o)
                              ./src/TempI2C.o (Chip_I2C_Init)
C:\Users\akai__000\Documents\MCUXpressoIDE_10.0.2_411\workspace\lpc_chip_15xx\Debug\liblpc_chip_15xx.a(i2cm_15xx.o)
                              ./src/TempI2C.o (Chip_I2CM_SetBusSpeed)
C:\Users\akai__000\Documents\MCUXpressoIDE_10.0.2_411\workspace\lpc_chip_15xx\Debug\liblpc_chip_15xx.a(iocon_15xx.o)
                              C:\Users\akai__000\Documents\MCUXpressoIDE_10.0.2_411\workspace\lpc_board_nxp_lpcxpresso_1549\Debug\liblpc_board_nxp_lpcxpresso_1549.a(board_sysinit.o) (Chip_IOCON_SetPinMuxing)
C:\Users\akai__000\Documents\MCUXpressoIDE_10.0.2_411\workspace\lpc_chip_15xx\Debug\liblpc_chip_15xx.a(sct_15xx.o)
                              ./src/LoRa_Transmitter.o (Chip_SCT_Init)
C:\Users\akai__000\Documents\MCUXpressoIDE_10.0.2_411\workspace\lpc_chip_15xx\Debug\liblpc_chip_15xx.a(spi_15xx.o)
                              ./src/LoRaSPI.o (Chip_SPI_SetConfig)
C:\Users\akai__000\Documents\MCUXpressoIDE_10.0.2_411\workspace\lpc_chip_15xx\Debug\liblpc_chip_15xx.a(swm_15xx.o)
                              ./src/LoRaSPI.o (Chip_SWM_MovablePinAssign)
C:\Users\akai__000\Documents\MCUXpressoIDE_10.0.2_411\workspace\lpc_chip_15xx\Debug\liblpc_chip_15xx.a(sysctl_15xx.o)
                              C:\Users\akai__000\Documents\MCUXpressoIDE_10.0.2_411\workspace\lpc_board_nxp_lpcxpresso_1549\Debug\liblpc_board_nxp_lpcxpresso_1549.a(board_sysinit.o) (Chip_SYSCTL_AssertPeriphReset)
C:\Users\akai__000\Documents\MCUXpressoIDE_10.0.2_411\workspace\lpc_chip_15xx\Debug\liblpc_chip_15xx.a(sysinit_15xx.o)
                              C:\Users\akai__000\Documents\MCUXpressoIDE_10.0.2_411\workspace\lpc_board_nxp_lpcxpresso_1549\Debug\liblpc_board_nxp_lpcxpresso_1549.a(board_sysinit.o) (Chip_SetupXtalClocking)
C:\Users\akai__000\Documents\MCUXpressoIDE_10.0.2_411\workspace\lpc_chip_15xx\Debug\liblpc_chip_15xx.a(uart_15xx.o)
                              C:\Users\akai__000\Documents\MCUXpressoIDE_10.0.2_411\workspace\lpc_board_nxp_lpcxpresso_1549\Debug\liblpc_board_nxp_lpcxpresso_1549.a(board.o) (Chip_UART_Init)
C:\Users\akai__000\Documents\MCUXpressoIDE_10.0.2_411\workspace\lpc_chip_15xx\Debug\liblpc_chip_15xx.a(ring_buffer.o)
                              C:\Users\akai__000\Documents\MCUXpressoIDE_10.0.2_411\workspace\lpc_chip_15xx\Debug\liblpc_chip_15xx.a(uart_15xx.o) (RingBuffer_Insert)
C:\Users\akai__000\Documents\MCUXpressoIDE_10.0.2_411\workspace\freertos\Debug\libfreertos.a(queue.o)
                              ./src/LoRa_Transmitter.o (xQueueGenericCreate)
C:\Users\akai__000\Documents\MCUXpressoIDE_10.0.2_411\workspace\freertos\Debug\libfreertos.a(tasks.o)
                              ./src/LoRa_Transmitter.o (xTaskGenericCreate)
C:\Users\akai__000\Documents\MCUXpressoIDE_10.0.2_411\workspace\freertos\Debug\libfreertos.a(FreeRTOSCommonHooks.o)
                              C:\Users\akai__000\Documents\MCUXpressoIDE_10.0.2_411\workspace\freertos\Debug\libfreertos.a(tasks.o) (vApplicationStackOverflowHook)
C:\Users\akai__000\Documents\MCUXpressoIDE_10.0.2_411\workspace\freertos\Debug\libfreertos.a(heap_3.o)
                              C:\Users\akai__000\Documents\MCUXpressoIDE_10.0.2_411\workspace\freertos\Debug\libfreertos.a(queue.o) (pvPortMalloc)
C:\Users\akai__000\Documents\MCUXpressoIDE_10.0.2_411\workspace\freertos\Debug\libfreertos.a(list.o)
                              C:\Users\akai__000\Documents\MCUXpressoIDE_10.0.2_411\workspace\freertos\Debug\libfreertos.a(queue.o) (vListInitialise)
[...]
Memory Configuration

Name             Origin             Length             Attributes
MFlash256        0x00000000         0x00040000         xr
Ram0_16          0x02000000         0x00004000         xrw
Ram1_16          0x02004000         0x00004000         xrw
Ram2_4           0x02008000         0x00001000         xrw
*default*        0x00000000         0xffffffff

Linker script and memory map

LOAD ./src/DigitalIoPin.o
LOAD ./src/LoRaSPI.o
LOAD ./src/LoRa_Transmitter.o
LOAD ./src/TempI2C.o
LOAD ./src/cr_cpp_config.o
LOAD ./src/cr_startup_lpc15xx.o
LOAD ./src/crp.o
LOAD ./src/sysinit.o
LOAD C:\Users\akai__000\Documents\MCUXpressoIDE_10.0.2_411\workspace\lpc_board_nxp_lpcxpresso_1549\Debug\liblpc_board_nxp_lpcxpresso_1549.a
LOAD C:\Users\akai__000\Documents\MCUXpressoIDE_10.0.2_411\workspace\lpc_chip_15xx\Debug\liblpc_chip_15xx.a
LOAD C:\Users\akai__000\Documents\MCUXpressoIDE_10.0.2_411\workspace\freertos\Debug\libfreertos.a
START GROUP
LOAD c:/programs/mcuxpresso/mcuxpressoide_10.0.2_411/ide/tools/bin/../lib/gcc/arm-none-eabi/5.4.1/armv7-m\libgcc.a
LOAD c:/programs/mcuxpresso/mcuxpressoide_10.0.2_411/ide/tools/bin/../lib/gcc/arm-none-eabi/5.4.1/../../../../arm-none-eabi/lib/armv7-m\libc.a
LOAD c:/programs/mcuxpresso/mcuxpressoide_10.0.2_411/ide/tools/bin/../lib/gcc/arm-none-eabi/5.4.1/../../../../arm-none-eabi/lib/armv7-m\libstdc++.a
LOAD c:/programs/mcuxpresso/mcuxpressoide_10.0.2_411/ide/tools/bin/../lib/gcc/arm-none-eabi/5.4.1/../../../../arm-none-eabi/lib/armv7-m\libm.a
LOAD c:/programs/mcuxpresso/mcuxpressoide_10.0.2_411/ide/tools/bin/../lib/gcc/arm-none-eabi/5.4.1/../../../../arm-none-eabi/lib/armv7-m\libcr_newlib_nohost.a
LOAD c:/programs/mcuxpresso/mcuxpressoide_10.0.2_411/ide/tools/bin/../lib/gcc/arm-none-eabi/5.4.1/armv7-m\crti.o
LOAD c:/programs/mcuxpresso/mcuxpressoide_10.0.2_411/ide/tools/bin/../lib/gcc/arm-none-eabi/5.4.1/armv7-m\crtn.o
LOAD c:/programs/mcuxpresso/mcuxpressoide_10.0.2_411/ide/tools/bin/../lib/gcc/arm-none-eabi/5.4.1/armv7-m\crtbegin.o
LOAD c:/programs/mcuxpresso/mcuxpressoide_10.0.2_411/ide/tools/bin/../lib/gcc/arm-none-eabi/5.4.1/armv7-m\crtend.o
END GROUP
                0x00000000                __base_MFlash256 = 0x0
                0x00000000                __base_Flash = 0x0
                0x00040000                __top_MFlash256 = 0x40000
                0x00040000                __top_Flash = 0x40000
                0x02000000                __base_Ram0_16 = 0x2000000
                0x02000000                __base_RAM = 0x2000000
                0x02004000                __top_Ram0_16 = 0x2004000
                0x02004000                __top_RAM = 0x2004000
                0x02004000                __base_Ram1_16 = 0x2004000
                0x02004000                __base_RAM2 = 0x2004000
                0x02008000                __top_Ram1_16 = 0x2008000
                0x02008000                __top_RAM2 = 0x2008000
                0x02008000                __base_Ram2_4 = 0x2008000
                0x02008000                __base_RAM3 = 0x2008000
                0x02009000                __top_Ram2_4 = 0x2009000
                0x02009000                __top_RAM3 = 0x2009000

.text           0x00000000     0x9590
 FILL mask 0xff
                0x00000000                __vectors_start__ = ABSOLUTE (.)
 *(.isr_vector)
 .isr_vector    0x00000000       0xfc ./src/cr_startup_lpc15xx.o
                0x00000000                g_pfnVectors
                0x000000fc                . = ALIGN (0x4)
                0x000000fc                __section_table_start = .
                0x000000fc                __data_section_table = .
                0x000000fc        0x4 LONG 0x9598 LOADADDR (.data)
                0x00000100        0x4 LONG 0x2000000 ADDR (.data)
                0x00000104        0x4 LONG 0x9b8 SIZEOF (.data)
                0x00000108        0x4 LONG 0x9598 LOADADDR (.data_RAM2)
                0x0000010c        0x4 LONG 0x2004000 ADDR (.data_RAM2)
                0x00000110        0x4 LONG 0x0 SIZEOF (.data_RAM2)
                0x00000114        0x4 LONG 0x9598 LOADADDR (.data_RAM3)
                0x00000118        0x4 LONG 0x2008000 ADDR (.data_RAM3)
                0x0000011c        0x4 LONG 0x0 SIZEOF (.data_RAM3)
                0x00000120                __data_section_table_end = .
                0x00000120                __bss_section_table = .
                0x00000120        0x4 LONG 0x20009b8 ADDR (.bss)
                0x00000124        0x4 LONG 0x1a4 SIZEOF (.bss)
                0x00000128        0x4 LONG 0x2004000 ADDR (.bss_RAM2)
                0x0000012c        0x4 LONG 0x0 SIZEOF (.bss_RAM2)
                0x00000130        0x4 LONG 0x2008000 ADDR (.bss_RAM3)
                0x00000134        0x4 LONG 0x0 SIZEOF (.bss_RAM3)
                0x00000138                __bss_section_table_end = .
                0x00000138                __section_table_end = .
 *(.after_vectors*)
 .after_vectors
                0x00000138      0x158 ./src/cr_startup_lpc15xx.o
                0x00000138                data_init(unsigned int, unsigned int, unsigned int)
                0x0000017c                bss_init(unsigned int, unsigned int)
                0x000001b4                ResetISR
                0x00000240                NMI_Handler
                0x00000248                HardFault_Handler
                0x00000250                MemManage_Handler
                0x00000258                BusFault_Handler
                0x00000260                UsageFault_Handler
                0x00000270                DebugMon_Handler
                0x00000288                UART1_IRQHandler
                0x00000288                RTC_WAKE_IRQHandler
                0x00000288                UART0_IRQHandler
                0x00000288                MRT_IRQHandler
                0x00000288                ADC1_THCMP_IRQHandler
                0x00000288                SPI1_IRQHandler
                0x00000288                PIN_INT6_IRQHandler
                0x00000288                IntDefaultHandler
                0x00000288                PIN_INT4_IRQHandler
                0x00000288                CAN_IRQHandler
                0x00000288                RTC_ALARM_IRQHandler
                0x00000288                ADC1B_IRQHandler
                0x00000288                ADC1_OVR_IRQHandler
                0x00000288                USBWakeup_IRQHandler
                0x00000288                UART2_IRQHandler
                0x00000288                ADC0_OVR_IRQHandler
                0x00000288                SCT1_IRQHandler
                0x00000288                PIN_INT2_IRQHandler
                0x00000288                USB_FIQHandler
                0x00000288                SCT3_IRQHandler
                0x00000288                PIN_INT7_IRQHandler
                0x00000288                I2C0_IRQHandler
                0x00000288                PIN_INT1_IRQHandler
                0x00000288                USB_IRQHandler
                0x00000288                BOD_IRQHandler
                0x00000288                ADC0B_IRQHandler
                0x00000288                ACMP0_IRQHandler
                0x00000288                RIT_IRQHandler
                0x00000288                SCT2_IRQHandler
                0x00000288                WDT_IRQHandler
                0x00000288                PIN_INT0_IRQHandler
                0x00000288                QEI_IRQHandler
                0x00000288                ACMP3_IRQHandler
                0x00000288                GINT0_IRQHandler
                0x00000288                DAC_IRQHandler
                0x00000288                SPI0_IRQHandler
                0x00000288                EEPROM_IRQHandler
                0x00000288                ACMP2_IRQHandler
                0x00000288                PIN_INT5_IRQHandler
                0x00000288                ADC1A_IRQHandler
                0x00000288                DMA_IRQHandler
                0x00000288                PIN_INT3_IRQHandler
                0x00000288                ACMP1_IRQHandler
                0x00000288                SCT0_IRQHandler
                0x00000288                ADC0A_IRQHandler
                0x00000288                FMC_IRQHandler
                0x00000288                GINT1_IRQHandler
                0x00000288                ADC0_THCMP_IRQHandler
 *(.text*)
 .text.Chip_IOCON_PinMuxSet
                0x00000290       0x2c ./src/DigitalIoPin.o
 .text.Chip_GPIO_GetPinState
                0x000002bc       0x34 ./src/DigitalIoPin.o
 .text.Chip_GPIO_SetPinDIROutput
                0x000002f0       0x3c ./src/DigitalIoPin.o
 .text.Chip_GPIO_SetPinDIRInput
                0x0000032c       0x40 ./src/DigitalIoPin.o
 .text._ZN12DigitalIoPinC2EiiNS_7pinModeEb
                0x0000036c       0xc0 ./src/DigitalIoPin.o
                0x0000036c                DigitalIoPin::DigitalIoPin(int, int, DigitalIoPin::pinMode, bool)
                0x0000036c                DigitalIoPin::DigitalIoPin(int, int, DigitalIoPin::pinMode, bool)
 .text._ZN12DigitalIoPinD2Ev
                0x0000042c       0x28 ./src/DigitalIoPin.o
                0x0000042c                DigitalIoPin::~DigitalIoPin()
                0x0000042c                DigitalIoPin::~DigitalIoPin()
 .text._ZN12DigitalIoPinD0Ev
                0x00000454       0x20 ./src/DigitalIoPin.o
                0x00000454                DigitalIoPin::~DigitalIoPin()
 .text._ZN12DigitalIoPin4readEv
                0x00000474       0x28 ./src/DigitalIoPin.o
                0x00000474                DigitalIoPin::read()
 .text.Chip_IOCON_PinMuxSet
                0x0000049c       0x2c ./src/LoRaSPI.o
 .text.Chip_GPIO_SetPinState
                0x000004c8       0x38 ./src/LoRaSPI.o
 .text.Chip_GPIO_SetPinDIROutput
                0x00000500       0x3c ./src/LoRaSPI.o
 .text.Chip_SPI_Enable
                0x0000053c       0x20 ./src/LoRaSPI.o
 *fill*         0x0000055c        0x4 ff
 .text._ZN7LoRaSPIC2ENS_13transreceiverE
                0x00000560       0x80 ./src/LoRaSPI.o
                0x00000560                LoRaSPI::LoRaSPI(LoRaSPI::transreceiver)
                0x00000560                LoRaSPI::LoRaSPI(LoRaSPI::transreceiver)
 .text._ZN7LoRaSPI15Init_SPI_PinMuxEv
                0x000005e0       0x70 ./src/LoRaSPI.o
                0x000005e0                LoRaSPI::Init_SPI_PinMux()
 .text._ZN7LoRaSPI14setupSpiMasterEv
                0x00000650       0x60 ./src/LoRaSPI.o
                0x00000650                LoRaSPI::setupSpiMaster()
 .text._ZN7LoRaSPI10setChannelEi
                0x000006b0       0xec ./src/LoRaSPI.o
                0x000006b0                LoRaSPI::setChannel(int)
 .text._ZN7LoRaSPI15configureModuleEv
                0x0000079c      0x324 ./src/LoRaSPI.o
                0x0000079c                LoRaSPI::configureModule()
 .text._ZN7LoRaSPI8errorSPIEv
                0x00000ac0       0x14 ./src/LoRaSPI.o
                0x00000ac0                LoRaSPI::errorSPI()
 .text._ZN7LoRaSPI8SpiInOutEt
                0x00000ad4       0x68 ./src/LoRaSPI.o
                0x00000ad4                LoRaSPI::SpiInOut(unsigned short)
 .text._ZN7LoRaSPI10readBufferEhPhh
                0x00000b3c       0x74 ./src/LoRaSPI.o
                0x00000b3c                LoRaSPI::readBuffer(unsigned char, unsigned char*, unsigned char)
 .text._ZN7LoRaSPI11writeBufferEhPhh
                0x00000bb0       0x70 ./src/LoRaSPI.o
                0x00000bb0                LoRaSPI::writeBuffer(unsigned char, unsigned char*, unsigned char)
 .text._ZN7LoRaSPI9writeFifoEPhh
                0x00000c20       0x24 ./src/LoRaSPI.o
                0x00000c20                LoRaSPI::writeFifo(unsigned char*, unsigned char)
 .text._ZN7LoRaSPI7readRegEh
                0x00000c44       0x24 ./src/LoRaSPI.o
                0x00000c44                LoRaSPI::readReg(unsigned char)
 .text._ZN7LoRaSPI8writeRegEhh
                0x00000c68       0x24 ./src/LoRaSPI.o
                0x00000c68                LoRaSPI::writeReg(unsigned char, unsigned char)
 .text.Chip_IOCON_PinMuxSet
                0x00000c8c       0x2c ./src/LoRa_Transmitter.o
 .text.Chip_GPIO_SetPinState
                0x00000cb8       0x38 ./src/LoRa_Transmitter.o
 .text.Chip_GPIO_SetPinDIROutput
                0x00000cf0       0x3c ./src/LoRa_Transmitter.o
 .text._ZL16prvSetupHardwarev
                0x00000d2c       0x18 ./src/LoRa_Transmitter.o
 .text.vConfigureTimerForRunTimeStats
                0x00000d44       0x20 ./src/LoRa_Transmitter.o
                0x00000d44                vConfigureTimerForRunTimeStats
 .text._ZL16vTransmitterTaskPv
                0x00000d64      0x1ec ./src/LoRa_Transmitter.o
 .text._ZL15vTempSensorTaskPv
                0x00000f50       0x34 ./src/LoRa_Transmitter.o
 .text._ZL12vHelpBtnTaskPv
                0x00000f84       0x54 ./src/LoRa_Transmitter.o
 .text._ZL14vBedSensorTaskPv
                0x00000fd8       0x50 ./src/LoRa_Transmitter.o
 .text.main     0x00001028       0xd4 ./src/LoRa_Transmitter.o
                0x00001028                main
 .text.Chip_IOCON_PinMuxSet
                0x000010fc       0x2c ./src/TempI2C.o
 .text.Chip_I2C_SetClockDiv
                0x00001128       0x34 ./src/TempI2C.o
 .text.Chip_I2CM_Enable
                0x0000115c       0x24 ./src/TempI2C.o
 .text.Chip_I2CM_IsMasterPending
                0x00001180       0x24 ./src/TempI2C.o
 .text._ZN7TempI2CC2Ei
                0x000011a4       0xac ./src/TempI2C.o
                0x000011a4                TempI2C::TempI2C(int)
                0x000011a4                TempI2C::TempI2C(int)
 .text._ZN7TempI2CD2Ev
                0x00001250       0x28 ./src/TempI2C.o
                0x00001250                TempI2C::~TempI2C()
                0x00001250                TempI2C::~TempI2C()
 .text._ZN7TempI2CD0Ev
                0x00001278       0x20 ./src/TempI2C.o
                0x00001278                TempI2C::~TempI2C()
 .text._ZN7TempI2C8I2CInOutEhPhtS0_t
                0x00001298       0x78 ./src/TempI2C.o
                0x00001298                TempI2C::I2CInOut(unsigned char, unsigned char*, unsigned short, unsigned char*, unsigned short)
 .text._ZN7TempI2C8readTempEv
                0x00001310       0x44 ./src/TempI2C.o
                0x00001310                TempI2C::readTemp()
 .text._ZdlPv   0x00001354       0x18 ./src/cr_cpp_config.o
                0x00001354                operator delete(void*)
 .text.SystemInit
                0x0000136c        0xc ./src/sysinit.o
                0x0000136c                SystemInit
 .text.Chip_IOCON_PinMuxSet
                0x00001378       0x2c C:\Users\akai__000\Documents\MCUXpressoIDE_10.0.2_411\workspace\lpc_board_nxp_lpcxpresso_1549\Debug\liblpc_board_nxp_lpcxpresso_1549.a(board.o)
 .text.Chip_SWM_MovablePortPinAssign
                0x000013a4       0x30 C:\Users\akai__000\Documents\MCUXpressoIDE_10.0.2_411\workspace\lpc_board_nxp_lpcxpresso_1549\Debug\liblpc_board_nxp_lpcxpresso_1549.a(board.o)
 .text.Chip_GPIO_SetPinState
                0x000013d4       0x38 C:\Users\akai__000\Documents\MCUXpressoIDE_10.0.2_411\workspace\lpc_board_nxp_lpcxpresso_1549\Debug\liblpc_board_nxp_lpcxpresso_1549.a(board.o)
 .text.Chip_GPIO_SetPinDIROutput
                0x0000140c       0x3c C:\Users\akai__000\Documents\MCUXpressoIDE_10.0.2_411\workspace\lpc_board_nxp_lpcxpresso_1549\Debug\liblpc_board_nxp_lpcxpresso_1549.a(board.o)
 .text.Chip_GPIO_SetPinToggle
                0x00001448       0x30 C:\Users\akai__000\Documents\MCUXpressoIDE_10.0.2_411\workspace\lpc_board_nxp_lpcxpresso_1549\Debug\liblpc_board_nxp_lpcxpresso_1549.a(board.o)
 .text.Chip_UART_Enable
                0x00001478       0x20 C:\Users\akai__000\Documents\MCUXpressoIDE_10.0.2_411\workspace\lpc_board_nxp_lpcxpresso_1549\Debug\liblpc_board_nxp_lpcxpresso_1549.a(board.o)
 .text.Chip_UART_TXEnable
                0x00001498       0x20 C:\Users\akai__000\Documents\MCUXpressoIDE_10.0.2_411\workspace\lpc_board_nxp_lpcxpresso_1549\Debug\liblpc_board_nxp_lpcxpresso_1549.a(board.o)
 .text.Chip_UART_ConfigData
                0x000014b8       0x28 C:\Users\akai__000\Documents\MCUXpressoIDE_10.0.2_411\workspace\lpc_board_nxp_lpcxpresso_1549\Debug\liblpc_board_nxp_lpcxpresso_1549.a(board.o)
 .text._write   0x000014e0       0x38 C:\Users\akai__000\Documents\MCUXpressoIDE_10.0.2_411\workspace\lpc_board_nxp_lpcxpresso_1549\Debug\liblpc_board_nxp_lpcxpresso_1549.a(board.o)
                0x000014e0                _write
 .text._read    0x00001518       0x48 C:\Users\akai__000\Documents\MCUXpressoIDE_10.0.2_411\workspace\lpc_board_nxp_lpcxpresso_1549\Debug\liblpc_board_nxp_lpcxpresso_1549.a(board.o)
                0x00001518                _read
 .text.Board_UARTPutChar
                0x00001560       0x24 C:\Users\akai__000\Documents\MCUXpressoIDE_10.0.2_411\workspace\lpc_board_nxp_lpcxpresso_1549\Debug\liblpc_board_nxp_lpcxpresso_1549.a(board.o)
                0x00001560                Board_UARTPutChar
 .text.Board_UARTGetChar
                0x00001584       0x2c C:\Users\akai__000\Documents\MCUXpressoIDE_10.0.2_411\workspace\lpc_board_nxp_lpcxpresso_1549\Debug\liblpc_board_nxp_lpcxpresso_1549.a(board.o)
                0x00001584                Board_UARTGetChar
 .text.Board_Debug_Init
                0x000015b0       0x70 C:\Users\akai__000\Documents\MCUXpressoIDE_10.0.2_411\workspace\lpc_board_nxp_lpcxpresso_1549\Debug\liblpc_board_nxp_lpcxpresso_1549.a(board.o)
                0x000015b0                Board_Debug_Init
 .text.Board_LED_Init
                0x00001620       0x5c C:\Users\akai__000\Documents\MCUXpressoIDE_10.0.2_411\workspace\lpc_board_nxp_lpcxpresso_1549\Debug\liblpc_board_nxp_lpcxpresso_1549.a(board.o)
 .text.Board_LED_Set
                0x0000167c       0x54 C:\Users\akai__000\Documents\MCUXpressoIDE_10.0.2_411\workspace\lpc_board_nxp_lpcxpresso_1549\Debug\liblpc_board_nxp_lpcxpresso_1549.a(board.o)
                0x0000167c                Board_LED_Set
 .text.Board_LED_Toggle
                0x000016d0       0x30 C:\Users\akai__000\Documents\MCUXpressoIDE_10.0.2_411\workspace\lpc_board_nxp_lpcxpresso_1549\Debug\liblpc_board_nxp_lpcxpresso_1549.a(board.o)
                0x000016d0                Board_LED_Toggle
 .text.Board_Init
                0x00001700       0x18 C:\Users\akai__000\Documents\MCUXpressoIDE_10.0.2_411\workspace\lpc_board_nxp_lpcxpresso_1549\Debug\liblpc_board_nxp_lpcxpresso_1549.a(board.o)
                0x00001700                Board_Init
 .text.Chip_SYSCTL_PeriphReset
                0x00001718       0x24 C:\Users\akai__000\Documents\MCUXpressoIDE_10.0.2_411\workspace\lpc_board_nxp_lpcxpresso_1549\Debug\liblpc_board_nxp_lpcxpresso_1549.a(board_sysinit.o)
 .text.Chip_Clock_SetUSBPLLSource
                0x0000173c       0x20 C:\Users\akai__000\Documents\MCUXpressoIDE_10.0.2_411\workspace\lpc_board_nxp_lpcxpresso_1549\Debug\liblpc_board_nxp_lpcxpresso_1549.a(board_sysinit.o)
 .text.Chip_Clock_SetupUSBPLL
                0x0000175c       0x34 C:\Users\akai__000\Documents\MCUXpressoIDE_10.0.2_411\workspace\lpc_board_nxp_lpcxpresso_1549\Debug\liblpc_board_nxp_lpcxpresso_1549.a(board_sysinit.o)
 .text.Chip_Clock_IsUSBPLLLocked
                0x00001790       0x24 C:\Users\akai__000\Documents\MCUXpressoIDE_10.0.2_411\workspace\lpc_board_nxp_lpcxpresso_1549\Debug\liblpc_board_nxp_lpcxpresso_1549.a(board_sysinit.o)
 .text.Chip_Clock_SetSysTickClockDiv
                0x000017b4       0x20 C:\Users\akai__000\Documents\MCUXpressoIDE_10.0.2_411\workspace\lpc_board_nxp_lpcxpresso_1549\Debug\liblpc_board_nxp_lpcxpresso_1549.a(board_sysinit.o)
 .text.Chip_SWM_MovablePortPinAssign
                0x000017d4       0x30 C:\Users\akai__000\Documents\MCUXpressoIDE_10.0.2_411\workspace\lpc_board_nxp_lpcxpresso_1549\Debug\liblpc_board_nxp_lpcxpresso_1549.a(board_sysinit.o)
 .text.Board_SetupMuxing
                0x00001804       0x80 C:\Users\akai__000\Documents\MCUXpressoIDE_10.0.2_411\workspace\lpc_board_nxp_lpcxpresso_1549\Debug\liblpc_board_nxp_lpcxpresso_1549.a(board_sysinit.o)
                0x00001804                Board_SetupMuxing
 .text.Board_SetupClocking
                0x00001884       0x3c C:\Users\akai__000\Documents\MCUXpressoIDE_10.0.2_411\workspace\lpc_board_nxp_lpcxpresso_1549\Debug\liblpc_board_nxp_lpcxpresso_1549.a(board_sysinit.o)
                0x00001884                Board_SetupClocking
 .text.Board_SystemInit
                0x000018c0       0x1c C:\Users\akai__000\Documents\MCUXpressoIDE_10.0.2_411\workspace\lpc_board_nxp_lpcxpresso_1549\Debug\liblpc_board_nxp_lpcxpresso_1549.a(board_sysinit.o)
                0x000018c0                Board_SystemInit
 .text.SystemCoreClockUpdate
                0x000018dc       0x18 C:\Users\akai__000\Documents\MCUXpressoIDE_10.0.2_411\workspace\lpc_chip_15xx\Debug\liblpc_chip_15xx.a(chip_15xx.o)
                0x000018dc                SystemCoreClockUpdate
 .text.Chip_Clock_SetMain_A_ClockSource
                0x000018f4       0x20 C:\Users\akai__000\Documents\MCUXpressoIDE_10.0.2_411\workspace\lpc_chip_15xx\Debug\liblpc_chip_15xx.a(clock_15xx.o)
 .text.Chip_Clock_GetMain_A_ClockSource
                0x00001914       0x18 C:\Users\akai__000\Documents\MCUXpressoIDE_10.0.2_411\workspace\lpc_chip_15xx\Debug\liblpc_chip_15xx.a(clock_15xx.o)
 .text.Chip_Clock_SetMain_B_ClockSource
                0x0000192c       0x20 C:\Users\akai__000\Documents\MCUXpressoIDE_10.0.2_411\workspace\lpc_chip_15xx\Debug\liblpc_chip_15xx.a(clock_15xx.o)
 .text.Chip_Clock_GetMain_B_ClockSource
                0x0000194c       0x18 C:\Users\akai__000\Documents\MCUXpressoIDE_10.0.2_411\workspace\lpc_chip_15xx\Debug\liblpc_chip_15xx.a(clock_15xx.o)
 .text.Chip_Clock_SetUARTFRGDivider
                0x00001964       0x20 C:\Users\akai__000\Documents\MCUXpressoIDE_10.0.2_411\workspace\lpc_chip_15xx\Debug\liblpc_chip_15xx.a(clock_15xx.o)
 .text.Chip_Clock_GetUARTFRGDivider
                0x00001984       0x18 C:\Users\akai__000\Documents\MCUXpressoIDE_10.0.2_411\workspace\lpc_chip_15xx\Debug\liblpc_chip_15xx.a(clock_15xx.o)
 .text.Chip_Clock_GetMainOscRate
                0x0000199c       0x14 C:\Users\akai__000\Documents\MCUXpressoIDE_10.0.2_411\workspace\lpc_chip_15xx\Debug\liblpc_chip_15xx.a(clock_15xx.o)
 .text.Chip_Clock_GetIntOscRate
                0x000019b0       0x14 C:\Users\akai__000\Documents\MCUXpressoIDE_10.0.2_411\workspace\lpc_chip_15xx\Debug\liblpc_chip_15xx.a(clock_15xx.o)
 .text.Chip_Clock_GetRTCOscRate
                0x000019c4       0x14 C:\Users\akai__000\Documents\MCUXpressoIDE_10.0.2_411\workspace\lpc_chip_15xx\Debug\liblpc_chip_15xx.a(clock_15xx.o)
 .text.Chip_Clock_GetWDTOSCRate
                0x000019d8       0x14 C:\Users\akai__000\Documents\MCUXpressoIDE_10.0.2_411\workspace\lpc_chip_15xx\Debug\liblpc_chip_15xx.a(clock_15xx.o)
 .text.Chip_Clock_GetPLLFreq
                0x000019ec       0x28 C:\Users\akai__000\Documents\MCUXpressoIDE_10.0.2_411\workspace\lpc_chip_15xx\Debug\liblpc_chip_15xx.a(clock_15xx.o)
 .text.Chip_Clock_GetPLLInClockRate
                0x00001a14       0x38 C:\Users\akai__000\Documents\MCUXpressoIDE_10.0.2_411\workspace\lpc_chip_15xx\Debug\liblpc_chip_15xx.a(clock_15xx.o)
 .text.Chip_Clock_GetSystemPLLInClockRate
                0x00001a4c       0x1c C:\Users\akai__000\Documents\MCUXpressoIDE_10.0.2_411\workspace\lpc_chip_15xx\Debug\liblpc_chip_15xx.a(clock_15xx.o)
                0x00001a4c                Chip_Clock_GetSystemPLLInClockRate
 .text.Chip_Clock_GetSystemPLLOutClockRate
                0x00001a68       0x24 C:\Users\akai__000\Documents\MCUXpressoIDE_10.0.2_411\workspace\lpc_chip_15xx\Debug\liblpc_chip_15xx.a(clock_15xx.o)
                0x00001a68                Chip_Clock_GetSystemPLLOutClockRate
 .text.Chip_Clock_GetMain_A_ClockRate
                0x00001a8c       0x44 C:\Users\akai__000\Documents\MCUXpressoIDE_10.0.2_411\workspace\lpc_chip_15xx\Debug\liblpc_chip_15xx.a(clock_15xx.o)
                0x00001a8c                Chip_Clock_GetMain_A_ClockRate
 .text.Chip_Clock_GetMain_B_ClockRate
                0x00001ad0       0x58 C:\Users\akai__000\Documents\MCUXpressoIDE_10.0.2_411\workspace\lpc_chip_15xx\Debug\liblpc_chip_15xx.a(clock_15xx.o)
                0x00001ad0                Chip_Clock_GetMain_B_ClockRate
 .text.Chip_Clock_SetMainClockSource
                0x00001b28       0x3c C:\Users\akai__000\Documents\MCUXpressoIDE_10.0.2_411\workspace\lpc_chip_15xx\Debug\liblpc_chip_15xx.a(clock_15xx.o)
                0x00001b28                Chip_Clock_SetMainClockSource
 .text.Chip_Clock_GetMainClockRate
                0x00001b64       0x28 C:\Users\akai__000\Documents\MCUXpressoIDE_10.0.2_411\workspace\lpc_chip_15xx\Debug\liblpc_chip_15xx.a(clock_15xx.o)
                0x00001b64                Chip_Clock_GetMainClockRate
 .text.Chip_Clock_EnablePeriphClock
                0x00001b8c       0x54 C:\Users\akai__000\Documents\MCUXpressoIDE_10.0.2_411\workspace\lpc_chip_15xx\Debug\liblpc_chip_15xx.a(clock_15xx.o)
                0x00001b8c                Chip_Clock_EnablePeriphClock
 .text.Chip_Clock_GetUARTBaseClockRate
                0x00001be0       0x88 C:\Users\akai__000\Documents\MCUXpressoIDE_10.0.2_411\workspace\lpc_chip_15xx\Debug\liblpc_chip_15xx.a(clock_15xx.o)
                0x00001be0                Chip_Clock_GetUARTBaseClockRate
 .text.Chip_Clock_SetUARTBaseClockRate
                0x00001c68       0xa0 C:\Users\akai__000\Documents\MCUXpressoIDE_10.0.2_411\workspace\lpc_chip_15xx\Debug\liblpc_chip_15xx.a(clock_15xx.o)
                0x00001c68                Chip_Clock_SetUARTBaseClockRate
 .text.Chip_Clock_GetSystemClockRate
                0x00001d08       0x1c C:\Users\akai__000\Documents\MCUXpressoIDE_10.0.2_411\workspace\lpc_chip_15xx\Debug\liblpc_chip_15xx.a(clock_15xx.o)
                0x00001d08                Chip_Clock_GetSystemClockRate
 .text.Chip_SYSCTL_PeriphReset
                0x00001d24       0x24 C:\Users\akai__000\Documents\MCUXpressoIDE_10.0.2_411\workspace\lpc_chip_15xx\Debug\liblpc_chip_15xx.a(gpio_15xx.o)
 .text.Chip_GPIO_Init
                0x00001d48       0x30 C:\Users\akai__000\Documents\MCUXpressoIDE_10.0.2_411\workspace\lpc_chip_15xx\Debug\liblpc_chip_15xx.a(gpio_15xx.o)
                0x00001d48                Chip_GPIO_Init
 .text.Chip_SYSCTL_PeriphReset
                0x00001d78       0x24 C:\Users\akai__000\Documents\MCUXpressoIDE_10.0.2_411\workspace\lpc_chip_15xx\Debug\liblpc_chip_15xx.a(i2c_common_15xx.o)
 .text.Chip_I2C_Init
                0x00001d9c       0x1c C:\Users\akai__000\Documents\MCUXpressoIDE_10.0.2_411\workspace\lpc_chip_15xx\Debug\liblpc_chip_15xx.a(i2c_common_15xx.o)
                0x00001d9c                Chip_I2C_Init
 .text.Chip_I2C_GetClockDiv
                0x00001db8       0x1c C:\Users\akai__000\Documents\MCUXpressoIDE_10.0.2_411\workspace\lpc_chip_15xx\Debug\liblpc_chip_15xx.a(i2cm_15xx.o)
 .text.Chip_I2CM_SetDutyCycle
                0x00001dd4       0x34 C:\Users\akai__000\Documents\MCUXpressoIDE_10.0.2_411\workspace\lpc_chip_15xx\Debug\liblpc_chip_15xx.a(i2cm_15xx.o)
 .text.Chip_I2CM_GetStatus
                0x00001e08       0x18 C:\Users\akai__000\Documents\MCUXpressoIDE_10.0.2_411\workspace\lpc_chip_15xx\Debug\liblpc_chip_15xx.a(i2cm_15xx.o)
 .text.Chip_I2CM_ClearStatus
                0x00001e20       0x20 C:\Users\akai__000\Documents\MCUXpressoIDE_10.0.2_411\workspace\lpc_chip_15xx\Debug\liblpc_chip_15xx.a(i2cm_15xx.o)
 .text.Chip_I2CM_IsMasterPending
                0x00001e40       0x24 C:\Users\akai__000\Documents\MCUXpressoIDE_10.0.2_411\workspace\lpc_chip_15xx\Debug\liblpc_chip_15xx.a(i2cm_15xx.o)
 .text.Chip_I2CM_GetMasterState
                0x00001e64       0x1c C:\Users\akai__000\Documents\MCUXpressoIDE_10.0.2_411\workspace\lpc_chip_15xx\Debug\liblpc_chip_15xx.a(i2cm_15xx.o)
 .text.Chip_I2CM_SendStart
                0x00001e80       0x18 C:\Users\akai__000\Documents\MCUXpressoIDE_10.0.2_411\workspace\lpc_chip_15xx\Debug\liblpc_chip_15xx.a(i2cm_15xx.o)
 .text.Chip_I2CM_SendStop
                0x00001e98       0x18 C:\Users\akai__000\Documents\MCUXpressoIDE_10.0.2_411\workspace\lpc_chip_15xx\Debug\liblpc_chip_15xx.a(i2cm_15xx.o)
 .text.Chip_I2CM_MasterContinue
                0x00001eb0       0x18 C:\Users\akai__000\Documents\MCUXpressoIDE_10.0.2_411\workspace\lpc_chip_15xx\Debug\liblpc_chip_15xx.a(i2cm_15xx.o)
 .text.Chip_I2CM_WriteByte
                0x00001ec8       0x1c C:\Users\akai__000\Documents\MCUXpressoIDE_10.0.2_411\workspace\lpc_chip_15xx\Debug\liblpc_chip_15xx.a(i2cm_15xx.o)
 .text.Chip_I2CM_SetBusSpeed
                0x00001ee4       0x48 C:\Users\akai__000\Documents\MCUXpressoIDE_10.0.2_411\workspace\lpc_chip_15xx\Debug\liblpc_chip_15xx.a(i2cm_15xx.o)
                0x00001ee4                Chip_I2CM_SetBusSpeed
 .text.Chip_I2CM_XferHandler
                0x00001f2c      0x160 C:\Users\akai__000\Documents\MCUXpressoIDE_10.0.2_411\workspace\lpc_chip_15xx\Debug\liblpc_chip_15xx.a(i2cm_15xx.o)
                0x00001f2c                Chip_I2CM_XferHandler
 .text.Chip_I2CM_Xfer
                0x0000208c       0x4c C:\Users\akai__000\Documents\MCUXpressoIDE_10.0.2_411\workspace\lpc_chip_15xx\Debug\liblpc_chip_15xx.a(i2cm_15xx.o)
                0x0000208c                Chip_I2CM_Xfer
 .text.Chip_I2CM_XferBlocking
                0x000020d8       0x48 C:\Users\akai__000\Documents\MCUXpressoIDE_10.0.2_411\workspace\lpc_chip_15xx\Debug\liblpc_chip_15xx.a(i2cm_15xx.o)
                0x000020d8                Chip_I2CM_XferBlocking
 .text.Chip_IOCON_PinMuxSet
                0x00002120       0x2c C:\Users\akai__000\Documents\MCUXpressoIDE_10.0.2_411\workspace\lpc_chip_15xx\Debug\liblpc_chip_15xx.a(iocon_15xx.o)
 .text.Chip_IOCON_SetPinMuxing
                0x0000214c       0x50 C:\Users\akai__000\Documents\MCUXpressoIDE_10.0.2_411\workspace\lpc_chip_15xx\Debug\liblpc_chip_15xx.a(iocon_15xx.o)
                0x0000214c                Chip_IOCON_SetPinMuxing
 .text.Chip_SYSCTL_PeriphReset
                0x0000219c       0x24 C:\Users\akai__000\Documents\MCUXpressoIDE_10.0.2_411\workspace\lpc_chip_15xx\Debug\liblpc_chip_15xx.a(sct_15xx.o)
 .text.Chip_SCT_Init
                0x000021c0       0x3c C:\Users\akai__000\Documents\MCUXpressoIDE_10.0.2_411\workspace\lpc_chip_15xx\Debug\liblpc_chip_15xx.a(sct_15xx.o)
                0x000021c0                Chip_SCT_Init
 .text.Chip_SYSCTL_PeriphReset
                0x000021fc       0x24 C:\Users\akai__000\Documents\MCUXpressoIDE_10.0.2_411\workspace\lpc_chip_15xx\Debug\liblpc_chip_15xx.a(spi_15xx.o)
 .text.Chip_SPI_Enable
                0x00002220       0x20 C:\Users\akai__000\Documents\MCUXpressoIDE_10.0.2_411\workspace\lpc_chip_15xx\Debug\liblpc_chip_15xx.a(spi_15xx.o)
 .text.Chip_SPI_Disable
                0x00002240       0x20 C:\Users\akai__000\Documents\MCUXpressoIDE_10.0.2_411\workspace\lpc_chip_15xx\Debug\liblpc_chip_15xx.a(spi_15xx.o)
 .text.Chip_SPI_GetStatus
                0x00002260       0x18 C:\Users\akai__000\Documents\MCUXpressoIDE_10.0.2_411\workspace\lpc_chip_15xx\Debug\liblpc_chip_15xx.a(spi_15xx.o)
 .text.Chip_SPI_ClearStatus
                0x00002278       0x20 C:\Users\akai__000\Documents\MCUXpressoIDE_10.0.2_411\workspace\lpc_chip_15xx\Debug\liblpc_chip_15xx.a(spi_15xx.o)
 .text.Chip_SPI_SetControlInfo
                0x00002298       0x34 C:\Users\akai__000\Documents\MCUXpressoIDE_10.0.2_411\workspace\lpc_chip_15xx\Debug\liblpc_chip_15xx.a(spi_15xx.o)
 .text.Chip_SPI_SendMidFrame
                0x000022cc       0x1c C:\Users\akai__000\Documents\MCUXpressoIDE_10.0.2_411\workspace\lpc_chip_15xx\Debug\liblpc_chip_15xx.a(spi_15xx.o)
 .text.Chip_SPI_SendLastFrame
                0x000022e8       0x3c C:\Users\akai__000\Documents\MCUXpressoIDE_10.0.2_411\workspace\lpc_chip_15xx\Debug\liblpc_chip_15xx.a(spi_15xx.o)
 .text.Chip_SPI_ReceiveFrame
                0x00002324       0x18 C:\Users\akai__000\Documents\MCUXpressoIDE_10.0.2_411\workspace\lpc_chip_15xx\Debug\liblpc_chip_15xx.a(spi_15xx.o)
 .text.SPI_Send_Data
                0x0000233c       0x60 C:\Users\akai__000\Documents\MCUXpressoIDE_10.0.2_411\workspace\lpc_chip_15xx\Debug\liblpc_chip_15xx.a(spi_15xx.o)
 .text.SPI_Receive_Data
                0x0000239c       0x34 C:\Users\akai__000\Documents\MCUXpressoIDE_10.0.2_411\workspace\lpc_chip_15xx\Debug\liblpc_chip_15xx.a(spi_15xx.o)
 .text.Chip_SPI_SetConfig
                0x000023d0       0x68 C:\Users\akai__000\Documents\MCUXpressoIDE_10.0.2_411\workspace\lpc_chip_15xx\Debug\liblpc_chip_15xx.a(spi_15xx.o)
                0x000023d0                Chip_SPI_SetConfig
 .text.Chip_SPI_Init
                0x00002438       0x38 C:\Users\akai__000\Documents\MCUXpressoIDE_10.0.2_411\workspace\lpc_chip_15xx\Debug\liblpc_chip_15xx.a(spi_15xx.o)
                0x00002438                Chip_SPI_Init
 .text.Chip_SPI_DelayConfig
                0x00002470       0x64 C:\Users\akai__000\Documents\MCUXpressoIDE_10.0.2_411\workspace\lpc_chip_15xx\Debug\liblpc_chip_15xx.a(spi_15xx.o)
                0x00002470                Chip_SPI_DelayConfig
 .text.Chip_SPI_RWFrames_Blocking
                0x000024d4       0xb4 C:\Users\akai__000\Documents\MCUXpressoIDE_10.0.2_411\workspace\lpc_chip_15xx\Debug\liblpc_chip_15xx.a(spi_15xx.o)
                0x000024d4                Chip_SPI_RWFrames_Blocking
 .text.Chip_SWM_MovablePinAssign
                0x00002588       0x5c C:\Users\akai__000\Documents\MCUXpressoIDE_10.0.2_411\workspace\lpc_chip_15xx\Debug\liblpc_chip_15xx.a(swm_15xx.o)
                0x00002588                Chip_SWM_MovablePinAssign
 .text.Chip_SWM_EnableFixedPin
                0x000025e4       0x48 C:\Users\akai__000\Documents\MCUXpressoIDE_10.0.2_411\workspace\lpc_chip_15xx\Debug\liblpc_chip_15xx.a(swm_15xx.o)
                0x000025e4                Chip_SWM_EnableFixedPin
 .text.Chip_SYSCTL_AssertPeriphReset
                0x0000262c       0x48 C:\Users\akai__000\Documents\MCUXpressoIDE_10.0.2_411\workspace\lpc_chip_15xx\Debug\liblpc_chip_15xx.a(sysctl_15xx.o)
                0x0000262c                Chip_SYSCTL_AssertPeriphReset
 .text.Chip_SYSCTL_DeassertPeriphReset
                0x00002674       0x4c C:\Users\akai__000\Documents\MCUXpressoIDE_10.0.2_411\workspace\lpc_chip_15xx\Debug\liblpc_chip_15xx.a(sysctl_15xx.o)
                0x00002674                Chip_SYSCTL_DeassertPeriphReset
 .text.Chip_SYSCTL_PowerDown
                0x000026c0       0x40 C:\Users\akai__000\Documents\MCUXpressoIDE_10.0.2_411\workspace\lpc_chip_15xx\Debug\liblpc_chip_15xx.a(sysctl_15xx.o)
                0x000026c0                Chip_SYSCTL_PowerDown
 .text.Chip_SYSCTL_PowerUp
                0x00002700       0x40 C:\Users\akai__000\Documents\MCUXpressoIDE_10.0.2_411\workspace\lpc_chip_15xx\Debug\liblpc_chip_15xx.a(sysctl_15xx.o)
                0x00002700                Chip_SYSCTL_PowerUp
 .text.Chip_FMC_SetFLASHAccess
                0x00002740       0x38 C:\Users\akai__000\Documents\MCUXpressoIDE_10.0.2_411\workspace\lpc_chip_15xx\Debug\liblpc_chip_15xx.a(sysinit_15xx.o)
 .text.Chip_Clock_SetSystemPLLSource
                0x00002778       0x20 C:\Users\akai__000\Documents\MCUXpressoIDE_10.0.2_411\workspace\lpc_chip_15xx\Debug\liblpc_chip_15xx.a(sysinit_15xx.o)
 .text.Chip_Clock_SetupSystemPLL
                0x00002798       0x34 C:\Users\akai__000\Documents\MCUXpressoIDE_10.0.2_411\workspace\lpc_chip_15xx\Debug\liblpc_chip_15xx.a(sysinit_15xx.o)
 .text.Chip_Clock_IsSystemPLLLocked
                0x000027cc       0x24 C:\Users\akai__000\Documents\MCUXpressoIDE_10.0.2_411\workspace\lpc_chip_15xx\Debug\liblpc_chip_15xx.a(sysinit_15xx.o)
 .text.Chip_Clock_SetSysClockDiv
                0x000027f0       0x20 C:\Users\akai__000\Documents\MCUXpressoIDE_10.0.2_411\workspace\lpc_chip_15xx\Debug\liblpc_chip_15xx.a(sysinit_15xx.o)
 .text.Chip_SetupXtalClocking
                0x00002810       0x6c C:\Users\akai__000\Documents\MCUXpressoIDE_10.0.2_411\workspace\lpc_chip_15xx\Debug\liblpc_chip_15xx.a(sysinit_15xx.o)
                0x00002810                Chip_SetupXtalClocking
 .text.Chip_SYSCTL_PeriphReset
                0x0000287c       0x24 C:\Users\akai__000\Documents\MCUXpressoIDE_10.0.2_411\workspace\lpc_chip_15xx\Debug\liblpc_chip_15xx.a(uart_15xx.o)
 .text.Chip_UART_SendByte
                0x000028a0       0x1c C:\Users\akai__000\Documents\MCUXpressoIDE_10.0.2_411\workspace\lpc_chip_15xx\Debug\liblpc_chip_15xx.a(uart_15xx.o)
 .text.Chip_UART_ReadByte
                0x000028bc       0x1c C:\Users\akai__000\Documents\MCUXpressoIDE_10.0.2_411\workspace\lpc_chip_15xx\Debug\liblpc_chip_15xx.a(uart_15xx.o)
 .text.Chip_UART_GetStatus
                0x000028d8       0x18 C:\Users\akai__000\Documents\MCUXpressoIDE_10.0.2_411\workspace\lpc_chip_15xx\Debug\liblpc_chip_15xx.a(uart_15xx.o)
 .text.getUARTClockID
                0x000028f0       0x34 C:\Users\akai__000\Documents\MCUXpressoIDE_10.0.2_411\workspace\lpc_chip_15xx\Debug\liblpc_chip_15xx.a(uart_15xx.o)
 .text.Chip_UART_Init
                0x00002924       0x4c C:\Users\akai__000\Documents\MCUXpressoIDE_10.0.2_411\workspace\lpc_chip_15xx\Debug\liblpc_chip_15xx.a(uart_15xx.o)
                0x00002924                Chip_UART_Init
 .text.Chip_UART_Send
                0x00002970       0x50 C:\Users\akai__000\Documents\MCUXpressoIDE_10.0.2_411\workspace\lpc_chip_15xx\Debug\liblpc_chip_15xx.a(uart_15xx.o)
                0x00002970                Chip_UART_Send
 .text.Chip_UART_SendBlocking
                0x000029c0       0x4c C:\Users\akai__000\Documents\MCUXpressoIDE_10.0.2_411\workspace\lpc_chip_15xx\Debug\liblpc_chip_15xx.a(uart_15xx.o)
                0x000029c0                Chip_UART_SendBlocking
 .text.Chip_UART_Read
                0x00002a0c       0x54 C:\Users\akai__000\Documents\MCUXpressoIDE_10.0.2_411\workspace\lpc_chip_15xx\Debug\liblpc_chip_15xx.a(uart_15xx.o)
                0x00002a0c                Chip_UART_Read
 .text.Chip_UART_SetBaud
                0x00002a60       0x2c C:\Users\akai__000\Documents\MCUXpressoIDE_10.0.2_411\workspace\lpc_chip_15xx\Debug\liblpc_chip_15xx.a(uart_15xx.o)
                0x00002a60                Chip_UART_SetBaud
 .text.xQueueGenericReset
                0x00002a8c       0xa4 C:\Users\akai__000\Documents\MCUXpressoIDE_10.0.2_411\workspace\freertos\Debug\libfreertos.a(queue.o)
                0x00002a8c                xQueueGenericReset
 .text.xQueueGenericCreate
                0x00002b30       0x78 C:\Users\akai__000\Documents\MCUXpressoIDE_10.0.2_411\workspace\freertos\Debug\libfreertos.a(queue.o)
                0x00002b30                xQueueGenericCreate
 .text.xTaskGenericCreate
                0x00002ba8      0x144 C:\Users\akai__000\Documents\MCUXpressoIDE_10.0.2_411\workspace\freertos\Debug\libfreertos.a(tasks.o)
                0x00002ba8                xTaskGenericCreate
 .text.vTaskDelay
                0x00002cec       0x54 C:\Users\akai__000\Documents\MCUXpressoIDE_10.0.2_411\workspace\freertos\Debug\libfreertos.a(tasks.o)
                0x00002cec                vTaskDelay
 .text.vTaskStartScheduler
                0x00002d40       0x6c C:\Users\akai__000\Documents\MCUXpressoIDE_10.0.2_411\workspace\freertos\Debug\libfreertos.a(tasks.o)
                0x00002d40                vTaskStartScheduler
 .text.vTaskSuspendAll
                0x00002dac       0x1c C:\Users\akai__000\Documents\MCUXpressoIDE_10.0.2_411\workspace\freertos\Debug\libfreertos.a(tasks.o)
                0x00002dac                vTaskSuspendAll
 .text.xTaskResumeAll
                0x00002dc8       0xfc C:\Users\akai__000\Documents\MCUXpressoIDE_10.0.2_411\workspace\freertos\Debug\libfreertos.a(tasks.o)
                0x00002dc8                xTaskResumeAll
 .text.xTaskIncrementTick
                0x00002ec4      0x15c C:\Users\akai__000\Documents\MCUXpressoIDE_10.0.2_411\workspace\freertos\Debug\libfreertos.a(tasks.o)
                0x00002ec4                xTaskIncrementTick
 .text.vTaskSwitchContext
                0x00003020      0x130 C:\Users\akai__000\Documents\MCUXpressoIDE_10.0.2_411\workspace\freertos\Debug\libfreertos.a(tasks.o)
                0x00003020                vTaskSwitchContext
 .text.xTaskRemoveFromEventList
                0x00003150       0xac C:\Users\akai__000\Documents\MCUXpressoIDE_10.0.2_411\workspace\freertos\Debug\libfreertos.a(tasks.o)
                0x00003150                xTaskRemoveFromEventList
 .text.prvIdleTask
                0x000031fc       0x20 C:\Users\akai__000\Documents\MCUXpressoIDE_10.0.2_411\workspace\freertos\Debug\libfreertos.a(tasks.o)
 .text.prvInitialiseTCBVariables
                0x0000321c      0x11c C:\Users\akai__000\Documents\MCUXpressoIDE_10.0.2_411\workspace\freertos\Debug\libfreertos.a(tasks.o)
 .text.prvInitialiseTaskLists
                0x00003338       0x80 C:\Users\akai__000\Documents\MCUXpressoIDE_10.0.2_411\workspace\freertos\Debug\libfreertos.a(tasks.o)
 .text.prvCheckTasksWaitingTermination
                0x000033b8       0x78 C:\Users\akai__000\Documents\MCUXpressoIDE_10.0.2_411\workspace\freertos\Debug\libfreertos.a(tasks.o)
 .text.prvAddCurrentTaskToDelayedList
                0x00003430       0x6c C:\Users\akai__000\Documents\MCUXpressoIDE_10.0.2_411\workspace\freertos\Debug\libfreertos.a(tasks.o)
 .text.prvAllocateTCBAndStack
                0x0000349c       0x64 C:\Users\akai__000\Documents\MCUXpressoIDE_10.0.2_411\workspace\freertos\Debug\libfreertos.a(tasks.o)
 .text.prvDeleteTCB
                0x00003500       0x2c C:\Users\akai__000\Documents\MCUXpressoIDE_10.0.2_411\workspace\freertos\Debug\libfreertos.a(tasks.o)
 .text.prvResetNextTaskUnblockTime
                0x0000352c       0x48 C:\Users\akai__000\Documents\MCUXpressoIDE_10.0.2_411\workspace\freertos\Debug\libfreertos.a(tasks.o)
 .text.vApplicationStackOverflowHook
                0x00003574       0x14 C:\Users\akai__000\Documents\MCUXpressoIDE_10.0.2_411\workspace\freertos\Debug\libfreertos.a(FreeRTOSCommonHooks.o)
                0x00003574                vApplicationStackOverflowHook
 .text.pvPortMalloc
                0x00003588       0x24 C:\Users\akai__000\Documents\MCUXpressoIDE_10.0.2_411\workspace\freertos\Debug\libfreertos.a(heap_3.o)
                0x00003588                pvPortMalloc
 .text.vPortFree
                0x000035ac       0x24 C:\Users\akai__000\Documents\MCUXpressoIDE_10.0.2_411\workspace\freertos\Debug\libfreertos.a(heap_3.o)
                0x000035ac                vPortFree
 .text.vListInitialise
                0x000035d0       0x40 C:\Users\akai__000\Documents\MCUXpressoIDE_10.0.2_411\workspace\freertos\Debug\libfreertos.a(list.o)
                0x000035d0                vListInitialise
 .text.vListInitialiseItem
                0x00003610       0x18 C:\Users\akai__000\Documents\MCUXpressoIDE_10.0.2_411\workspace\freertos\Debug\libfreertos.a(list.o)
                0x00003610                vListInitialiseItem
 .text.vListInsertEnd
                0x00003628       0x48 C:\Users\akai__000\Documents\MCUXpressoIDE_10.0.2_411\workspace\freertos\Debug\libfreertos.a(list.o)
                0x00003628                vListInsertEnd
 .text.vListInsert
                0x00003670       0x70 C:\Users\akai__000\Documents\MCUXpressoIDE_10.0.2_411\workspace\freertos\Debug\libfreertos.a(list.o)
                0x00003670                vListInsert
 .text.uxListRemove
                0x000036e0       0x54 C:\Users\akai__000\Documents\MCUXpressoIDE_10.0.2_411\workspace\freertos\Debug\libfreertos.a(list.o)
                0x000036e0                uxListRemove
 .text.pxPortInitialiseStack
                0x00003734       0x54 C:\Users\akai__000\Documents\MCUXpressoIDE_10.0.2_411\workspace\freertos\Debug\libfreertos.a(port.o)
                0x00003734                pxPortInitialiseStack
 .text.prvTaskExitError
                0x00003788        0xc C:\Users\akai__000\Documents\MCUXpressoIDE_10.0.2_411\workspace\freertos\Debug\libfreertos.a(port.o)
 .text.SVC_Handler
                0x00003794       0x28 C:\Users\akai__000\Documents\MCUXpressoIDE_10.0.2_411\workspace\freertos\Debug\libfreertos.a(port.o)
                0x00003794                SVC_Handler
 .text.prvPortStartFirstTask
                0x000037bc       0x20 C:\Users\akai__000\Documents\MCUXpressoIDE_10.0.2_411\workspace\freertos\Debug\libfreertos.a(port.o)
 .text.xPortStartScheduler
                0x000037dc       0x3c C:\Users\akai__000\Documents\MCUXpressoIDE_10.0.2_411\workspace\freertos\Debug\libfreertos.a(port.o)
                0x000037dc                xPortStartScheduler
 .text.vPortYield
                0x00003818       0x20 C:\Users\akai__000\Documents\MCUXpressoIDE_10.0.2_411\workspace\freertos\Debug\libfreertos.a(port.o)
                0x00003818                vPortYield
 .text.vPortEnterCritical
                0x00003838       0x24 C:\Users\akai__000\Documents\MCUXpressoIDE_10.0.2_411\workspace\freertos\Debug\libfreertos.a(port.o)
                0x00003838                vPortEnterCritical
 .text.vPortExitCritical
                0x0000385c       0x24 C:\Users\akai__000\Documents\MCUXpressoIDE_10.0.2_411\workspace\freertos\Debug\libfreertos.a(port.o)
                0x0000385c                vPortExitCritical
 .text.ulPortSetInterruptMask
                0x00003880       0x14 C:\Users\akai__000\Documents\MCUXpressoIDE_10.0.2_411\workspace\freertos\Debug\libfreertos.a(port.o)
                0x00003880                ulPortSetInterruptMask
 .text.vPortClearInterruptMask
                0x00003894        0x8 C:\Users\akai__000\Documents\MCUXpressoIDE_10.0.2_411\workspace\freertos\Debug\libfreertos.a(port.o)
                0x00003894                vPortClearInterruptMask
 .text.PendSV_Handler
                0x0000389c       0x48 C:\Users\akai__000\Documents\MCUXpressoIDE_10.0.2_411\workspace\freertos\Debug\libfreertos.a(port.o)
                0x0000389c                PendSV_Handler
 .text.SysTick_Handler
                0x000038e4       0x28 C:\Users\akai__000\Documents\MCUXpressoIDE_10.0.2_411\workspace\freertos\Debug\libfreertos.a(port.o)
                0x000038e4                SysTick_Handler
 .text.vPortSetupTimerInterrupt
                0x0000390c       0x34 C:\Users\akai__000\Documents\MCUXpressoIDE_10.0.2_411\workspace\freertos\Debug\libfreertos.a(port.o)
                0x0000390c                vPortSetupTimerInterrupt
 .text          0x00003940      0x370 c:/programs/mcuxpresso/mcuxpressoide_10.0.2_411/ide/tools/bin/../lib/gcc/arm-none-eabi/5.4.1/armv7-m\libgcc.a(_arm_addsubdf3.o)
                0x00003940                __aeabi_drsub
                0x00003948                __aeabi_dsub
                0x00003948                __subdf3
                0x0000394c                __aeabi_dadd
                0x0000394c                __adddf3
                0x00003bc4                __floatunsidf
                0x00003bc4                __aeabi_ui2d
                0x00003be4                __floatsidf
                0x00003be4                __aeabi_i2d
                0x00003c08                __aeabi_f2d
                0x00003c08                __extendsfdf2
                0x00003c44                __floatundidf
                0x00003c44                __aeabi_ul2d
                0x00003c54                __floatdidf
                0x00003c54                __aeabi_l2d
 .text          0x00003cb0      0x424 c:/programs/mcuxpresso/mcuxpressoide_10.0.2_411/ide/tools/bin/../lib/gcc/arm-none-eabi/5.4.1/armv7-m\libgcc.a(_arm_muldivdf3.o)
                0x00003cb0                __aeabi_dmul
                0x00003cb0                __muldf3
                0x00003f04                __divdf3
                0x00003f04                __aeabi_ddiv
 .text          0x000040d4       0x40 c:/programs/mcuxpresso/mcuxpressoide_10.0.2_411/ide/tools/bin/../lib/gcc/arm-none-eabi/5.4.1/armv7-m\libgcc.a(_arm_fixunsdfsi.o)
                0x000040d4                __aeabi_d2uiz
                0x000040d4                __fixunsdfsi
 .text          0x00004114       0x30 c:/programs/mcuxpresso/mcuxpressoide_10.0.2_411/ide/tools/bin/../lib/gcc/arm-none-eabi/5.4.1/armv7-m\libgcc.a(_aeabi_uldivmod.o)
                0x00004114                __aeabi_uldivmod
 .text          0x00004144      0x2ec c:/programs/mcuxpresso/mcuxpressoide_10.0.2_411/ide/tools/bin/../lib/gcc/arm-none-eabi/5.4.1/armv7-m\libgcc.a(_udivmoddi4.o)
                0x00004144                __udivmoddi4
 .text          0x00004430        0x4 c:/programs/mcuxpresso/mcuxpressoide_10.0.2_411/ide/tools/bin/../lib/gcc/arm-none-eabi/5.4.1/armv7-m\libgcc.a(_dvmd_tls.o)
                0x00004430                __aeabi_idiv0
                0x00004430                __aeabi_ldiv0
 .text.__libc_init_array
                0x00004434       0x50 c:/programs/mcuxpresso/mcuxpressoide_10.0.2_411/ide/tools/bin/../lib/gcc/arm-none-eabi/5.4.1/../../../../arm-none-eabi/lib/armv7-m\libc.a(lib_a-init.o)
                0x00004434                __libc_init_array
 .text.malloc   0x00004484       0x10 c:/programs/mcuxpresso/mcuxpressoide_10.0.2_411/ide/tools/bin/../lib/gcc/arm-none-eabi/5.4.1/../../../../arm-none-eabi/lib/armv7-m\libc.a(lib_a-malloc.o)
                0x00004484                malloc
 .text.free     0x00004494       0x10 c:/programs/mcuxpresso/mcuxpressoide_10.0.2_411/ide/tools/bin/../lib/gcc/arm-none-eabi/5.4.1/../../../../arm-none-eabi/lib/armv7-m\libc.a(lib_a-malloc.o)
                0x00004494                free
 .text._malloc_r
                0x000044a4      0x558 c:/programs/mcuxpresso/mcuxpressoide_10.0.2_411/ide/tools/bin/../lib/gcc/arm-none-eabi/5.4.1/../../../../arm-none-eabi/lib/armv7-m\libc.a(lib_a-mallocr.o)
                0x000044a4                _malloc_r
 .text.memcmp   0x000049fc       0x64 c:/programs/mcuxpresso/mcuxpressoide_10.0.2_411/ide/tools/bin/../lib/gcc/arm-none-eabi/5.4.1/../../../../arm-none-eabi/lib/armv7-m\libc.a(lib_a-memcmp.o)
                0x000049fc                memcmp
 .text          0x00004a60       0xec c:/programs/mcuxpresso/mcuxpressoide_10.0.2_411/ide/tools/bin/../lib/gcc/arm-none-eabi/5.4.1/../../../../arm-none-eabi/lib/armv7-m\libc.a(lib_a-memcpy.o)
                0x00004a60                memcpy
 .text.memset   0x00004b4c       0x9c c:/programs/mcuxpresso/mcuxpressoide_10.0.2_411/ide/tools/bin/../lib/gcc/arm-none-eabi/5.4.1/../../../../arm-none-eabi/lib/armv7-m\libc.a(lib_a-memset.o)
                0x00004b4c                memset
 .text.__malloc_lock
                0x00004be8        0x4 c:/programs/mcuxpresso/mcuxpressoide_10.0.2_411/ide/tools/bin/../lib/gcc/arm-none-eabi/5.4.1/../../../../arm-none-eabi/lib/armv7-m\libc.a(lib_a-mlock.o)
                0x00004be8                __malloc_lock
 .text.__malloc_unlock
                0x00004bec        0x4 c:/programs/mcuxpresso/mcuxpressoide_10.0.2_411/ide/tools/bin/../lib/gcc/arm-none-eabi/5.4.1/../../../../arm-none-eabi/lib/armv7-m\libc.a(lib_a-mlock.o)
                0x00004bec                __malloc_unlock
 .text.printf   0x00004bf0       0x28 c:/programs/mcuxpresso/mcuxpressoide_10.0.2_411/ide/tools/bin/../lib/gcc/arm-none-eabi/5.4.1/../../../../arm-none-eabi/lib/armv7-m\libc.a(lib_a-printf.o)
                0x00004bf0                printf
 .text.cleanup_glue
                0x00004c18       0x1c c:/programs/mcuxpresso/mcuxpressoide_10.0.2_411/ide/tools/bin/../lib/gcc/arm-none-eabi/5.4.1/../../../../arm-none-eabi/lib/armv7-m\libc.a(lib_a-reent.o)
                0x00004c18                cleanup_glue
 .text._reclaim_reent
                0x00004c34       0x88 c:/programs/mcuxpresso/mcuxpressoide_10.0.2_411/ide/tools/bin/../lib/gcc/arm-none-eabi/5.4.1/../../../../arm-none-eabi/lib/armv7-m\libc.a(lib_a-reent.o)
                0x00004c34                _reclaim_reent
 .text._sbrk_r  0x00004cbc       0x24 c:/programs/mcuxpresso/mcuxpressoide_10.0.2_411/ide/tools/bin/../lib/gcc/arm-none-eabi/5.4.1/../../../../arm-none-eabi/lib/armv7-m\libc.a(lib_a-sbrkr.o)
                0x00004cbc                _sbrk_r
 .text._vfprintf_r
                0x00004ce0     0x1798 c:/programs/mcuxpresso/mcuxpressoide_10.0.2_411/ide/tools/bin/../lib/gcc/arm-none-eabi/5.4.1/../../../../arm-none-eabi/lib/armv7-m\libc.a(lib_a-vfprintf.o)
                0x00004ce0                _vfprintf_r
 .text.__sbprintf
                0x00006478       0x6c c:/programs/mcuxpresso/mcuxpressoide_10.0.2_411/ide/tools/bin/../lib/gcc/arm-none-eabi/5.4.1/../../../../arm-none-eabi/lib/armv7-m\libc.a(lib_a-vfprintf.o)
 .text.__swsetup_r
                0x000064e4       0xc8 c:/programs/mcuxpresso/mcuxpressoide_10.0.2_411/ide/tools/bin/../lib/gcc/arm-none-eabi/5.4.1/../../../../arm-none-eabi/lib/armv7-m\libc.a(lib_a-wsetup.o)
                0x000064e4                __swsetup_r
 .text.quorem   0x000065ac      0x12c c:/programs/mcuxpresso/mcuxpressoide_10.0.2_411/ide/tools/bin/../lib/gcc/arm-none-eabi/5.4.1/../../../../arm-none-eabi/lib/armv7-m\libc.a(lib_a-dtoa.o)
 .text._dtoa_r  0x000066d8      0xe4c c:/programs/mcuxpresso/mcuxpressoide_10.0.2_411/ide/tools/bin/../lib/gcc/arm-none-eabi/5.4.1/../../../../arm-none-eabi/lib/armv7-m\libc.a(lib_a-dtoa.o)
                0x000066d8                _dtoa_r
 .text.__sflush_r
                0x00007524      0x148 c:/programs/mcuxpresso/mcuxpressoide_10.0.2_411/ide/tools/bin/../lib/gcc/arm-none-eabi/5.4.1/../../../../arm-none-eabi/lib/armv7-m\libc.a(lib_a-fflush.o)
                0x00007524                __sflush_r
 .text._fflush_r
                0x0000766c       0x2c c:/programs/mcuxpresso/mcuxpressoide_10.0.2_411/ide/tools/bin/../lib/gcc/arm-none-eabi/5.4.1/../../../../arm-none-eabi/lib/armv7-m\libc.a(lib_a-fflush.o)
                0x0000766c                _fflush_r
 .text._cleanup_r
                0x00007698        0xc c:/programs/mcuxpresso/mcuxpressoide_10.0.2_411/ide/tools/bin/../lib/gcc/arm-none-eabi/5.4.1/../../../../arm-none-eabi/lib/armv7-m\libc.a(lib_a-findfp.o)
                0x00007698                _cleanup_r
 .text.__sinit.part.1
                0x000076a4       0xf0 c:/programs/mcuxpresso/mcuxpressoide_10.0.2_411/ide/tools/bin/../lib/gcc/arm-none-eabi/5.4.1/../../../../arm-none-eabi/lib/armv7-m\libc.a(lib_a-findfp.o)
 .text.__sinit  0x00007794        0xc c:/programs/mcuxpresso/mcuxpressoide_10.0.2_411/ide/tools/bin/../lib/gcc/arm-none-eabi/5.4.1/../../../../arm-none-eabi/lib/armv7-m\libc.a(lib_a-findfp.o)
                0x00007794                __sinit
 .text.__sfp_lock_acquire
                0x000077a0        0x4 c:/programs/mcuxpresso/mcuxpressoide_10.0.2_411/ide/tools/bin/../lib/gcc/arm-none-eabi/5.4.1/../../../../arm-none-eabi/lib/armv7-m\libc.a(lib_a-findfp.o)
                0x000077a0                __sfp_lock_acquire
 .text.__sfp_lock_release
                0x000077a4        0x4 c:/programs/mcuxpresso/mcuxpressoide_10.0.2_411/ide/tools/bin/../lib/gcc/arm-none-eabi/5.4.1/../../../../arm-none-eabi/lib/armv7-m\libc.a(lib_a-findfp.o)
                0x000077a4                __sfp_lock_release
 .text._malloc_trim_r
                0x000077a8       0x9c c:/programs/mcuxpresso/mcuxpressoide_10.0.2_411/ide/tools/bin/../lib/gcc/arm-none-eabi/5.4.1/../../../../arm-none-eabi/lib/armv7-m\libc.a(lib_a-freer.o)
                0x000077a8                _malloc_trim_r
 .text._free_r  0x00007844      0x1d0 c:/programs/mcuxpresso/mcuxpressoide_10.0.2_411/ide/tools/bin/../lib/gcc/arm-none-eabi/5.4.1/../../../../arm-none-eabi/lib/armv7-m\libc.a(lib_a-freer.o)
                0x00007844                _free_r
 .text._fwalk_reent
                0x00007a14       0x50 c:/programs/mcuxpresso/mcuxpressoide_10.0.2_411/ide/tools/bin/../lib/gcc/arm-none-eabi/5.4.1/../../../../arm-none-eabi/lib/armv7-m\libc.a(lib_a-fwalk.o)
                0x00007a14                _fwalk_reent
 .text._localeconv_r
                0x00007a64       0x1c c:/programs/mcuxpresso/mcuxpressoide_10.0.2_411/ide/tools/bin/../lib/gcc/arm-none-eabi/5.4.1/../../../../arm-none-eabi/lib/armv7-m\libc.a(lib_a-localeconv.o)
                0x00007a64                _localeconv_r
 .text.__swhatbuf_r
                0x00007a80       0x60 c:/programs/mcuxpresso/mcuxpressoide_10.0.2_411/ide/tools/bin/../lib/gcc/arm-none-eabi/5.4.1/../../../../arm-none-eabi/lib/armv7-m\libc.a(lib_a-makebuf.o)
                0x00007a80                __swhatbuf_r
 .text.__smakebuf_r
                0x00007ae0       0x88 c:/programs/mcuxpresso/mcuxpressoide_10.0.2_411/ide/tools/bin/../lib/gcc/arm-none-eabi/5.4.1/../../../../arm-none-eabi/lib/armv7-m\libc.a(lib_a-makebuf.o)
                0x00007ae0                __smakebuf_r
 .text.memchr   0x00007b68       0x8c c:/programs/mcuxpresso/mcuxpressoide_10.0.2_411/ide/tools/bin/../lib/gcc/arm-none-eabi/5.4.1/../../../../arm-none-eabi/lib/armv7-m\libc.a(lib_a-memchr-stub.o)
                0x00007b68                memchr
 .text._Balloc  0x00007bf4       0x50 c:/programs/mcuxpresso/mcuxpressoide_10.0.2_411/ide/tools/bin/../lib/gcc/arm-none-eabi/5.4.1/../../../../arm-none-eabi/lib/armv7-m\libc.a(lib_a-mprec.o)
                0x00007bf4                _Balloc
 .text._Bfree   0x00007c44       0x14 c:/programs/mcuxpresso/mcuxpressoide_10.0.2_411/ide/tools/bin/../lib/gcc/arm-none-eabi/5.4.1/../../../../arm-none-eabi/lib/armv7-m\libc.a(lib_a-mprec.o)
                0x00007c44                _Bfree
 .text.__multadd
                0x00007c58       0x80 c:/programs/mcuxpresso/mcuxpressoide_10.0.2_411/ide/tools/bin/../lib/gcc/arm-none-eabi/5.4.1/../../../../arm-none-eabi/lib/armv7-m\libc.a(lib_a-mprec.o)
                0x00007c58                __multadd
 .text.__hi0bits
                0x00007cd8       0x40 c:/programs/mcuxpresso/mcuxpressoide_10.0.2_411/ide/tools/bin/../lib/gcc/arm-none-eabi/5.4.1/../../../../arm-none-eabi/lib/armv7-m\libc.a(lib_a-mprec.o)
                0x00007cd8                __hi0bits
 .text.__lo0bits
                0x00007d18       0x5c c:/programs/mcuxpresso/mcuxpressoide_10.0.2_411/ide/tools/bin/../lib/gcc/arm-none-eabi/5.4.1/../../../../arm-none-eabi/lib/armv7-m\libc.a(lib_a-mprec.o)
                0x00007d18                __lo0bits
 .text.__i2b    0x00007d74       0x14 c:/programs/mcuxpresso/mcuxpressoide_10.0.2_411/ide/tools/bin/../lib/gcc/arm-none-eabi/5.4.1/../../../../arm-none-eabi/lib/armv7-m\libc.a(lib_a-mprec.o)
                0x00007d74                __i2b
 .text.__multiply
                0x00007d88      0x13c c:/programs/mcuxpresso/mcuxpressoide_10.0.2_411/ide/tools/bin/../lib/gcc/arm-none-eabi/5.4.1/../../../../arm-none-eabi/lib/armv7-m\libc.a(lib_a-mprec.o)
                0x00007d88                __multiply
 .text.__pow5mult
                0x00007ec4       0xa0 c:/programs/mcuxpresso/mcuxpressoide_10.0.2_411/ide/tools/bin/../lib/gcc/arm-none-eabi/5.4.1/../../../../arm-none-eabi/lib/armv7-m\libc.a(lib_a-mprec.o)
                0x00007ec4                __pow5mult
 .text.__lshift
                0x00007f64       0xac c:/programs/mcuxpresso/mcuxpressoide_10.0.2_411/ide/tools/bin/../lib/gcc/arm-none-eabi/5.4.1/../../../../arm-none-eabi/lib/armv7-m\libc.a(lib_a-mprec.o)
                0x00007f64                __lshift
 .text.__mcmp   0x00008010       0x40 c:/programs/mcuxpresso/mcuxpressoide_10.0.2_411/ide/tools/bin/../lib/gcc/arm-none-eabi/5.4.1/../../../../arm-none-eabi/lib/armv7-m\libc.a(lib_a-mprec.o)
                0x00008010                __mcmp
 .text.__mdiff  0x00008050      0x128 c:/programs/mcuxpresso/mcuxpressoide_10.0.2_411/ide/tools/bin/../lib/gcc/arm-none-eabi/5.4.1/../../../../arm-none-eabi/lib/armv7-m\libc.a(lib_a-mprec.o)
                0x00008050                __mdiff
 .text.__d2b    0x00008178       0xa8 c:/programs/mcuxpresso/mcuxpressoide_10.0.2_411/ide/tools/bin/../lib/gcc/arm-none-eabi/5.4.1/../../../../arm-none-eabi/lib/armv7-m\libc.a(lib_a-mprec.o)
                0x00008178                __d2b
 .text.__sread  0x00008220       0x24 c:/programs/mcuxpresso/mcuxpressoide_10.0.2_411/ide/tools/bin/../lib/gcc/arm-none-eabi/5.4.1/../../../../arm-none-eabi/lib/armv7-m\libc.a(lib_a-stdio.o)
                0x00008220                __sread
 .text.__swrite
                0x00008244       0x3c c:/programs/mcuxpresso/mcuxpressoide_10.0.2_411/ide/tools/bin/../lib/gcc/arm-none-eabi/5.4.1/../../../../arm-none-eabi/lib/armv7-m\libc.a(lib_a-stdio.o)
                0x00008244                __swrite
 .text.__sseek  0x00008280       0x20 c:/programs/mcuxpresso/mcuxpressoide_10.0.2_411/ide/tools/bin/../lib/gcc/arm-none-eabi/5.4.1/../../../../arm-none-eabi/lib/armv7-m\libc.a(lib_a-stdio.o)
                0x00008280                __sseek
 .text.__sclose
                0x000082a0        0x8 c:/programs/mcuxpresso/mcuxpressoide_10.0.2_411/ide/tools/bin/../lib/gcc/arm-none-eabi/5.4.1/../../../../arm-none-eabi/lib/armv7-m\libc.a(lib_a-stdio.o)
                0x000082a0                __sclose
 .text.strlen   0x000082a8       0x5c c:/programs/mcuxpresso/mcuxpressoide_10.0.2_411/ide/tools/bin/../lib/gcc/arm-none-eabi/5.4.1/../../../../arm-none-eabi/lib/armv7-m\libc.a(lib_a-strlen-stub.o)
                0x000082a8                strlen
 .text.__sprint_r.part.0
                0x00008304       0x78 c:/programs/mcuxpresso/mcuxpressoide_10.0.2_411/ide/tools/bin/../lib/gcc/arm-none-eabi/5.4.1/../../../../arm-none-eabi/lib/armv7-m\libc.a(lib_a-vfiprintf.o)
 .text.__sprint_r
                0x0000837c       0x14 c:/programs/mcuxpresso/mcuxpressoide_10.0.2_411/ide/tools/bin/../lib/gcc/arm-none-eabi/5.4.1/../../../../arm-none-eabi/lib/armv7-m\libc.a(lib_a-vfiprintf.o)
                0x0000837c                __sprint_r
 .text._write_r
                0x00008390       0x2c c:/programs/mcuxpresso/mcuxpressoide_10.0.2_411/ide/tools/bin/../lib/gcc/arm-none-eabi/5.4.1/../../../../arm-none-eabi/lib/armv7-m\libc.a(lib_a-writer.o)
                0x00008390                _write_r
 .text._calloc_r
                0x000083bc       0x60 c:/programs/mcuxpresso/mcuxpressoide_10.0.2_411/ide/tools/bin/../lib/gcc/arm-none-eabi/5.4.1/../../../../arm-none-eabi/lib/armv7-m\libc.a(lib_a-callocr.o)
                0x000083bc                _calloc_r
 .text._close_r
                0x0000841c       0x24 c:/programs/mcuxpresso/mcuxpressoide_10.0.2_411/ide/tools/bin/../lib/gcc/arm-none-eabi/5.4.1/../../../../arm-none-eabi/lib/armv7-m\libc.a(lib_a-closer.o)
                0x0000841c                _close_r
 .text._fclose_r
                0x00008440       0x84 c:/programs/mcuxpresso/mcuxpressoide_10.0.2_411/ide/tools/bin/../lib/gcc/arm-none-eabi/5.4.1/../../../../arm-none-eabi/lib/armv7-m\libc.a(lib_a-fclose.o)
                0x00008440                _fclose_r
 .text.__fputwc
                0x000084c4       0x94 c:/programs/mcuxpresso/mcuxpressoide_10.0.2_411/ide/tools/bin/../lib/gcc/arm-none-eabi/5.4.1/../../../../arm-none-eabi/lib/armv7-m\libc.a(lib_a-fputwc.o)
                0x000084c4                __fputwc
 .text._fputwc_r
                0x00008558       0x24 c:/programs/mcuxpresso/mcuxpressoide_10.0.2_411/ide/tools/bin/../lib/gcc/arm-none-eabi/5.4.1/../../../../arm-none-eabi/lib/armv7-m\libc.a(lib_a-fputwc.o)
                0x00008558                _fputwc_r
 .text._fstat_r
                0x0000857c       0x28 c:/programs/mcuxpresso/mcuxpressoide_10.0.2_411/ide/tools/bin/../lib/gcc/arm-none-eabi/5.4.1/../../../../arm-none-eabi/lib/armv7-m\libc.a(lib_a-fstatr.o)
                0x0000857c                _fstat_r
 .text.__sfvwrite_r
                0x000085a4      0x308 c:/programs/mcuxpresso/mcuxpressoide_10.0.2_411/ide/tools/bin/../lib/gcc/arm-none-eabi/5.4.1/../../../../arm-none-eabi/lib/armv7-m\libc.a(lib_a-fvwrite.o)
                0x000085a4                __sfvwrite_r
 .text._isatty_r
                0x000088ac       0x24 c:/programs/mcuxpresso/mcuxpressoide_10.0.2_411/ide/tools/bin/../lib/gcc/arm-none-eabi/5.4.1/../../../../arm-none-eabi/lib/armv7-m\libc.a(lib_a-isattyr.o)
                0x000088ac                _isatty_r
 .text.__locale_mb_cur_max
                0x000088d0       0x1c c:/programs/mcuxpresso/mcuxpressoide_10.0.2_411/ide/tools/bin/../lib/gcc/arm-none-eabi/5.4.1/../../../../arm-none-eabi/lib/armv7-m\libc.a(lib_a-locale.o)
                0x000088d0                __locale_mb_cur_max
 .text._lseek_r
                0x000088ec       0x2c c:/programs/mcuxpresso/mcuxpressoide_10.0.2_411/ide/tools/bin/../lib/gcc/arm-none-eabi/5.4.1/../../../../arm-none-eabi/lib/armv7-m\libc.a(lib_a-lseekr.o)
                0x000088ec                _lseek_r
 .text.__ascii_mbtowc
                0x00008918       0x2c c:/programs/mcuxpresso/mcuxpressoide_10.0.2_411/ide/tools/bin/../lib/gcc/arm-none-eabi/5.4.1/../../../../arm-none-eabi/lib/armv7-m\libc.a(lib_a-mbtowc_r.o)
                0x00008918                __ascii_mbtowc
 .text.memmove  0x00008944       0xc8 c:/programs/mcuxpresso/mcuxpressoide_10.0.2_411/ide/tools/bin/../lib/gcc/arm-none-eabi/5.4.1/../../../../arm-none-eabi/lib/armv7-m\libc.a(lib_a-memmove.o)
                0x00008944                memmove
 .text._read_r  0x00008a0c       0x2c c:/programs/mcuxpresso/mcuxpressoide_10.0.2_411/ide/tools/bin/../lib/gcc/arm-none-eabi/5.4.1/../../../../arm-none-eabi/lib/armv7-m\libc.a(lib_a-readr.o)
                0x00008a0c                _read_r
 .text._realloc_r
                0x00008a38      0x3d4 c:/programs/mcuxpresso/mcuxpressoide_10.0.2_411/ide/tools/bin/../lib/gcc/arm-none-eabi/5.4.1/../../../../arm-none-eabi/lib/armv7-m\libc.a(lib_a-reallocr.o)
                0x00008a38                _realloc_r
 .text.__swbuf_r
                0x00008e0c       0xac c:/programs/mcuxpresso/mcuxpressoide_10.0.2_411/ide/tools/bin/../lib/gcc/arm-none-eabi/5.4.1/../../../../arm-none-eabi/lib/armv7-m\libc.a(lib_a-wbuf.o)
                0x00008e0c                __swbuf_r
 .text._wcrtomb_r
                0x00008eb8       0x54 c:/programs/mcuxpresso/mcuxpressoide_10.0.2_411/ide/tools/bin/../lib/gcc/arm-none-eabi/5.4.1/../../../../arm-none-eabi/lib/armv7-m\libc.a(lib_a-wcrtomb.o)
                0x00008eb8                _wcrtomb_r
 .text.__ascii_wctomb
                0x00008f0c       0x1c c:/programs/mcuxpresso/mcuxpressoide_10.0.2_411/ide/tools/bin/../lib/gcc/arm-none-eabi/5.4.1/../../../../arm-none-eabi/lib/armv7-m\libc.a(lib_a-wctomb_r.o)
                0x00008f0c                __ascii_wctomb
 .text._sbrk    0x00008f28       0x3c c:/programs/mcuxpresso/mcuxpressoide_10.0.2_411/ide/tools/bin/../lib/gcc/arm-none-eabi/5.4.1/../../../../arm-none-eabi/lib/armv7-m\libcr_newlib_nohost.a(_cr_sbrk.o)
                0x00008f28                _sbrk
 .text._close   0x00008f64       0x10 c:/programs/mcuxpresso/mcuxpressoide_10.0.2_411/ide/tools/bin/../lib/gcc/arm-none-eabi/5.4.1/../../../../arm-none-eabi/lib/armv7-m\libcr_newlib_nohost.a(close.o)
                0x00008f64                _close
 .text._fstat   0x00008f74       0x10 c:/programs/mcuxpresso/mcuxpressoide_10.0.2_411/ide/tools/bin/../lib/gcc/arm-none-eabi/5.4.1/../../../../arm-none-eabi/lib/armv7-m\libcr_newlib_nohost.a(fstat.o)
                0x00008f74                _fstat
 .text._isatty  0x00008f84       0x10 c:/programs/mcuxpresso/mcuxpressoide_10.0.2_411/ide/tools/bin/../lib/gcc/arm-none-eabi/5.4.1/../../../../arm-none-eabi/lib/armv7-m\libcr_newlib_nohost.a(isatty.o)
                0x00008f84                _isatty
 .text._lseek   0x00008f94       0x10 c:/programs/mcuxpresso/mcuxpressoide_10.0.2_411/ide/tools/bin/../lib/gcc/arm-none-eabi/5.4.1/../../../../arm-none-eabi/lib/armv7-m\libcr_newlib_nohost.a(lseek.o)
                0x00008f94                _lseek
 .text.__check_heap_overflow
                0x00008fa4       0x18 c:/programs/mcuxpresso/mcuxpressoide_10.0.2_411/ide/tools/bin/../lib/gcc/arm-none-eabi/5.4.1/../../../../arm-none-eabi/lib/armv7-m\libcr_newlib_nohost.a(_cr_check_heap.o)
                0x00008fa4                __check_heap_overflow
 .text          0x00008fbc       0x5c c:/programs/mcuxpresso/mcuxpressoide_10.0.2_411/ide/tools/bin/../lib/gcc/arm-none-eabi/5.4.1/armv7-m\crtbegin.o
 .text          0x00009018      0x110 c:/programs/mcuxpresso/mcuxpressoide_10.0.2_411/ide/tools/bin/../lib/gcc/arm-none-eabi/5.4.1/armv7-m\libgcc.a(_arm_cmpdf2.o)
                0x00009018                __gtdf2
                0x00009018                __gedf2
                0x00009020                __ltdf2
                0x00009020                __ledf2
                0x00009028                __nedf2
                0x00009028                __eqdf2
                0x00009028                __cmpdf2
                0x000090a4                __aeabi_cdrcmple
                0x000090b4                __aeabi_cdcmpeq
                0x000090b4                __aeabi_cdcmple
                0x000090c4                __aeabi_dcmpeq
                0x000090d8                __aeabi_dcmplt
                0x000090ec                __aeabi_dcmple
                0x00009100                __aeabi_dcmpge
                0x00009114                __aeabi_dcmpgt
 .text          0x00009128       0x2c c:/programs/mcuxpresso/mcuxpressoide_10.0.2_411/ide/tools/bin/../lib/gcc/arm-none-eabi/5.4.1/armv7-m\libgcc.a(_arm_unorddf2.o)
                0x00009128                __unorddf2
                0x00009128                __aeabi_dcmpun
 .text          0x00009154       0x50 c:/programs/mcuxpresso/mcuxpressoide_10.0.2_411/ide/tools/bin/../lib/gcc/arm-none-eabi/5.4.1/armv7-m\libgcc.a(_arm_fixdfsi.o)
                0x00009154                __aeabi_d2iz
                0x00009154                __fixdfsi
 .text.__errno  0x000091a4        0xc c:/programs/mcuxpresso/mcuxpressoide_10.0.2_411/ide/tools/bin/../lib/gcc/arm-none-eabi/5.4.1/../../../../arm-none-eabi/lib/armv7-m\libc.a(lib_a-errno.o)
                0x000091a4                __errno
 *(.rodata .rodata.* .constdata .constdata.*)
 .rodata._ZTV12DigitalIoPin
                0x000091b0       0x14 ./src/DigitalIoPin.o
                0x000091b0                vtable for DigitalIoPin
 .rodata        0x000091c4       0x5f ./src/LoRa_Transmitter.o
 *fill*         0x00009223        0x1 ff
 .rodata._ZTV7TempI2C
                0x00009224       0x10 ./src/TempI2C.o
                0x00009224                vtable for TempI2C
 .rodata.OscRateIn
                0x00009234        0x4 C:\Users\akai__000\Documents\MCUXpressoIDE_10.0.2_411\workspace\lpc_board_nxp_lpcxpresso_1549\Debug\liblpc_board_nxp_lpcxpresso_1549.a(board.o)
                0x00009234                OscRateIn
 .rodata.RTCOscRateIn
                0x00009238        0x4 C:\Users\akai__000\Documents\MCUXpressoIDE_10.0.2_411\workspace\lpc_board_nxp_lpcxpresso_1549\Debug\liblpc_board_nxp_lpcxpresso_1549.a(board.o)
                0x00009238                RTCOscRateIn
 .rodata.ledpins
                0x0000923c        0x3 C:\Users\akai__000\Documents\MCUXpressoIDE_10.0.2_411\workspace\lpc_board_nxp_lpcxpresso_1549\Debug\liblpc_board_nxp_lpcxpresso_1549.a(board.o)
 *fill*         0x0000923f        0x1 ff
 .rodata.ledports
                0x00009240        0x3 C:\Users\akai__000\Documents\MCUXpressoIDE_10.0.2_411\workspace\lpc_board_nxp_lpcxpresso_1549\Debug\liblpc_board_nxp_lpcxpresso_1549.a(board.o)
 *fill*         0x00009243        0x1 ff
 .rodata.ioconSetup
                0x00009244       0x74 C:\Users\akai__000\Documents\MCUXpressoIDE_10.0.2_411\workspace\lpc_board_nxp_lpcxpresso_1549\Debug\liblpc_board_nxp_lpcxpresso_1549.a(board_sysinit.o)
 .rodata.swmSetup
                0x000092b8        0x6 C:\Users\akai__000\Documents\MCUXpressoIDE_10.0.2_411\workspace\lpc_board_nxp_lpcxpresso_1549\Debug\liblpc_board_nxp_lpcxpresso_1549.a(board_sysinit.o)
 *fill*         0x000092be        0x2 ff
 .rodata        0x000092c0       0x18 C:\Users\akai__000\Documents\MCUXpressoIDE_10.0.2_411\workspace\freertos\Debug\libfreertos.a(tasks.o)
                0x000092c8                FreeRTOSDebugConfig
 .rodata.ucExpectedStackBytes.9841
                0x000092d8       0x14 C:\Users\akai__000\Documents\MCUXpressoIDE_10.0.2_411\workspace\freertos\Debug\libfreertos.a(tasks.o)
 .rodata.zeroes.7271
                0x000092ec       0x10 c:/programs/mcuxpresso/mcuxpressoide_10.0.2_411/ide/tools/bin/../lib/gcc/arm-none-eabi/5.4.1/../../../../arm-none-eabi/lib/armv7-m\libc.a(lib_a-vfprintf.o)
 .rodata.str1.4
                0x000092fc       0x42 c:/programs/mcuxpresso/mcuxpressoide_10.0.2_411/ide/tools/bin/../lib/gcc/arm-none-eabi/5.4.1/../../../../arm-none-eabi/lib/armv7-m\libc.a(lib_a-vfprintf.o)
 *fill*         0x0000933e        0x2 ff
 .rodata.blanks.7270
                0x00009340       0x10 c:/programs/mcuxpresso/mcuxpressoide_10.0.2_411/ide/tools/bin/../lib/gcc/arm-none-eabi/5.4.1/../../../../arm-none-eabi/lib/armv7-m\libc.a(lib_a-vfprintf.o)
 .rodata.str1.4
                0x00009350       0x10 c:/programs/mcuxpresso/mcuxpressoide_10.0.2_411/ide/tools/bin/../lib/gcc/arm-none-eabi/5.4.1/../../../../arm-none-eabi/lib/armv7-m\libc.a(lib_a-dtoa.o)
                                 0x12 (size before relaxing)
 .rodata.__mprec_tens
                0x00009360       0xc8 c:/programs/mcuxpresso/mcuxpressoide_10.0.2_411/ide/tools/bin/../lib/gcc/arm-none-eabi/5.4.1/../../../../arm-none-eabi/lib/armv7-m\libc.a(lib_a-mprec.o)
                0x00009360                __mprec_tens
 .rodata.p05.6085
                0x00009428        0xc c:/programs/mcuxpresso/mcuxpressoide_10.0.2_411/ide/tools/bin/../lib/gcc/arm-none-eabi/5.4.1/../../../../arm-none-eabi/lib/armv7-m\libc.a(lib_a-mprec.o)
 *fill*         0x00009434        0x4 ff
 .rodata.__mprec_bigtens
                0x00009438       0x28 c:/programs/mcuxpresso/mcuxpressoide_10.0.2_411/ide/tools/bin/../lib/gcc/arm-none-eabi/5.4.1/../../../../arm-none-eabi/lib/armv7-m\libc.a(lib_a-mprec.o)
                0x00009438                __mprec_bigtens
 .rodata.str1.4
                0x00009460       0x10 c:/programs/mcuxpresso/mcuxpressoide_10.0.2_411/ide/tools/bin/../lib/gcc/arm-none-eabi/5.4.1/../../../../arm-none-eabi/lib/armv7-m\libc.a(lib_a-locale.o)
                                 0x12 (size before relaxing)
 .rodata._ctype_
                0x00009470      0x101 c:/programs/mcuxpresso/mcuxpressoide_10.0.2_411/ide/tools/bin/../lib/gcc/arm-none-eabi/5.4.1/../../../../arm-none-eabi/lib/armv7-m\libc.a(lib_a-ctype_.o)
                0x00009470                _ctype_
                0x00009574                . = ALIGN (0x4)
 *fill*         0x00009571        0x3 ff
                0x00009574                . = ALIGN (0x4)
 *(.init)
 .init          0x00009574        0x4 c:/programs/mcuxpresso/mcuxpressoide_10.0.2_411/ide/tools/bin/../lib/gcc/arm-none-eabi/5.4.1/armv7-m\crti.o
                0x00009574                _init
 .init          0x00009578        0x8 c:/programs/mcuxpresso/mcuxpressoide_10.0.2_411/ide/tools/bin/../lib/gcc/arm-none-eabi/5.4.1/armv7-m\crtn.o
                0x00009580                . = ALIGN (0x4)
                0x00009580                __preinit_array_start = .
 *(.preinit_array)
                0x00009580                __preinit_array_end = .
                0x00009580                . = ALIGN (0x4)
                0x00009580                __init_array_start = .
 *(SORT(.init_array.*))
 *(.init_array)
 .init_array    0x00009580        0x4 c:/programs/mcuxpresso/mcuxpressoide_10.0.2_411/ide/tools/bin/../lib/gcc/arm-none-eabi/5.4.1/armv7-m\crtbegin.o
                0x00009584                __init_array_end = .
 *(.fini)
 .fini          0x00009584        0x4 c:/programs/mcuxpresso/mcuxpressoide_10.0.2_411/ide/tools/bin/../lib/gcc/arm-none-eabi/5.4.1/armv7-m\crti.o
                0x00009584                _fini
 .fini          0x00009588        0x8 c:/programs/mcuxpresso/mcuxpressoide_10.0.2_411/ide/tools/bin/../lib/gcc/arm-none-eabi/5.4.1/armv7-m\crtn.o
                0x00009590                . = ALIGN (0x4)
 *crtbegin.o(.ctors)
 *(EXCLUDE_FILE(*crtend.o) .ctors)
 *(SORT(.ctors.*))
 *crtend.o(.ctors)
                0x00009590                . = ALIGN (0x4)
 *crtbegin.o(.dtors)
 *(EXCLUDE_FILE(*crtend.o) .dtors)
 *(SORT(.dtors.*))
 *crtend.o(.dtors)
                0x00009590                . = ALIGN (0x4)

.glue_7         0x00009590        0x0
 .glue_7        0x00009590        0x0 linker stubs

.glue_7t        0x00009590        0x0
 .glue_7t       0x00009590        0x0 linker stubs

.vfp11_veneer   0x00009590        0x0
 .vfp11_veneer  0x00009590        0x0 linker stubs

.v4_bx          0x00009590        0x0
 .v4_bx         0x00009590        0x0 linker stubs

.iplt           0x00009590        0x0
 .iplt          0x00009590        0x0 ./src/DigitalIoPin.o

.ARM.extab
 *(.ARM.extab* .gnu.linkonce.armextab.*)
                0x00009590                __exidx_start = .

.ARM.exidx      0x00009590        0x8
 *(.ARM.exidx* .gnu.linkonce.armexidx.*)
 .ARM.exidx     0x00009590        0x8 c:/programs/mcuxpresso/mcuxpressoide_10.0.2_411/ide/tools/bin/../lib/gcc/arm-none-eabi/5.4.1/armv7-m\libgcc.a(_udivmoddi4.o)
                0x00009598                __exidx_end = .
                0x00009598                _etext = .

.rel.dyn        0x00009598        0x0
 .rel.iplt      0x00009598        0x0 ./src/DigitalIoPin.o

.eh_frame       0x00009598        0x0
 .eh_frame      0x00009598        0x0 c:/programs/mcuxpresso/mcuxpressoide_10.0.2_411/ide/tools/bin/../lib/gcc/arm-none-eabi/5.4.1/armv7-m\crtbegin.o

.data_RAM2      0x02004000        0x0 load address 0x00009598
 FILL mask 0xff
                [!provide]                PROVIDE (__start_data_RAM2, .)
 *(.ramfunc.$RAM2)
 *(.ramfunc.$Ram1_16)
 *(.data.$RAM2*)
 *(.data.$Ram1_16*)
                0x02004000                . = ALIGN (0x4)
                [!provide]                PROVIDE (__end_data_RAM2, .)

.data_RAM3      0x02008000        0x0 load address 0x00009598
 FILL mask 0xff
                [!provide]                PROVIDE (__start_data_RAM3, .)
 *(.ramfunc.$RAM3)
 *(.ramfunc.$Ram2_4)
 *(.data.$RAM3*)
 *(.data.$Ram2_4*)
                0x02008000                . = ALIGN (0x4)
                [!provide]                PROVIDE (__end_data_RAM3, .)

.uninit_RESERVED
                0x02000000        0x0
 *(.bss.$RESERVED*)
                0x02000000                . = ALIGN (0x4)
                0x02000000                _end_uninit_RESERVED = .

.data           0x02000000      0x9b8 load address 0x00009598
 FILL mask 0xff
                0x02000000                _data = .
 *(vtable)
 *(.ramfunc*)
 *(.data*)
 .data.t        0x02000000        0x3 ./src/LoRa_Transmitter.o
                0x02000000                t
 *fill*         0x02000003        0x1 ff
 .data.xNextTaskUnblockTime
                0x02000004        0x4 C:\Users\akai__000\Documents\MCUXpressoIDE_10.0.2_411\workspace\freertos\Debug\libfreertos.a(tasks.o)
 .data.uxCriticalNesting
                0x02000008        0x4 C:\Users\akai__000\Documents\MCUXpressoIDE_10.0.2_411\workspace\freertos\Debug\libfreertos.a(port.o)
 *fill*         0x0200000c        0x4 ff
 .data.impure_data
                0x02000010      0x428 c:/programs/mcuxpresso/mcuxpressoide_10.0.2_411/ide/tools/bin/../lib/gcc/arm-none-eabi/5.4.1/../../../../arm-none-eabi/lib/armv7-m\libc.a(lib_a-impure.o)
 .data._impure_ptr
                0x02000438        0x4 c:/programs/mcuxpresso/mcuxpressoide_10.0.2_411/ide/tools/bin/../lib/gcc/arm-none-eabi/5.4.1/../../../../arm-none-eabi/lib/armv7-m\libc.a(lib_a-impure.o)
                0x02000438                _impure_ptr
 .data.__malloc_av_
                0x0200043c      0x408 c:/programs/mcuxpresso/mcuxpressoide_10.0.2_411/ide/tools/bin/../lib/gcc/arm-none-eabi/5.4.1/../../../../arm-none-eabi/lib/armv7-m\libc.a(lib_a-mallocr.o)
                0x0200043c                __malloc_av_
 .data.__malloc_trim_threshold
                0x02000844        0x4 c:/programs/mcuxpresso/mcuxpressoide_10.0.2_411/ide/tools/bin/../lib/gcc/arm-none-eabi/5.4.1/../../../../arm-none-eabi/lib/armv7-m\libc.a(lib_a-mallocr.o)
                0x02000844                __malloc_trim_threshold
 .data.__malloc_sbrk_base
                0x02000848        0x4 c:/programs/mcuxpresso/mcuxpressoide_10.0.2_411/ide/tools/bin/../lib/gcc/arm-none-eabi/5.4.1/../../../../arm-none-eabi/lib/armv7-m\libc.a(lib_a-mallocr.o)
                0x02000848                __malloc_sbrk_base
 .data.__global_locale
                0x0200084c      0x16c c:/programs/mcuxpresso/mcuxpressoide_10.0.2_411/ide/tools/bin/../lib/gcc/arm-none-eabi/5.4.1/../../../../arm-none-eabi/lib/armv7-m\libc.a(lib_a-locale.o)
                0x0200084c                __global_locale
                0x020009b8                . = ALIGN (0x4)
                0x020009b8                _edata = .

.igot.plt       0x020009b8        0x0 load address 0x00009f50
 .igot.plt      0x020009b8        0x0 ./src/DigitalIoPin.o

.jcr            0x020009b8        0x0 load address 0x00009f50
 .jcr           0x020009b8        0x0 c:/programs/mcuxpresso/mcuxpressoide_10.0.2_411/ide/tools/bin/../lib/gcc/arm-none-eabi/5.4.1/armv7-m\crtbegin.o

.bss_RAM2       0x02004000        0x0
                [!provide]                PROVIDE (__start_bss_RAM2, .)
 *(.bss.$RAM2*)
 *(.bss.$Ram1_16*)
                0x02004000                . = ALIGN ((. != 0x0)?0x4:0x1)
                [!provide]                PROVIDE (__end_bss_RAM2, .)

.bss_RAM3       0x02008000        0x0
                [!provide]                PROVIDE (__start_bss_RAM3, .)
 *(.bss.$RAM3*)
 *(.bss.$Ram2_4*)
                0x02008000                . = ALIGN ((. != 0x0)?0x4:0x1)
                [!provide]                PROVIDE (__end_bss_RAM3, .)

.bss            0x020009b8      0x1a4
                0x020009b8                _bss = .
 *(.bss*)
 .bss.xBin      0x020009b8        0x4 ./src/LoRa_Transmitter.o
                0x020009b8                xBin
 .bss.xQueue    0x020009bc        0x4 ./src/LoRa_Transmitter.o
                0x020009bc                xQueue
 .bss.pxCurrentTCB
                0x020009c0        0x4 C:\Users\akai__000\Documents\MCUXpressoIDE_10.0.2_411\workspace\freertos\Debug\libfreertos.a(tasks.o)
                0x020009c0                pxCurrentTCB
 .bss.pxReadyTasksLists
                0x020009c4       0xa0 C:\Users\akai__000\Documents\MCUXpressoIDE_10.0.2_411\workspace\freertos\Debug\libfreertos.a(tasks.o)
 .bss.xDelayedTaskList1
                0x02000a64       0x14 C:\Users\akai__000\Documents\MCUXpressoIDE_10.0.2_411\workspace\freertos\Debug\libfreertos.a(tasks.o)
 .bss.xDelayedTaskList2
                0x02000a78       0x14 C:\Users\akai__000\Documents\MCUXpressoIDE_10.0.2_411\workspace\freertos\Debug\libfreertos.a(tasks.o)
 .bss.pxDelayedTaskList
                0x02000a8c        0x4 C:\Users\akai__000\Documents\MCUXpressoIDE_10.0.2_411\workspace\freertos\Debug\libfreertos.a(tasks.o)
 .bss.pxOverflowDelayedTaskList
                0x02000a90        0x4 C:\Users\akai__000\Documents\MCUXpressoIDE_10.0.2_411\workspace\freertos\Debug\libfreertos.a(tasks.o)
 .bss.xPendingReadyList
                0x02000a94       0x14 C:\Users\akai__000\Documents\MCUXpressoIDE_10.0.2_411\workspace\freertos\Debug\libfreertos.a(tasks.o)
 .bss.xTasksWaitingTermination
                0x02000aa8       0x14 C:\Users\akai__000\Documents\MCUXpressoIDE_10.0.2_411\workspace\freertos\Debug\libfreertos.a(tasks.o)
 .bss.uxTasksDeleted
                0x02000abc        0x4 C:\Users\akai__000\Documents\MCUXpressoIDE_10.0.2_411\workspace\freertos\Debug\libfreertos.a(tasks.o)
 .bss.xSuspendedTaskList
                0x02000ac0       0x14 C:\Users\akai__000\Documents\MCUXpressoIDE_10.0.2_411\workspace\freertos\Debug\libfreertos.a(tasks.o)
 .bss.uxCurrentNumberOfTasks
                0x02000ad4        0x4 C:\Users\akai__000\Documents\MCUXpressoIDE_10.0.2_411\workspace\freertos\Debug\libfreertos.a(tasks.o)
 .bss.xTickCount
                0x02000ad8        0x4 C:\Users\akai__000\Documents\MCUXpressoIDE_10.0.2_411\workspace\freertos\Debug\libfreertos.a(tasks.o)
 .bss.uxTopReadyPriority
                0x02000adc        0x4 C:\Users\akai__000\Documents\MCUXpressoIDE_10.0.2_411\workspace\freertos\Debug\libfreertos.a(tasks.o)
 .bss.xSchedulerRunning
                0x02000ae0        0x4 C:\Users\akai__000\Documents\MCUXpressoIDE_10.0.2_411\workspace\freertos\Debug\libfreertos.a(tasks.o)
 .bss.uxPendedTicks
                0x02000ae4        0x4 C:\Users\akai__000\Documents\MCUXpressoIDE_10.0.2_411\workspace\freertos\Debug\libfreertos.a(tasks.o)
 .bss.xYieldPending
                0x02000ae8        0x4 C:\Users\akai__000\Documents\MCUXpressoIDE_10.0.2_411\workspace\freertos\Debug\libfreertos.a(tasks.o)
 .bss.xNumOfOverflows
                0x02000aec        0x4 C:\Users\akai__000\Documents\MCUXpressoIDE_10.0.2_411\workspace\freertos\Debug\libfreertos.a(tasks.o)
 .bss.uxTaskNumber
                0x02000af0        0x4 C:\Users\akai__000\Documents\MCUXpressoIDE_10.0.2_411\workspace\freertos\Debug\libfreertos.a(tasks.o)
 .bss.uxSchedulerSuspended
                0x02000af4        0x4 C:\Users\akai__000\Documents\MCUXpressoIDE_10.0.2_411\workspace\freertos\Debug\libfreertos.a(tasks.o)
 .bss.ulTaskSwitchedInTime
                0x02000af8        0x4 C:\Users\akai__000\Documents\MCUXpressoIDE_10.0.2_411\workspace\freertos\Debug\libfreertos.a(tasks.o)
 .bss.ulTotalRunTime
                0x02000afc        0x4 C:\Users\akai__000\Documents\MCUXpressoIDE_10.0.2_411\workspace\freertos\Debug\libfreertos.a(tasks.o)
 .bss.__malloc_max_total_mem
                0x02000b00        0x4 c:/programs/mcuxpresso/mcuxpressoide_10.0.2_411/ide/tools/bin/../lib/gcc/arm-none-eabi/5.4.1/../../../../arm-none-eabi/lib/armv7-m\libc.a(lib_a-mallocr.o)
                0x02000b00                __malloc_max_total_mem
 .bss.__malloc_max_sbrked_mem
                0x02000b04        0x4 c:/programs/mcuxpresso/mcuxpressoide_10.0.2_411/ide/tools/bin/../lib/gcc/arm-none-eabi/5.4.1/../../../../arm-none-eabi/lib/armv7-m\libc.a(lib_a-mallocr.o)
                0x02000b04                __malloc_max_sbrked_mem
 .bss.__malloc_top_pad
                0x02000b08        0x4 c:/programs/mcuxpresso/mcuxpressoide_10.0.2_411/ide/tools/bin/../lib/gcc/arm-none-eabi/5.4.1/../../../../arm-none-eabi/lib/armv7-m\libc.a(lib_a-mallocr.o)
                0x02000b08                __malloc_top_pad
 .bss.__malloc_current_mallinfo
                0x02000b0c       0x28 c:/programs/mcuxpresso/mcuxpressoide_10.0.2_411/ide/tools/bin/../lib/gcc/arm-none-eabi/5.4.1/../../../../arm-none-eabi/lib/armv7-m\libc.a(lib_a-mallocr.o)
                0x02000b0c                __malloc_current_mallinfo
 .bss.__end_of_heap
                0x02000b34        0x4 c:/programs/mcuxpresso/mcuxpressoide_10.0.2_411/ide/tools/bin/../lib/gcc/arm-none-eabi/5.4.1/../../../../arm-none-eabi/lib/armv7-m\libcr_newlib_nohost.a(_cr_sbrk.o)
                0x02000b34                __end_of_heap
 .bss           0x02000b38       0x1c c:/programs/mcuxpresso/mcuxpressoide_10.0.2_411/ide/tools/bin/../lib/gcc/arm-none-eabi/5.4.1/armv7-m\crtbegin.o
 *(COMMON)
 COMMON         0x02000b54        0x4 C:\Users\akai__000\Documents\MCUXpressoIDE_10.0.2_411\workspace\lpc_chip_15xx\Debug\liblpc_chip_15xx.a(chip_15xx.o)
                0x02000b54                SystemCoreClock
 COMMON         0x02000b58        0x4 c:/programs/mcuxpresso/mcuxpressoide_10.0.2_411/ide/tools/bin/../lib/gcc/arm-none-eabi/5.4.1/../../../../arm-none-eabi/lib/armv7-m\libc.a(lib_a-reent.o)
                0x02000b58                errno
                0x02000b5c                . = ALIGN (0x4)
                0x02000b5c                _ebss = .
                [!provide]                PROVIDE (end, .)

.noinit_RAM2    0x02004000        0x0
 *(.noinit.$RAM2*)
 *(.noinit.$Ram1_16*)
                0x02004000                . = ALIGN (0x4)

.noinit_RAM3    0x02008000        0x0
 *(.noinit.$RAM3*)
 *(.noinit.$Ram2_4*)
                0x02008000                . = ALIGN (0x4)

.noinit         0x02000b5c        0x0
                0x02000b5c                _noinit = .
 *(.noinit*)
                0x02000b5c                . = ALIGN (0x4)
                0x02000b5c                _end_noinit = .
                0x02000b5c                PROVIDE (_pvHeapStart, DEFINED (__user_heap_base)?__user_heap_base:.)
                0x02004000                PROVIDE (_vStackTop, DEFINED (__user_stack_top)?__user_stack_top:(__top_Ram0_16 - 0x0))
                0xfdffb2b6                PROVIDE (__valid_user_code_checksum, (0x0 - ((((((_vStackTop + (ResetISR + 0x1)) + (NMI_Handler + 0x1)) + (HardFault_Handler + 0x1)) + (DEFINED (MemManage_Handler)?MemManage_Handler:0x0 + 0x1)) + (DEFINED (BusFault_Handler)?BusFault_Handler:0x0 + 0x1)) + (DEFINED (UsageFault_Handler)?UsageFault_Handler:0x0 + 0x1))))
OUTPUT(LoRa_Transmitter.axf elf32-littlearm)

.debug_info     0x00000000     0xe29a
 .debug_info    0x00000000      0x652 ./src/DigitalIoPin.o
 .debug_info    0x00000652      0xf12 ./src/LoRaSPI.o
 .debug_info    0x00001564      0xea4 ./src/LoRa_Transmitter.o
 .debug_info    0x00002408      0x7f1 ./src/TempI2C.o
 .debug_info    0x00002bf9      0x1b6 ./src/cr_cpp_config.o
 .debug_info    0x00002daf      0x281 ./src/cr_startup_lpc15xx.o
 .debug_info    0x00003030       0xee ./src/sysinit.o
 .debug_info    0x0000311e      0xb0d C:\Users\akai__000\Documents\MCUXpressoIDE_10.0.2_411\workspace\lpc_board_nxp_lpcxpresso_1549\Debug\liblpc_board_nxp_lpcxpresso_1549.a(board.o)
 .debug_info    0x00003c2b      0xcbc C:\Users\akai__000\Documents\MCUXpressoIDE_10.0.2_411\workspace\lpc_board_nxp_lpcxpresso_1549\Debug\liblpc_board_nxp_lpcxpresso_1549.a(board_sysinit.o)
 .debug_info    0x000048e7      0x9ae C:\Users\akai__000\Documents\MCUXpressoIDE_10.0.2_411\workspace\lpc_chip_15xx\Debug\liblpc_chip_15xx.a(chip_15xx.o)
 .debug_info    0x00005295      0xd6a C:\Users\akai__000\Documents\MCUXpressoIDE_10.0.2_411\workspace\lpc_chip_15xx\Debug\liblpc_chip_15xx.a(clock_15xx.o)
 .debug_info    0x00005fff      0x645 C:\Users\akai__000\Documents\MCUXpressoIDE_10.0.2_411\workspace\lpc_chip_15xx\Debug\liblpc_chip_15xx.a(gpio_15xx.o)
 .debug_info    0x00006644      0x437 C:\Users\akai__000\Documents\MCUXpressoIDE_10.0.2_411\workspace\lpc_chip_15xx\Debug\liblpc_chip_15xx.a(i2c_common_15xx.o)
 .debug_info    0x00006a7b      0x56b C:\Users\akai__000\Documents\MCUXpressoIDE_10.0.2_411\workspace\lpc_chip_15xx\Debug\liblpc_chip_15xx.a(i2cm_15xx.o)
 .debug_info    0x00006fe6      0x21a C:\Users\akai__000\Documents\MCUXpressoIDE_10.0.2_411\workspace\lpc_chip_15xx\Debug\liblpc_chip_15xx.a(iocon_15xx.o)
 .debug_info    0x00007200      0xa58 C:\Users\akai__000\Documents\MCUXpressoIDE_10.0.2_411\workspace\lpc_chip_15xx\Debug\liblpc_chip_15xx.a(sct_15xx.o)
 .debug_info    0x00007c58      0xa8e C:\Users\akai__000\Documents\MCUXpressoIDE_10.0.2_411\workspace\lpc_chip_15xx\Debug\liblpc_chip_15xx.a(spi_15xx.o)
 .debug_info    0x000086e6      0x60b C:\Users\akai__000\Documents\MCUXpressoIDE_10.0.2_411\workspace\lpc_chip_15xx\Debug\liblpc_chip_15xx.a(swm_15xx.o)
 .debug_info    0x00008cf1      0x76d C:\Users\akai__000\Documents\MCUXpressoIDE_10.0.2_411\workspace\lpc_chip_15xx\Debug\liblpc_chip_15xx.a(sysctl_15xx.o)
 .debug_info    0x0000945e      0x748 C:\Users\akai__000\Documents\MCUXpressoIDE_10.0.2_411\workspace\lpc_chip_15xx\Debug\liblpc_chip_15xx.a(sysinit_15xx.o)
 .debug_info    0x00009ba6      0x8f4 C:\Users\akai__000\Documents\MCUXpressoIDE_10.0.2_411\workspace\lpc_chip_15xx\Debug\liblpc_chip_15xx.a(uart_15xx.o)
 .debug_info    0x0000a49a      0xcb2 C:\Users\akai__000\Documents\MCUXpressoIDE_10.0.2_411\workspace\freertos\Debug\libfreertos.a(queue.o)
 .debug_info    0x0000b14c     0x2181 C:\Users\akai__000\Documents\MCUXpressoIDE_10.0.2_411\workspace\freertos\Debug\libfreertos.a(tasks.o)
 .debug_info    0x0000d2cd      0x1ae C:\Users\akai__000\Documents\MCUXpressoIDE_10.0.2_411\workspace\freertos\Debug\libfreertos.a(FreeRTOSCommonHooks.o)
 .debug_info    0x0000d47b      0x143 C:\Users\akai__000\Documents\MCUXpressoIDE_10.0.2_411\workspace\freertos\Debug\libfreertos.a(heap_3.o)
 .debug_info    0x0000d5be      0x2ee C:\Users\akai__000\Documents\MCUXpressoIDE_10.0.2_411\workspace\freertos\Debug\libfreertos.a(list.o)
 .debug_info    0x0000d8ac      0x38e C:\Users\akai__000\Documents\MCUXpressoIDE_10.0.2_411\workspace\freertos\Debug\libfreertos.a(port.o)
 .debug_info    0x0000dc3a      0x124 c:/programs/mcuxpresso/mcuxpressoide_10.0.2_411/ide/tools/bin/../lib/gcc/arm-none-eabi/5.4.1/../../../../arm-none-eabi/lib/armv7-m\libcr_newlib_nohost.a(_cr_sbrk.o)
 .debug_info    0x0000dd5e       0xb5 c:/programs/mcuxpresso/mcuxpressoide_10.0.2_411/ide/tools/bin/../lib/gcc/arm-none-eabi/5.4.1/../../../../arm-none-eabi/lib/armv7-m\libcr_newlib_nohost.a(close.o)
 .debug_info    0x0000de13      0x297 c:/programs/mcuxpresso/mcuxpressoide_10.0.2_411/ide/tools/bin/../lib/gcc/arm-none-eabi/5.4.1/../../../../arm-none-eabi/lib/armv7-m\libcr_newlib_nohost.a(fstat.o)
 .debug_info    0x0000e0aa       0xb5 c:/programs/mcuxpresso/mcuxpressoide_10.0.2_411/ide/tools/bin/../lib/gcc/arm-none-eabi/5.4.1/../../../../arm-none-eabi/lib/armv7-m\libcr_newlib_nohost.a(isatty.o)
 .debug_info    0x0000e15f       0xd1 c:/programs/mcuxpresso/mcuxpressoide_10.0.2_411/ide/tools/bin/../lib/gcc/arm-none-eabi/5.4.1/../../../../arm-none-eabi/lib/armv7-m\libcr_newlib_nohost.a(lseek.o)
 .debug_info    0x0000e230       0x6a c:/programs/mcuxpresso/mcuxpressoide_10.0.2_411/ide/tools/bin/../lib/gcc/arm-none-eabi/5.4.1/../../../../arm-none-eabi/lib/armv7-m\libcr_newlib_nohost.a(_cr_check_heap.o)

.debug_abbrev   0x00000000     0x3275
 .debug_abbrev  0x00000000      0x29b ./src/DigitalIoPin.o
 .debug_abbrev  0x0000029b      0x326 ./src/LoRaSPI.o
 .debug_abbrev  0x000005c1      0x327 ./src/LoRa_Transmitter.o