Archive member included to satisfy reference by file (symbol)

C:\Users\RometKalpus\Documents\MCUXpressoIDE_10.0.2_411\workspace\lpc_board_nxp_lpcxpresso_1549\Debug\liblpc_board_nxp_lpcxpresso_1549.a(board.o)
                              ./src/testProject.o (Board_LED_Set)
C:\Users\RometKalpus\Documents\MCUXpressoIDE_10.0.2_411\workspace\lpc_board_nxp_lpcxpresso_1549\Debug\liblpc_board_nxp_lpcxpresso_1549.a(board_sysinit.o)
                              ./src/sysinit.o (Board_SystemInit)
C:\Users\RometKalpus\Documents\MCUXpressoIDE_10.0.2_411\workspace\lpc_chip_15xx\Debug\liblpc_chip_15xx.a(chip_15xx.o)
                              ./src/testProject.o (SystemCoreClockUpdate)
C:\Users\RometKalpus\Documents\MCUXpressoIDE_10.0.2_411\workspace\lpc_chip_15xx\Debug\liblpc_chip_15xx.a(clock_15xx.o)
                              C:\Users\RometKalpus\Documents\MCUXpressoIDE_10.0.2_411\workspace\lpc_board_nxp_lpcxpresso_1549\Debug\liblpc_board_nxp_lpcxpresso_1549.a(board.o) (Chip_Clock_GetMainClockRate)
C:\Users\RometKalpus\Documents\MCUXpressoIDE_10.0.2_411\workspace\lpc_chip_15xx\Debug\liblpc_chip_15xx.a(gpio_15xx.o)
                              C:\Users\RometKalpus\Documents\MCUXpressoIDE_10.0.2_411\workspace\lpc_board_nxp_lpcxpresso_1549\Debug\liblpc_board_nxp_lpcxpresso_1549.a(board.o) (Chip_GPIO_Init)
C:\Users\RometKalpus\Documents\MCUXpressoIDE_10.0.2_411\workspace\lpc_chip_15xx\Debug\liblpc_chip_15xx.a(iocon_15xx.o)
                              C:\Users\RometKalpus\Documents\MCUXpressoIDE_10.0.2_411\workspace\lpc_board_nxp_lpcxpresso_1549\Debug\liblpc_board_nxp_lpcxpresso_1549.a(board_sysinit.o) (Chip_IOCON_SetPinMuxing)
C:\Users\RometKalpus\Documents\MCUXpressoIDE_10.0.2_411\workspace\lpc_chip_15xx\Debug\liblpc_chip_15xx.a(sct_15xx.o)
                              ./src/testProject.o (Chip_SCT_Init)
C:\Users\RometKalpus\Documents\MCUXpressoIDE_10.0.2_411\workspace\lpc_chip_15xx\Debug\liblpc_chip_15xx.a(swm_15xx.o)
                              C:\Users\RometKalpus\Documents\MCUXpressoIDE_10.0.2_411\workspace\lpc_board_nxp_lpcxpresso_1549\Debug\liblpc_board_nxp_lpcxpresso_1549.a(board.o) (Chip_SWM_MovablePinAssign)
C:\Users\RometKalpus\Documents\MCUXpressoIDE_10.0.2_411\workspace\lpc_chip_15xx\Debug\liblpc_chip_15xx.a(sysctl_15xx.o)
                              C:\Users\RometKalpus\Documents\MCUXpressoIDE_10.0.2_411\workspace\lpc_board_nxp_lpcxpresso_1549\Debug\liblpc_board_nxp_lpcxpresso_1549.a(board_sysinit.o) (Chip_SYSCTL_AssertPeriphReset)
C:\Users\RometKalpus\Documents\MCUXpressoIDE_10.0.2_411\workspace\lpc_chip_15xx\Debug\liblpc_chip_15xx.a(sysinit_15xx.o)
                              C:\Users\RometKalpus\Documents\MCUXpressoIDE_10.0.2_411\workspace\lpc_board_nxp_lpcxpresso_1549\Debug\liblpc_board_nxp_lpcxpresso_1549.a(board_sysinit.o) (Chip_SetupXtalClocking)
C:\Users\RometKalpus\Documents\MCUXpressoIDE_10.0.2_411\workspace\lpc_chip_15xx\Debug\liblpc_chip_15xx.a(uart_15xx.o)
                              C:\Users\RometKalpus\Documents\MCUXpressoIDE_10.0.2_411\workspace\lpc_board_nxp_lpcxpresso_1549\Debug\liblpc_board_nxp_lpcxpresso_1549.a(board.o) (Chip_UART_Init)
C:\Users\RometKalpus\Documents\MCUXpressoIDE_10.0.2_411\workspace\lpc_chip_15xx\Debug\liblpc_chip_15xx.a(ring_buffer.o)
                              C:\Users\RometKalpus\Documents\MCUXpressoIDE_10.0.2_411\workspace\lpc_chip_15xx\Debug\liblpc_chip_15xx.a(uart_15xx.o) (RingBuffer_Insert)
C:\Users\RometKalpus\Documents\MCUXpressoIDE_10.0.2_411\workspace\freertos\Debug\libfreertos.a(tasks.o)
                              ./src/testProject.o (xTaskGenericCreate)
C:\Users\RometKalpus\Documents\MCUXpressoIDE_10.0.2_411\workspace\freertos\Debug\libfreertos.a(FreeRTOSCommonHooks.o)
                              C:\Users\RometKalpus\Documents\MCUXpressoIDE_10.0.2_411\workspace\freertos\Debug\libfreertos.a(tasks.o) (vApplicationStackOverflowHook)
C:\Users\RometKalpus\Documents\MCUXpressoIDE_10.0.2_411\workspace\freertos\Debug\libfreertos.a(heap_3.o)
                              C:\Users\RometKalpus\Documents\MCUXpressoIDE_10.0.2_411\workspace\freertos\Debug\libfreertos.a(tasks.o) (pvPortMalloc)
C:\Users\RometKalpus\Documents\MCUXpressoIDE_10.0.2_411\workspace\freertos\Debug\libfreertos.a(list.o)
                              C:\Users\RometKalpus\Documents\MCUXpressoIDE_10.0.2_411\workspace\freertos\Debug\libfreertos.a(tasks.o) (vListInitialise)
C:\Users\RometKalpus\Documents\MCUXpressoIDE_10.0.2_411\workspace\freertos\Debug\libfreertos.a(port.o)
                              C:\Users\RometKalpus\Documents\MCUXpressoIDE_10.0.2_411\workspace\freertos\Debug\libfreertos.a(tasks.o) (pxPortInitialiseStack)
c:/nxp/mcuxpressoide_10.0.2_411/ide/tools/bin/../lib/gcc/arm-none-eabi/5.4.1/armv7-m\libgcc.a(_aeabi_uldivmod.o)
                              C:\Users\RometKalpus\Documents\MCUXpressoIDE_10.0.2_411\workspace\lpc_chip_15xx\Debug\liblpc_chip_15xx.a(clock_15xx.o) (__aeabi_uldivmod)
[...]
Memory Configuration

Name             Origin             Length             Attributes
MFlash256        0x00000000         0x00040000         xr
Ram0_16_32       0x02000000         0x00008000         xrw
Ram2_4           0x02008000         0x00001000         xrw
*default*        0x00000000         0xffffffff

Linker script and memory map

LOAD ./src/cr_cpp_config.o
LOAD ./src/cr_startup_lpc15xx.o
LOAD ./src/crp.o
LOAD ./src/sysinit.o
LOAD ./src/testProject.o
LOAD C:\Users\RometKalpus\Documents\MCUXpressoIDE_10.0.2_411\workspace\lpc_board_nxp_lpcxpresso_1549\Debug\liblpc_board_nxp_lpcxpresso_1549.a
LOAD C:\Users\RometKalpus\Documents\MCUXpressoIDE_10.0.2_411\workspace\lpc_chip_15xx\Debug\liblpc_chip_15xx.a
LOAD C:\Users\RometKalpus\Documents\MCUXpressoIDE_10.0.2_411\workspace\freertos\Debug\libfreertos.a
START GROUP
LOAD c:/nxp/mcuxpressoide_10.0.2_411/ide/tools/bin/../lib/gcc/arm-none-eabi/5.4.1/armv7-m\libgcc.a
LOAD c:/nxp/mcuxpressoide_10.0.2_411/ide/tools/bin/../lib/gcc/arm-none-eabi/5.4.1/../../../../arm-none-eabi/lib/armv7-m\libc.a
LOAD c:/nxp/mcuxpressoide_10.0.2_411/ide/tools/bin/../lib/gcc/arm-none-eabi/5.4.1/../../../../arm-none-eabi/lib/armv7-m\libstdc++.a
LOAD c:/nxp/mcuxpressoide_10.0.2_411/ide/tools/bin/../lib/gcc/arm-none-eabi/5.4.1/../../../../arm-none-eabi/lib/armv7-m\libm.a
LOAD c:/nxp/mcuxpressoide_10.0.2_411/ide/tools/bin/../lib/gcc/arm-none-eabi/5.4.1/../../../../arm-none-eabi/lib/armv7-m\libcr_newlib_nohost.a
LOAD c:/nxp/mcuxpressoide_10.0.2_411/ide/tools/bin/../lib/gcc/arm-none-eabi/5.4.1/armv7-m\crti.o
LOAD c:/nxp/mcuxpressoide_10.0.2_411/ide/tools/bin/../lib/gcc/arm-none-eabi/5.4.1/armv7-m\crtn.o
LOAD c:/nxp/mcuxpressoide_10.0.2_411/ide/tools/bin/../lib/gcc/arm-none-eabi/5.4.1/armv7-m\crtbegin.o
LOAD c:/nxp/mcuxpressoide_10.0.2_411/ide/tools/bin/../lib/gcc/arm-none-eabi/5.4.1/armv7-m\crtend.o
END GROUP
                0x00000000                __base_MFlash256 = 0x0
                0x00000000                __base_Flash = 0x0
                0x00040000                __top_MFlash256 = 0x40000
                0x00040000                __top_Flash = 0x40000
                0x02000000                __base_Ram0_16_32 = 0x2000000
                0x02000000                __base_RAM = 0x2000000
                0x02008000                __top_Ram0_16_32 = 0x2008000
                0x02008000                __top_RAM = 0x2008000
                0x02008000                __base_Ram2_4 = 0x2008000
                0x02008000                __base_RAM2 = 0x2008000
                0x02009000                __top_Ram2_4 = 0x2009000
                0x02009000                __top_RAM2 = 0x2009000

.text           0x00000000     0x7b60
 FILL mask 0xff
                0x00000000                __vectors_start__ = ABSOLUTE (.)
 *(.isr_vector)
 .isr_vector    0x00000000       0xfc ./src/cr_startup_lpc15xx.o
                0x00000000                g_pfnVectors
                0x000000fc                . = ALIGN (0x4)
                0x000000fc                __section_table_start = .
                0x000000fc                __data_section_table = .
                0x000000fc        0x4 LONG 0x7b68 LOADADDR (.data)
                0x00000100        0x4 LONG 0x2000000 ADDR (.data)
                0x00000104        0x4 LONG 0x9b0 SIZEOF (.data)
                0x00000108        0x4 LONG 0x7b68 LOADADDR (.data_RAM2)
                0x0000010c        0x4 LONG 0x2008000 ADDR (.data_RAM2)
                0x00000110        0x4 LONG 0x0 SIZEOF (.data_RAM2)
                0x00000114                __data_section_table_end = .
                0x00000114                __bss_section_table = .
                0x00000114        0x4 LONG 0x20009b0 ADDR (.bss)
                0x00000118        0x4 LONG 0x194 SIZEOF (.bss)
                0x0000011c        0x4 LONG 0x2008000 ADDR (.bss_RAM2)
                0x00000120        0x4 LONG 0x0 SIZEOF (.bss_RAM2)
                0x00000124                __bss_section_table_end = .
                0x00000124                __section_table_end = .
 *(.after_vectors*)
 .after_vectors
                0x00000124      0x158 ./src/cr_startup_lpc15xx.o
                0x00000124                data_init(unsigned int, unsigned int, unsigned int)
                0x00000168                bss_init(unsigned int, unsigned int)
                0x000001a0                ResetISR
                0x0000022c                NMI_Handler
                0x00000234                HardFault_Handler
                0x0000023c                MemManage_Handler
                0x00000244                BusFault_Handler
                0x0000024c                UsageFault_Handler
                0x0000025c                DebugMon_Handler
                0x00000274                UART1_IRQHandler
                0x00000274                RTC_WAKE_IRQHandler
                0x00000274                UART0_IRQHandler
                0x00000274                MRT_IRQHandler
                0x00000274                ADC1_THCMP_IRQHandler
                0x00000274                SPI1_IRQHandler
                0x00000274                PIN_INT6_IRQHandler
                0x00000274                IntDefaultHandler
                0x00000274                PIN_INT4_IRQHandler
                0x00000274                CAN_IRQHandler
                0x00000274                RTC_ALARM_IRQHandler
                0x00000274                ADC1B_IRQHandler
                0x00000274                ADC1_OVR_IRQHandler
                0x00000274                USBWakeup_IRQHandler
                0x00000274                UART2_IRQHandler
                0x00000274                ADC0_OVR_IRQHandler
                0x00000274                SCT1_IRQHandler
                0x00000274                PIN_INT2_IRQHandler
                0x00000274                USB_FIQHandler
                0x00000274                SCT3_IRQHandler
                0x00000274                PIN_INT7_IRQHandler
                0x00000274                I2C0_IRQHandler
                0x00000274                PIN_INT1_IRQHandler
                0x00000274                USB_IRQHandler
                0x00000274                BOD_IRQHandler
                0x00000274                ADC0B_IRQHandler
                0x00000274                ACMP0_IRQHandler
                0x00000274                RIT_IRQHandler
                0x00000274                SCT2_IRQHandler
                0x00000274                WDT_IRQHandler
                0x00000274                PIN_INT0_IRQHandler
                0x00000274                QEI_IRQHandler
                0x00000274                ACMP3_IRQHandler
                0x00000274                GINT0_IRQHandler
                0x00000274                DAC_IRQHandler
                0x00000274                SPI0_IRQHandler
                0x00000274                EEPROM_IRQHandler
                0x00000274                ACMP2_IRQHandler
                0x00000274                PIN_INT5_IRQHandler
                0x00000274                ADC1A_IRQHandler
                0x00000274                DMA_IRQHandler
                0x00000274                PIN_INT3_IRQHandler
                0x00000274                ACMP1_IRQHandler
                0x00000274                SCT0_IRQHandler
                0x00000274                ADC0A_IRQHandler
                0x00000274                FMC_IRQHandler
                0x00000274                GINT1_IRQHandler
                0x00000274                ADC0_THCMP_IRQHandler
 *(.text*)
 .text.SystemInit
                0x0000027c        0xc ./src/sysinit.o
                0x0000027c                SystemInit
 .text._ZL16prvSetupHardwarev
                0x00000288       0x18 ./src/testProject.o
 .text._ZL9vLEDTask1Pv
                0x000002a0       0x28 ./src/testProject.o
 .text._ZL9vLEDTask2Pv
                0x000002c8       0x28 ./src/testProject.o
 .text._ZL9vUARTTaskPv
                0x000002f0       0x28 ./src/testProject.o
 .text.vConfigureTimerForRunTimeStats
                0x00000318       0x20 ./src/testProject.o
                0x00000318                vConfigureTimerForRunTimeStats
 .text.main     0x00000338       0x84 ./src/testProject.o
                0x00000338                main
 .text.Chip_IOCON_PinMuxSet
                0x000003bc       0x2c C:\Users\RometKalpus\Documents\MCUXpressoIDE_10.0.2_411\workspace\lpc_board_nxp_lpcxpresso_1549\Debug\liblpc_board_nxp_lpcxpresso_1549.a(board.o)
 .text.Chip_SWM_MovablePortPinAssign
                0x000003e8       0x30 C:\Users\RometKalpus\Documents\MCUXpressoIDE_10.0.2_411\workspace\lpc_board_nxp_lpcxpresso_1549\Debug\liblpc_board_nxp_lpcxpresso_1549.a(board.o)
 .text.Chip_GPIO_SetPinState
                0x00000418       0x38 C:\Users\RometKalpus\Documents\MCUXpressoIDE_10.0.2_411\workspace\lpc_board_nxp_lpcxpresso_1549\Debug\liblpc_board_nxp_lpcxpresso_1549.a(board.o)
 .text.Chip_GPIO_SetPinDIROutput
                0x00000450       0x3c C:\Users\RometKalpus\Documents\MCUXpressoIDE_10.0.2_411\workspace\lpc_board_nxp_lpcxpresso_1549\Debug\liblpc_board_nxp_lpcxpresso_1549.a(board.o)
 .text.Chip_UART_Enable
                0x0000048c       0x20 C:\Users\RometKalpus\Documents\MCUXpressoIDE_10.0.2_411\workspace\lpc_board_nxp_lpcxpresso_1549\Debug\liblpc_board_nxp_lpcxpresso_1549.a(board.o)
 .text.Chip_UART_TXEnable
                0x000004ac       0x20 C:\Users\RometKalpus\Documents\MCUXpressoIDE_10.0.2_411\workspace\lpc_board_nxp_lpcxpresso_1549\Debug\liblpc_board_nxp_lpcxpresso_1549.a(board.o)
 .text.Chip_UART_ConfigData
                0x000004cc       0x28 C:\Users\RometKalpus\Documents\MCUXpressoIDE_10.0.2_411\workspace\lpc_board_nxp_lpcxpresso_1549\Debug\liblpc_board_nxp_lpcxpresso_1549.a(board.o)
 .text._write   0x000004f4       0x38 C:\Users\RometKalpus\Documents\MCUXpressoIDE_10.0.2_411\workspace\lpc_board_nxp_lpcxpresso_1549\Debug\liblpc_board_nxp_lpcxpresso_1549.a(board.o)
                0x000004f4                _write
 .text._read    0x0000052c       0x48 C:\Users\RometKalpus\Documents\MCUXpressoIDE_10.0.2_411\workspace\lpc_board_nxp_lpcxpresso_1549\Debug\liblpc_board_nxp_lpcxpresso_1549.a(board.o)
                0x0000052c                _read
 .text.Board_UARTPutChar
                0x00000574       0x24 C:\Users\RometKalpus\Documents\MCUXpressoIDE_10.0.2_411\workspace\lpc_board_nxp_lpcxpresso_1549\Debug\liblpc_board_nxp_lpcxpresso_1549.a(board.o)
                0x00000574                Board_UARTPutChar
 .text.Board_UARTGetChar
                0x00000598       0x2c C:\Users\RometKalpus\Documents\MCUXpressoIDE_10.0.2_411\workspace\lpc_board_nxp_lpcxpresso_1549\Debug\liblpc_board_nxp_lpcxpresso_1549.a(board.o)
                0x00000598                Board_UARTGetChar
 .text.Board_Debug_Init
                0x000005c4       0x70 C:\Users\RometKalpus\Documents\MCUXpressoIDE_10.0.2_411\workspace\lpc_board_nxp_lpcxpresso_1549\Debug\liblpc_board_nxp_lpcxpresso_1549.a(board.o)
                0x000005c4                Board_Debug_Init
 .text.Board_LED_Init
                0x00000634       0x5c C:\Users\RometKalpus\Documents\MCUXpressoIDE_10.0.2_411\workspace\lpc_board_nxp_lpcxpresso_1549\Debug\liblpc_board_nxp_lpcxpresso_1549.a(board.o)
 .text.Board_LED_Set
                0x00000690       0x54 C:\Users\RometKalpus\Documents\MCUXpressoIDE_10.0.2_411\workspace\lpc_board_nxp_lpcxpresso_1549\Debug\liblpc_board_nxp_lpcxpresso_1549.a(board.o)
                0x00000690                Board_LED_Set
 .text.Board_Init
                0x000006e4       0x18 C:\Users\RometKalpus\Documents\MCUXpressoIDE_10.0.2_411\workspace\lpc_board_nxp_lpcxpresso_1549\Debug\liblpc_board_nxp_lpcxpresso_1549.a(board.o)
                0x000006e4                Board_Init
 .text.Chip_SYSCTL_PeriphReset
                0x000006fc       0x24 C:\Users\RometKalpus\Documents\MCUXpressoIDE_10.0.2_411\workspace\lpc_board_nxp_lpcxpresso_1549\Debug\liblpc_board_nxp_lpcxpresso_1549.a(board_sysinit.o)
 .text.Chip_Clock_SetUSBPLLSource
                0x00000720       0x20 C:\Users\RometKalpus\Documents\MCUXpressoIDE_10.0.2_411\workspace\lpc_board_nxp_lpcxpresso_1549\Debug\liblpc_board_nxp_lpcxpresso_1549.a(board_sysinit.o)
 .text.Chip_Clock_SetupUSBPLL
                0x00000740       0x34 C:\Users\RometKalpus\Documents\MCUXpressoIDE_10.0.2_411\workspace\lpc_board_nxp_lpcxpresso_1549\Debug\liblpc_board_nxp_lpcxpresso_1549.a(board_sysinit.o)
 .text.Chip_Clock_IsUSBPLLLocked
                0x00000774       0x24 C:\Users\RometKalpus\Documents\MCUXpressoIDE_10.0.2_411\workspace\lpc_board_nxp_lpcxpresso_1549\Debug\liblpc_board_nxp_lpcxpresso_1549.a(board_sysinit.o)
 .text.Chip_Clock_SetSysTickClockDiv
                0x00000798       0x20 C:\Users\RometKalpus\Documents\MCUXpressoIDE_10.0.2_411\workspace\lpc_board_nxp_lpcxpresso_1549\Debug\liblpc_board_nxp_lpcxpresso_1549.a(board_sysinit.o)
 .text.Chip_SWM_MovablePortPinAssign
                0x000007b8       0x30 C:\Users\RometKalpus\Documents\MCUXpressoIDE_10.0.2_411\workspace\lpc_board_nxp_lpcxpresso_1549\Debug\liblpc_board_nxp_lpcxpresso_1549.a(board_sysinit.o)
 .text.Board_SetupMuxing
                0x000007e8       0x80 C:\Users\RometKalpus\Documents\MCUXpressoIDE_10.0.2_411\workspace\lpc_board_nxp_lpcxpresso_1549\Debug\liblpc_board_nxp_lpcxpresso_1549.a(board_sysinit.o)
                0x000007e8                Board_SetupMuxing
 .text.Board_SetupClocking
                0x00000868       0x3c C:\Users\RometKalpus\Documents\MCUXpressoIDE_10.0.2_411\workspace\lpc_board_nxp_lpcxpresso_1549\Debug\liblpc_board_nxp_lpcxpresso_1549.a(board_sysinit.o)
                0x00000868                Board_SetupClocking
 .text.Board_SystemInit
                0x000008a4       0x1c C:\Users\RometKalpus\Documents\MCUXpressoIDE_10.0.2_411\workspace\lpc_board_nxp_lpcxpresso_1549\Debug\liblpc_board_nxp_lpcxpresso_1549.a(board_sysinit.o)
                0x000008a4                Board_SystemInit
 .text.SystemCoreClockUpdate
                0x000008c0       0x18 C:\Users\RometKalpus\Documents\MCUXpressoIDE_10.0.2_411\workspace\lpc_chip_15xx\Debug\liblpc_chip_15xx.a(chip_15xx.o)
                0x000008c0                SystemCoreClockUpdate
 .text.Chip_Clock_SetMain_A_ClockSource
                0x000008d8       0x20 C:\Users\RometKalpus\Documents\MCUXpressoIDE_10.0.2_411\workspace\lpc_chip_15xx\Debug\liblpc_chip_15xx.a(clock_15xx.o)
 .text.Chip_Clock_GetMain_A_ClockSource
                0x000008f8       0x18 C:\Users\RometKalpus\Documents\MCUXpressoIDE_10.0.2_411\workspace\lpc_chip_15xx\Debug\liblpc_chip_15xx.a(clock_15xx.o)
 .text.Chip_Clock_SetMain_B_ClockSource
                0x00000910       0x20 C:\Users\RometKalpus\Documents\MCUXpressoIDE_10.0.2_411\workspace\lpc_chip_15xx\Debug\liblpc_chip_15xx.a(clock_15xx.o)
 .text.Chip_Clock_GetMain_B_ClockSource
                0x00000930       0x18 C:\Users\RometKalpus\Documents\MCUXpressoIDE_10.0.2_411\workspace\lpc_chip_15xx\Debug\liblpc_chip_15xx.a(clock_15xx.o)
 .text.Chip_Clock_SetUARTFRGDivider
                0x00000948       0x20 C:\Users\RometKalpus\Documents\MCUXpressoIDE_10.0.2_411\workspace\lpc_chip_15xx\Debug\liblpc_chip_15xx.a(clock_15xx.o)
 .text.Chip_Clock_GetUARTFRGDivider
                0x00000968       0x18 C:\Users\RometKalpus\Documents\MCUXpressoIDE_10.0.2_411\workspace\lpc_chip_15xx\Debug\liblpc_chip_15xx.a(clock_15xx.o)
 .text.Chip_Clock_GetMainOscRate
                0x00000980       0x14 C:\Users\RometKalpus\Documents\MCUXpressoIDE_10.0.2_411\workspace\lpc_chip_15xx\Debug\liblpc_chip_15xx.a(clock_15xx.o)
 .text.Chip_Clock_GetIntOscRate
                0x00000994       0x14 C:\Users\RometKalpus\Documents\MCUXpressoIDE_10.0.2_411\workspace\lpc_chip_15xx\Debug\liblpc_chip_15xx.a(clock_15xx.o)
 .text.Chip_Clock_GetRTCOscRate
                0x000009a8       0x14 C:\Users\RometKalpus\Documents\MCUXpressoIDE_10.0.2_411\workspace\lpc_chip_15xx\Debug\liblpc_chip_15xx.a(clock_15xx.o)
 .text.Chip_Clock_GetWDTOSCRate
                0x000009bc       0x14 C:\Users\RometKalpus\Documents\MCUXpressoIDE_10.0.2_411\workspace\lpc_chip_15xx\Debug\liblpc_chip_15xx.a(clock_15xx.o)
 .text.Chip_Clock_GetPLLFreq
                0x000009d0       0x28 C:\Users\RometKalpus\Documents\MCUXpressoIDE_10.0.2_411\workspace\lpc_chip_15xx\Debug\liblpc_chip_15xx.a(clock_15xx.o)
 .text.Chip_Clock_GetPLLInClockRate
                0x000009f8       0x38 C:\Users\RometKalpus\Documents\MCUXpressoIDE_10.0.2_411\workspace\lpc_chip_15xx\Debug\liblpc_chip_15xx.a(clock_15xx.o)
 .text.Chip_Clock_GetSystemPLLInClockRate
                0x00000a30       0x1c C:\Users\RometKalpus\Documents\MCUXpressoIDE_10.0.2_411\workspace\lpc_chip_15xx\Debug\liblpc_chip_15xx.a(clock_15xx.o)
                0x00000a30                Chip_Clock_GetSystemPLLInClockRate
 .text.Chip_Clock_GetSystemPLLOutClockRate
                0x00000a4c       0x24 C:\Users\RometKalpus\Documents\MCUXpressoIDE_10.0.2_411\workspace\lpc_chip_15xx\Debug\liblpc_chip_15xx.a(clock_15xx.o)
                0x00000a4c                Chip_Clock_GetSystemPLLOutClockRate
 .text.Chip_Clock_GetMain_A_ClockRate
                0x00000a70       0x44 C:\Users\RometKalpus\Documents\MCUXpressoIDE_10.0.2_411\workspace\lpc_chip_15xx\Debug\liblpc_chip_15xx.a(clock_15xx.o)
                0x00000a70                Chip_Clock_GetMain_A_ClockRate
 .text.Chip_Clock_GetMain_B_ClockRate
                0x00000ab4       0x58 C:\Users\RometKalpus\Documents\MCUXpressoIDE_10.0.2_411\workspace\lpc_chip_15xx\Debug\liblpc_chip_15xx.a(clock_15xx.o)
                0x00000ab4                Chip_Clock_GetMain_B_ClockRate
 .text.Chip_Clock_SetMainClockSource
                0x00000b0c       0x3c C:\Users\RometKalpus\Documents\MCUXpressoIDE_10.0.2_411\workspace\lpc_chip_15xx\Debug\liblpc_chip_15xx.a(clock_15xx.o)
                0x00000b0c                Chip_Clock_SetMainClockSource
 .text.Chip_Clock_GetMainClockRate
                0x00000b48       0x28 C:\Users\RometKalpus\Documents\MCUXpressoIDE_10.0.2_411\workspace\lpc_chip_15xx\Debug\liblpc_chip_15xx.a(clock_15xx.o)
                0x00000b48                Chip_Clock_GetMainClockRate
 .text.Chip_Clock_EnablePeriphClock
                0x00000b70       0x54 C:\Users\RometKalpus\Documents\MCUXpressoIDE_10.0.2_411\workspace\lpc_chip_15xx\Debug\liblpc_chip_15xx.a(clock_15xx.o)
                0x00000b70                Chip_Clock_EnablePeriphClock
 .text.Chip_Clock_GetUARTBaseClockRate
                0x00000bc4       0x88 C:\Users\RometKalpus\Documents\MCUXpressoIDE_10.0.2_411\workspace\lpc_chip_15xx\Debug\liblpc_chip_15xx.a(clock_15xx.o)
                0x00000bc4                Chip_Clock_GetUARTBaseClockRate
 .text.Chip_Clock_SetUARTBaseClockRate
                0x00000c4c       0xa0 C:\Users\RometKalpus\Documents\MCUXpressoIDE_10.0.2_411\workspace\lpc_chip_15xx\Debug\liblpc_chip_15xx.a(clock_15xx.o)
                0x00000c4c                Chip_Clock_SetUARTBaseClockRate
 .text.Chip_Clock_GetSystemClockRate
                0x00000cec       0x1c C:\Users\RometKalpus\Documents\MCUXpressoIDE_10.0.2_411\workspace\lpc_chip_15xx\Debug\liblpc_chip_15xx.a(clock_15xx.o)
                0x00000cec                Chip_Clock_GetSystemClockRate
 .text.Chip_SYSCTL_PeriphReset
                0x00000d08       0x24 C:\Users\RometKalpus\Documents\MCUXpressoIDE_10.0.2_411\workspace\lpc_chip_15xx\Debug\liblpc_chip_15xx.a(gpio_15xx.o)
 .text.Chip_GPIO_Init
                0x00000d2c       0x30 C:\Users\RometKalpus\Documents\MCUXpressoIDE_10.0.2_411\workspace\lpc_chip_15xx\Debug\liblpc_chip_15xx.a(gpio_15xx.o)
                0x00000d2c                Chip_GPIO_Init
 .text.Chip_IOCON_PinMuxSet
                0x00000d5c       0x2c C:\Users\RometKalpus\Documents\MCUXpressoIDE_10.0.2_411\workspace\lpc_chip_15xx\Debug\liblpc_chip_15xx.a(iocon_15xx.o)
 .text.Chip_IOCON_SetPinMuxing
                0x00000d88       0x50 C:\Users\RometKalpus\Documents\MCUXpressoIDE_10.0.2_411\workspace\lpc_chip_15xx\Debug\liblpc_chip_15xx.a(iocon_15xx.o)
                0x00000d88                Chip_IOCON_SetPinMuxing
 .text.Chip_SYSCTL_PeriphReset
                0x00000dd8       0x24 C:\Users\RometKalpus\Documents\MCUXpressoIDE_10.0.2_411\workspace\lpc_chip_15xx\Debug\liblpc_chip_15xx.a(sct_15xx.o)
 .text.Chip_SCT_Init
                0x00000dfc       0x3c C:\Users\RometKalpus\Documents\MCUXpressoIDE_10.0.2_411\workspace\lpc_chip_15xx\Debug\liblpc_chip_15xx.a(sct_15xx.o)
                0x00000dfc                Chip_SCT_Init
 .text.Chip_SWM_MovablePinAssign
                0x00000e38       0x5c C:\Users\RometKalpus\Documents\MCUXpressoIDE_10.0.2_411\workspace\lpc_chip_15xx\Debug\liblpc_chip_15xx.a(swm_15xx.o)
                0x00000e38                Chip_SWM_MovablePinAssign
 .text.Chip_SYSCTL_AssertPeriphReset
                0x00000e94       0x48 C:\Users\RometKalpus\Documents\MCUXpressoIDE_10.0.2_411\workspace\lpc_chip_15xx\Debug\liblpc_chip_15xx.a(sysctl_15xx.o)
                0x00000e94                Chip_SYSCTL_AssertPeriphReset
 .text.Chip_SYSCTL_DeassertPeriphReset
                0x00000edc       0x4c C:\Users\RometKalpus\Documents\MCUXpressoIDE_10.0.2_411\workspace\lpc_chip_15xx\Debug\liblpc_chip_15xx.a(sysctl_15xx.o)
                0x00000edc                Chip_SYSCTL_DeassertPeriphReset
 .text.Chip_SYSCTL_PowerDown
                0x00000f28       0x40 C:\Users\RometKalpus\Documents\MCUXpressoIDE_10.0.2_411\workspace\lpc_chip_15xx\Debug\liblpc_chip_15xx.a(sysctl_15xx.o)
                0x00000f28                Chip_SYSCTL_PowerDown
 .text.Chip_SYSCTL_PowerUp
                0x00000f68       0x40 C:\Users\RometKalpus\Documents\MCUXpressoIDE_10.0.2_411\workspace\lpc_chip_15xx\Debug\liblpc_chip_15xx.a(sysctl_15xx.o)
                0x00000f68                Chip_SYSCTL_PowerUp
 .text.Chip_FMC_SetFLASHAccess
                0x00000fa8       0x38 C:\Users\RometKalpus\Documents\MCUXpressoIDE_10.0.2_411\workspace\lpc_chip_15xx\Debug\liblpc_chip_15xx.a(sysinit_15xx.o)
 .text.Chip_Clock_SetSystemPLLSource
                0x00000fe0       0x20 C:\Users\RometKalpus\Documents\MCUXpressoIDE_10.0.2_411\workspace\lpc_chip_15xx\Debug\liblpc_chip_15xx.a(sysinit_15xx.o)
 .text.Chip_Clock_SetupSystemPLL
                0x00001000       0x34 C:\Users\RometKalpus\Documents\MCUXpressoIDE_10.0.2_411\workspace\lpc_chip_15xx\Debug\liblpc_chip_15xx.a(sysinit_15xx.o)
 .text.Chip_Clock_IsSystemPLLLocked
                0x00001034       0x24 C:\Users\RometKalpus\Documents\MCUXpressoIDE_10.0.2_411\workspace\lpc_chip_15xx\Debug\liblpc_chip_15xx.a(sysinit_15xx.o)
 .text.Chip_Clock_SetSysClockDiv
                0x00001058       0x20 C:\Users\RometKalpus\Documents\MCUXpressoIDE_10.0.2_411\workspace\lpc_chip_15xx\Debug\liblpc_chip_15xx.a(sysinit_15xx.o)
 .text.Chip_SetupXtalClocking
                0x00001078       0x6c C:\Users\RometKalpus\Documents\MCUXpressoIDE_10.0.2_411\workspace\lpc_chip_15xx\Debug\liblpc_chip_15xx.a(sysinit_15xx.o)
                0x00001078                Chip_SetupXtalClocking
 .text.Chip_SYSCTL_PeriphReset
                0x000010e4       0x24 C:\Users\RometKalpus\Documents\MCUXpressoIDE_10.0.2_411\workspace\lpc_chip_15xx\Debug\liblpc_chip_15xx.a(uart_15xx.o)
 .text.Chip_UART_SendByte
                0x00001108       0x1c C:\Users\RometKalpus\Documents\MCUXpressoIDE_10.0.2_411\workspace\lpc_chip_15xx\Debug\liblpc_chip_15xx.a(uart_15xx.o)
 .text.Chip_UART_ReadByte
                0x00001124       0x1c C:\Users\RometKalpus\Documents\MCUXpressoIDE_10.0.2_411\workspace\lpc_chip_15xx\Debug\liblpc_chip_15xx.a(uart_15xx.o)
 .text.Chip_UART_GetStatus
                0x00001140       0x18 C:\Users\RometKalpus\Documents\MCUXpressoIDE_10.0.2_411\workspace\lpc_chip_15xx\Debug\liblpc_chip_15xx.a(uart_15xx.o)
 .text.getUARTClockID
                0x00001158       0x34 C:\Users\RometKalpus\Documents\MCUXpressoIDE_10.0.2_411\workspace\lpc_chip_15xx\Debug\liblpc_chip_15xx.a(uart_15xx.o)
 .text.Chip_UART_Init
                0x0000118c       0x4c C:\Users\RometKalpus\Documents\MCUXpressoIDE_10.0.2_411\workspace\lpc_chip_15xx\Debug\liblpc_chip_15xx.a(uart_15xx.o)
                0x0000118c                Chip_UART_Init
 .text.Chip_UART_Send
                0x000011d8       0x50 C:\Users\RometKalpus\Documents\MCUXpressoIDE_10.0.2_411\workspace\lpc_chip_15xx\Debug\liblpc_chip_15xx.a(uart_15xx.o)
                0x000011d8                Chip_UART_Send
 .text.Chip_UART_SendBlocking
                0x00001228       0x4c C:\Users\RometKalpus\Documents\MCUXpressoIDE_10.0.2_411\workspace\lpc_chip_15xx\Debug\liblpc_chip_15xx.a(uart_15xx.o)
                0x00001228                Chip_UART_SendBlocking
 .text.Chip_UART_Read
                0x00001274       0x54 C:\Users\RometKalpus\Documents\MCUXpressoIDE_10.0.2_411\workspace\lpc_chip_15xx\Debug\liblpc_chip_15xx.a(uart_15xx.o)
                0x00001274                Chip_UART_Read
 .text.Chip_UART_SetBaud
                0x000012c8       0x2c C:\Users\RometKalpus\Documents\MCUXpressoIDE_10.0.2_411\workspace\lpc_chip_15xx\Debug\liblpc_chip_15xx.a(uart_15xx.o)
                0x000012c8                Chip_UART_SetBaud
 .text.xTaskGenericCreate
                0x000012f4      0x144 C:\Users\RometKalpus\Documents\MCUXpressoIDE_10.0.2_411\workspace\freertos\Debug\libfreertos.a(tasks.o)
                0x000012f4                xTaskGenericCreate
 .text.vTaskDelay
                0x00001438       0x54 C:\Users\RometKalpus\Documents\MCUXpressoIDE_10.0.2_411\workspace\freertos\Debug\libfreertos.a(tasks.o)
                0x00001438                vTaskDelay
 .text.vTaskStartScheduler
                0x0000148c       0x6c C:\Users\RometKalpus\Documents\MCUXpressoIDE_10.0.2_411\workspace\freertos\Debug\libfreertos.a(tasks.o)
                0x0000148c                vTaskStartScheduler
 .text.vTaskSuspendAll
                0x000014f8       0x1c C:\Users\RometKalpus\Documents\MCUXpressoIDE_10.0.2_411\workspace\freertos\Debug\libfreertos.a(tasks.o)
                0x000014f8                vTaskSuspendAll
 .text.xTaskResumeAll
                0x00001514       0xfc C:\Users\RometKalpus\Documents\MCUXpressoIDE_10.0.2_411\workspace\freertos\Debug\libfreertos.a(tasks.o)
                0x00001514                xTaskResumeAll
 .text.xTaskIncrementTick
                0x00001610      0x15c C:\Users\RometKalpus\Documents\MCUXpressoIDE_10.0.2_411\workspace\freertos\Debug\libfreertos.a(tasks.o)
                0x00001610                xTaskIncrementTick
 .text.vTaskSwitchContext
                0x0000176c       0xf4 C:\Users\RometKalpus\Documents\MCUXpressoIDE_10.0.2_411\workspace\freertos\Debug\libfreertos.a(tasks.o)
                0x0000176c                vTaskSwitchContext
 .text.prvIdleTask
                0x00001860       0x20 C:\Users\RometKalpus\Documents\MCUXpressoIDE_10.0.2_411\workspace\freertos\Debug\libfreertos.a(tasks.o)
 .text.prvInitialiseTCBVariables
                0x00001880      0x118 C:\Users\RometKalpus\Documents\MCUXpressoIDE_10.0.2_411\workspace\freertos\Debug\libfreertos.a(tasks.o)
 .text.prvInitialiseTaskLists
                0x00001998       0x80 C:\Users\RometKalpus\Documents\MCUXpressoIDE_10.0.2_411\workspace\freertos\Debug\libfreertos.a(tasks.o)
 .text.prvCheckTasksWaitingTermination
                0x00001a18       0x78 C:\Users\RometKalpus\Documents\MCUXpressoIDE_10.0.2_411\workspace\freertos\Debug\libfreertos.a(tasks.o)
 .text.prvAddCurrentTaskToDelayedList
                0x00001a90       0x6c C:\Users\RometKalpus\Documents\MCUXpressoIDE_10.0.2_411\workspace\freertos\Debug\libfreertos.a(tasks.o)
 .text.prvAllocateTCBAndStack
                0x00001afc       0x64 C:\Users\RometKalpus\Documents\MCUXpressoIDE_10.0.2_411\workspace\freertos\Debug\libfreertos.a(tasks.o)
 .text.prvDeleteTCB
                0x00001b60       0x2c C:\Users\RometKalpus\Documents\MCUXpressoIDE_10.0.2_411\workspace\freertos\Debug\libfreertos.a(tasks.o)
 .text.prvResetNextTaskUnblockTime
                0x00001b8c       0x48 C:\Users\RometKalpus\Documents\MCUXpressoIDE_10.0.2_411\workspace\freertos\Debug\libfreertos.a(tasks.o)
 .text.vApplicationStackOverflowHook
                0x00001bd4       0x14 C:\Users\RometKalpus\Documents\MCUXpressoIDE_10.0.2_411\workspace\freertos\Debug\libfreertos.a(FreeRTOSCommonHooks.o)
                0x00001bd4                vApplicationStackOverflowHook
 .text.pvPortMalloc
                0x00001be8       0x24 C:\Users\RometKalpus\Documents\MCUXpressoIDE_10.0.2_411\workspace\freertos\Debug\libfreertos.a(heap_3.o)
                0x00001be8                pvPortMalloc
 .text.vPortFree
                0x00001c0c       0x24 C:\Users\RometKalpus\Documents\MCUXpressoIDE_10.0.2_411\workspace\freertos\Debug\libfreertos.a(heap_3.o)
                0x00001c0c                vPortFree
 .text.vListInitialise
                0x00001c30       0x40 C:\Users\RometKalpus\Documents\MCUXpressoIDE_10.0.2_411\workspace\freertos\Debug\libfreertos.a(list.o)
                0x00001c30                vListInitialise
 .text.vListInitialiseItem
                0x00001c70       0x18 C:\Users\RometKalpus\Documents\MCUXpressoIDE_10.0.2_411\workspace\freertos\Debug\libfreertos.a(list.o)
                0x00001c70                vListInitialiseItem
 .text.vListInsertEnd
                0x00001c88       0x48 C:\Users\RometKalpus\Documents\MCUXpressoIDE_10.0.2_411\workspace\freertos\Debug\libfreertos.a(list.o)
                0x00001c88                vListInsertEnd
 .text.vListInsert
                0x00001cd0       0x70 C:\Users\RometKalpus\Documents\MCUXpressoIDE_10.0.2_411\workspace\freertos\Debug\libfreertos.a(list.o)
                0x00001cd0                vListInsert
 .text.uxListRemove
                0x00001d40       0x54 C:\Users\RometKalpus\Documents\MCUXpressoIDE_10.0.2_411\workspace\freertos\Debug\libfreertos.a(list.o)
                0x00001d40                uxListRemove
 .text.pxPortInitialiseStack
                0x00001d94       0x54 C:\Users\RometKalpus\Documents\MCUXpressoIDE_10.0.2_411\workspace\freertos\Debug\libfreertos.a(port.o)
                0x00001d94                pxPortInitialiseStack
 .text.prvTaskExitError
                0x00001de8        0xc C:\Users\RometKalpus\Documents\MCUXpressoIDE_10.0.2_411\workspace\freertos\Debug\libfreertos.a(port.o)
 .text.SVC_Handler
                0x00001df4       0x28 C:\Users\RometKalpus\Documents\MCUXpressoIDE_10.0.2_411\workspace\freertos\Debug\libfreertos.a(port.o)
                0x00001df4                SVC_Handler
 .text.prvPortStartFirstTask
                0x00001e1c       0x20 C:\Users\RometKalpus\Documents\MCUXpressoIDE_10.0.2_411\workspace\freertos\Debug\libfreertos.a(port.o)
 .text.xPortStartScheduler
                0x00001e3c       0x3c C:\Users\RometKalpus\Documents\MCUXpressoIDE_10.0.2_411\workspace\freertos\Debug\libfreertos.a(port.o)
                0x00001e3c                xPortStartScheduler
 .text.vPortYield
                0x00001e78       0x20 C:\Users\RometKalpus\Documents\MCUXpressoIDE_10.0.2_411\workspace\freertos\Debug\libfreertos.a(port.o)
                0x00001e78                vPortYield
 .text.vPortEnterCritical
                0x00001e98       0x24 C:\Users\RometKalpus\Documents\MCUXpressoIDE_10.0.2_411\workspace\freertos\Debug\libfreertos.a(port.o)
                0x00001e98                vPortEnterCritical
 .text.vPortExitCritical
                0x00001ebc       0x24 C:\Users\RometKalpus\Documents\MCUXpressoIDE_10.0.2_411\workspace\freertos\Debug\libfreertos.a(port.o)
                0x00001ebc                vPortExitCritical
 .text.ulPortSetInterruptMask
                0x00001ee0       0x14 C:\Users\RometKalpus\Documents\MCUXpressoIDE_10.0.2_411\workspace\freertos\Debug\libfreertos.a(port.o)
                0x00001ee0                ulPortSetInterruptMask
 .text.vPortClearInterruptMask
                0x00001ef4        0x8 C:\Users\RometKalpus\Documents\MCUXpressoIDE_10.0.2_411\workspace\freertos\Debug\libfreertos.a(port.o)
                0x00001ef4                vPortClearInterruptMask
 .text.PendSV_Handler
                0x00001efc       0x48 C:\Users\RometKalpus\Documents\MCUXpressoIDE_10.0.2_411\workspace\freertos\Debug\libfreertos.a(port.o)
                0x00001efc                PendSV_Handler
 .text.SysTick_Handler
                0x00001f44       0x28 C:\Users\RometKalpus\Documents\MCUXpressoIDE_10.0.2_411\workspace\freertos\Debug\libfreertos.a(port.o)
                0x00001f44                SysTick_Handler
 .text.vPortSetupTimerInterrupt
                0x00001f6c       0x34 C:\Users\RometKalpus\Documents\MCUXpressoIDE_10.0.2_411\workspace\freertos\Debug\libfreertos.a(port.o)
                0x00001f6c                vPortSetupTimerInterrupt
 .text          0x00001fa0       0x30 c:/nxp/mcuxpressoide_10.0.2_411/ide/tools/bin/../lib/gcc/arm-none-eabi/5.4.1/armv7-m\libgcc.a(_aeabi_uldivmod.o)
                0x00001fa0                __aeabi_uldivmod
 .text          0x00001fd0      0x2ec c:/nxp/mcuxpressoide_10.0.2_411/ide/tools/bin/../lib/gcc/arm-none-eabi/5.4.1/armv7-m\libgcc.a(_udivmoddi4.o)
                0x00001fd0                __udivmoddi4
 .text          0x000022bc        0x4 c:/nxp/mcuxpressoide_10.0.2_411/ide/tools/bin/../lib/gcc/arm-none-eabi/5.4.1/armv7-m\libgcc.a(_dvmd_tls.o)
                0x000022bc                __aeabi_idiv0
                0x000022bc                __aeabi_ldiv0
 .text.__libc_init_array
                0x000022c0       0x50 c:/nxp/mcuxpressoide_10.0.2_411/ide/tools/bin/../lib/gcc/arm-none-eabi/5.4.1/../../../../arm-none-eabi/lib/armv7-m\libc.a(lib_a-init.o)
                0x000022c0                __libc_init_array
 .text.malloc   0x00002310       0x10 c:/nxp/mcuxpressoide_10.0.2_411/ide/tools/bin/../lib/gcc/arm-none-eabi/5.4.1/../../../../arm-none-eabi/lib/armv7-m\libc.a(lib_a-malloc.o)
                0x00002310                malloc
 .text.free     0x00002320       0x10 c:/nxp/mcuxpressoide_10.0.2_411/ide/tools/bin/../lib/gcc/arm-none-eabi/5.4.1/../../../../arm-none-eabi/lib/armv7-m\libc.a(lib_a-malloc.o)
                0x00002320                free
 .text._malloc_r
                0x00002330      0x558 c:/nxp/mcuxpressoide_10.0.2_411/ide/tools/bin/../lib/gcc/arm-none-eabi/5.4.1/../../../../arm-none-eabi/lib/armv7-m\libc.a(lib_a-mallocr.o)
                0x00002330                _malloc_r
 .text.memcmp   0x00002888       0x64 c:/nxp/mcuxpressoide_10.0.2_411/ide/tools/bin/../lib/gcc/arm-none-eabi/5.4.1/../../../../arm-none-eabi/lib/armv7-m\libc.a(lib_a-memcmp.o)
                0x00002888                memcmp
 .text          0x000028ec       0xec c:/nxp/mcuxpressoide_10.0.2_411/ide/tools/bin/../lib/gcc/arm-none-eabi/5.4.1/../../../../arm-none-eabi/lib/armv7-m\libc.a(lib_a-memcpy.o)
                0x000028ec                memcpy
 .text.memset   0x000029d8       0x9c c:/nxp/mcuxpressoide_10.0.2_411/ide/tools/bin/../lib/gcc/arm-none-eabi/5.4.1/../../../../arm-none-eabi/lib/armv7-m\libc.a(lib_a-memset.o)
                0x000029d8                memset
 .text.__malloc_lock
                0x00002a74        0x4 c:/nxp/mcuxpressoide_10.0.2_411/ide/tools/bin/../lib/gcc/arm-none-eabi/5.4.1/../../../../arm-none-eabi/lib/armv7-m\libc.a(lib_a-mlock.o)
                0x00002a74                __malloc_lock
 .text.__malloc_unlock
                0x00002a78        0x4 c:/nxp/mcuxpressoide_10.0.2_411/ide/tools/bin/../lib/gcc/arm-none-eabi/5.4.1/../../../../arm-none-eabi/lib/armv7-m\libc.a(lib_a-mlock.o)
                0x00002a78                __malloc_unlock
 .text.printf   0x00002a7c       0x28 c:/nxp/mcuxpressoide_10.0.2_411/ide/tools/bin/../lib/gcc/arm-none-eabi/5.4.1/../../../../arm-none-eabi/lib/armv7-m\libc.a(lib_a-printf.o)
                0x00002a7c                printf
 .text.cleanup_glue
                0x00002aa4       0x1c c:/nxp/mcuxpressoide_10.0.2_411/ide/tools/bin/../lib/gcc/arm-none-eabi/5.4.1/../../../../arm-none-eabi/lib/armv7-m\libc.a(lib_a-reent.o)
                0x00002aa4                cleanup_glue
 .text._reclaim_reent
                0x00002ac0       0x88 c:/nxp/mcuxpressoide_10.0.2_411/ide/tools/bin/../lib/gcc/arm-none-eabi/5.4.1/../../../../arm-none-eabi/lib/armv7-m\libc.a(lib_a-reent.o)
                0x00002ac0                _reclaim_reent
 .text._sbrk_r  0x00002b48       0x24 c:/nxp/mcuxpressoide_10.0.2_411/ide/tools/bin/../lib/gcc/arm-none-eabi/5.4.1/../../../../arm-none-eabi/lib/armv7-m\libc.a(lib_a-sbrkr.o)
                0x00002b48                _sbrk_r
 .text._vfprintf_r
                0x00002b6c     0x1798 c:/nxp/mcuxpressoide_10.0.2_411/ide/tools/bin/../lib/gcc/arm-none-eabi/5.4.1/../../../../arm-none-eabi/lib/armv7-m\libc.a(lib_a-vfprintf.o)
                0x00002b6c                _vfprintf_r
 .text.__sbprintf
                0x00004304       0x6c c:/nxp/mcuxpressoide_10.0.2_411/ide/tools/bin/../lib/gcc/arm-none-eabi/5.4.1/../../../../arm-none-eabi/lib/armv7-m\libc.a(lib_a-vfprintf.o)
 .text.__swsetup_r
                0x00004370       0xc8 c:/nxp/mcuxpressoide_10.0.2_411/ide/tools/bin/../lib/gcc/arm-none-eabi/5.4.1/../../../../arm-none-eabi/lib/armv7-m\libc.a(lib_a-wsetup.o)
                0x00004370                __swsetup_r
 .text.quorem   0x00004438      0x12c c:/nxp/mcuxpressoide_10.0.2_411/ide/tools/bin/../lib/gcc/arm-none-eabi/5.4.1/../../../../arm-none-eabi/lib/armv7-m\libc.a(lib_a-dtoa.o)
 *fill*         0x00004564        0x4 ff
 .text._dtoa_r  0x00004568      0xe4c c:/nxp/mcuxpressoide_10.0.2_411/ide/tools/bin/../lib/gcc/arm-none-eabi/5.4.1/../../../../arm-none-eabi/lib/armv7-m\libc.a(lib_a-dtoa.o)
                0x00004568                _dtoa_r
 .text.__sflush_r
                0x000053b4      0x148 c:/nxp/mcuxpressoide_10.0.2_411/ide/tools/bin/../lib/gcc/arm-none-eabi/5.4.1/../../../../arm-none-eabi/lib/armv7-m\libc.a(lib_a-fflush.o)
                0x000053b4                __sflush_r
 .text._fflush_r
                0x000054fc       0x2c c:/nxp/mcuxpressoide_10.0.2_411/ide/tools/bin/../lib/gcc/arm-none-eabi/5.4.1/../../../../arm-none-eabi/lib/armv7-m\libc.a(lib_a-fflush.o)
                0x000054fc                _fflush_r
 .text._cleanup_r
                0x00005528        0xc c:/nxp/mcuxpressoide_10.0.2_411/ide/tools/bin/../lib/gcc/arm-none-eabi/5.4.1/../../../../arm-none-eabi/lib/armv7-m\libc.a(lib_a-findfp.o)
                0x00005528                _cleanup_r
 .text.__sinit.part.1
                0x00005534       0xf0 c:/nxp/mcuxpressoide_10.0.2_411/ide/tools/bin/../lib/gcc/arm-none-eabi/5.4.1/../../../../arm-none-eabi/lib/armv7-m\libc.a(lib_a-findfp.o)
 .text.__sinit  0x00005624        0xc c:/nxp/mcuxpressoide_10.0.2_411/ide/tools/bin/../lib/gcc/arm-none-eabi/5.4.1/../../../../arm-none-eabi/lib/armv7-m\libc.a(lib_a-findfp.o)
                0x00005624                __sinit
 .text.__sfp_lock_acquire
                0x00005630        0x4 c:/nxp/mcuxpressoide_10.0.2_411/ide/tools/bin/../lib/gcc/arm-none-eabi/5.4.1/../../../../arm-none-eabi/lib/armv7-m\libc.a(lib_a-findfp.o)
                0x00005630                __sfp_lock_acquire
 .text.__sfp_lock_release
                0x00005634        0x4 c:/nxp/mcuxpressoide_10.0.2_411/ide/tools/bin/../lib/gcc/arm-none-eabi/5.4.1/../../../../arm-none-eabi/lib/armv7-m\libc.a(lib_a-findfp.o)
                0x00005634                __sfp_lock_release
 .text._malloc_trim_r
                0x00005638       0x9c c:/nxp/mcuxpressoide_10.0.2_411/ide/tools/bin/../lib/gcc/arm-none-eabi/5.4.1/../../../../arm-none-eabi/lib/armv7-m\libc.a(lib_a-freer.o)
                0x00005638                _malloc_trim_r
 .text._free_r  0x000056d4      0x1d0 c:/nxp/mcuxpressoide_10.0.2_411/ide/tools/bin/../lib/gcc/arm-none-eabi/5.4.1/../../../../arm-none-eabi/lib/armv7-m\libc.a(lib_a-freer.o)
                0x000056d4                _free_r
 .text._fwalk_reent
                0x000058a4       0x50 c:/nxp/mcuxpressoide_10.0.2_411/ide/tools/bin/../lib/gcc/arm-none-eabi/5.4.1/../../../../arm-none-eabi/lib/armv7-m\libc.a(lib_a-fwalk.o)
                0x000058a4                _fwalk_reent
 .text._localeconv_r
                0x000058f4       0x1c c:/nxp/mcuxpressoide_10.0.2_411/ide/tools/bin/../lib/gcc/arm-none-eabi/5.4.1/../../../../arm-none-eabi/lib/armv7-m\libc.a(lib_a-localeconv.o)
                0x000058f4                _localeconv_r
 .text.__swhatbuf_r
                0x00005910       0x60 c:/nxp/mcuxpressoide_10.0.2_411/ide/tools/bin/../lib/gcc/arm-none-eabi/5.4.1/../../../../arm-none-eabi/lib/armv7-m\libc.a(lib_a-makebuf.o)
                0x00005910                __swhatbuf_r
 .text.__smakebuf_r
                0x00005970       0x88 c:/nxp/mcuxpressoide_10.0.2_411/ide/tools/bin/../lib/gcc/arm-none-eabi/5.4.1/../../../../arm-none-eabi/lib/armv7-m\libc.a(lib_a-makebuf.o)
                0x00005970                __smakebuf_r
 .text.memchr   0x000059f8       0x8c c:/nxp/mcuxpressoide_10.0.2_411/ide/tools/bin/../lib/gcc/arm-none-eabi/5.4.1/../../../../arm-none-eabi/lib/armv7-m\libc.a(lib_a-memchr-stub.o)
                0x000059f8                memchr
 .text._Balloc  0x00005a84       0x50 c:/nxp/mcuxpressoide_10.0.2_411/ide/tools/bin/../lib/gcc/arm-none-eabi/5.4.1/../../../../arm-none-eabi/lib/armv7-m\libc.a(lib_a-mprec.o)
                0x00005a84                _Balloc
 .text._Bfree   0x00005ad4       0x14 c:/nxp/mcuxpressoide_10.0.2_411/ide/tools/bin/../lib/gcc/arm-none-eabi/5.4.1/../../../../arm-none-eabi/lib/armv7-m\libc.a(lib_a-mprec.o)
                0x00005ad4                _Bfree
 .text.__multadd
                0x00005ae8       0x80 c:/nxp/mcuxpressoide_10.0.2_411/ide/tools/bin/../lib/gcc/arm-none-eabi/5.4.1/../../../../arm-none-eabi/lib/armv7-m\libc.a(lib_a-mprec.o)
                0x00005ae8                __multadd
 .text.__hi0bits
                0x00005b68       0x40 c:/nxp/mcuxpressoide_10.0.2_411/ide/tools/bin/../lib/gcc/arm-none-eabi/5.4.1/../../../../arm-none-eabi/lib/armv7-m\libc.a(lib_a-mprec.o)
                0x00005b68                __hi0bits
 .text.__lo0bits
                0x00005ba8       0x5c c:/nxp/mcuxpressoide_10.0.2_411/ide/tools/bin/../lib/gcc/arm-none-eabi/5.4.1/../../../../arm-none-eabi/lib/armv7-m\libc.a(lib_a-mprec.o)
                0x00005ba8                __lo0bits
 .text.__i2b    0x00005c04       0x14 c:/nxp/mcuxpressoide_10.0.2_411/ide/tools/bin/../lib/gcc/arm-none-eabi/5.4.1/../../../../arm-none-eabi/lib/armv7-m\libc.a(lib_a-mprec.o)
                0x00005c04                __i2b
 .text.__multiply
                0x00005c18      0x13c c:/nxp/mcuxpressoide_10.0.2_411/ide/tools/bin/../lib/gcc/arm-none-eabi/5.4.1/../../../../arm-none-eabi/lib/armv7-m\libc.a(lib_a-mprec.o)
                0x00005c18                __multiply
 .text.__pow5mult
                0x00005d54       0xa0 c:/nxp/mcuxpressoide_10.0.2_411/ide/tools/bin/../lib/gcc/arm-none-eabi/5.4.1/../../../../arm-none-eabi/lib/armv7-m\libc.a(lib_a-mprec.o)
                0x00005d54                __pow5mult
 .text.__lshift
                0x00005df4       0xac c:/nxp/mcuxpressoide_10.0.2_411/ide/tools/bin/../lib/gcc/arm-none-eabi/5.4.1/../../../../arm-none-eabi/lib/armv7-m\libc.a(lib_a-mprec.o)
                0x00005df4                __lshift
 .text.__mcmp   0x00005ea0       0x40 c:/nxp/mcuxpressoide_10.0.2_411/ide/tools/bin/../lib/gcc/arm-none-eabi/5.4.1/../../../../arm-none-eabi/lib/armv7-m\libc.a(lib_a-mprec.o)
                0x00005ea0                __mcmp
 .text.__mdiff  0x00005ee0      0x128 c:/nxp/mcuxpressoide_10.0.2_411/ide/tools/bin/../lib/gcc/arm-none-eabi/5.4.1/../../../../arm-none-eabi/lib/armv7-m\libc.a(lib_a-mprec.o)
                0x00005ee0                __mdiff
 .text.__d2b    0x00006008       0xa8 c:/nxp/mcuxpressoide_10.0.2_411/ide/tools/bin/../lib/gcc/arm-none-eabi/5.4.1/../../../../arm-none-eabi/lib/armv7-m\libc.a(lib_a-mprec.o)
                0x00006008                __d2b
 .text.__sread  0x000060b0       0x24 c:/nxp/mcuxpressoide_10.0.2_411/ide/tools/bin/../lib/gcc/arm-none-eabi/5.4.1/../../../../arm-none-eabi/lib/armv7-m\libc.a(lib_a-stdio.o)
                0x000060b0                __sread
 .text.__swrite
                0x000060d4       0x3c c:/nxp/mcuxpressoide_10.0.2_411/ide/tools/bin/../lib/gcc/arm-none-eabi/5.4.1/../../../../arm-none-eabi/lib/armv7-m\libc.a(lib_a-stdio.o)
                0x000060d4                __swrite
 .text.__sseek  0x00006110       0x20 c:/nxp/mcuxpressoide_10.0.2_411/ide/tools/bin/../lib/gcc/arm-none-eabi/5.4.1/../../../../arm-none-eabi/lib/armv7-m\libc.a(lib_a-stdio.o)
                0x00006110                __sseek
 .text.__sclose
                0x00006130        0x8 c:/nxp/mcuxpressoide_10.0.2_411/ide/tools/bin/../lib/gcc/arm-none-eabi/5.4.1/../../../../arm-none-eabi/lib/armv7-m\libc.a(lib_a-stdio.o)
                0x00006130                __sclose
 .text.strlen   0x00006138       0x5c c:/nxp/mcuxpressoide_10.0.2_411/ide/tools/bin/../lib/gcc/arm-none-eabi/5.4.1/../../../../arm-none-eabi/lib/armv7-m\libc.a(lib_a-strlen-stub.o)
                0x00006138                strlen
 .text.__sprint_r.part.0
                0x00006194       0x78 c:/nxp/mcuxpressoide_10.0.2_411/ide/tools/bin/../lib/gcc/arm-none-eabi/5.4.1/../../../../arm-none-eabi/lib/armv7-m\libc.a(lib_a-vfiprintf.o)
 .text.__sprint_r
                0x0000620c       0x14 c:/nxp/mcuxpressoide_10.0.2_411/ide/tools/bin/../lib/gcc/arm-none-eabi/5.4.1/../../../../arm-none-eabi/lib/armv7-m\libc.a(lib_a-vfiprintf.o)
                0x0000620c                __sprint_r
 .text._write_r
                0x00006220       0x2c c:/nxp/mcuxpressoide_10.0.2_411/ide/tools/bin/../lib/gcc/arm-none-eabi/5.4.1/../../../../arm-none-eabi/lib/armv7-m\libc.a(lib_a-writer.o)
                0x00006220                _write_r
 .text._calloc_r
                0x0000624c       0x60 c:/nxp/mcuxpressoide_10.0.2_411/ide/tools/bin/../lib/gcc/arm-none-eabi/5.4.1/../../../../arm-none-eabi/lib/armv7-m\libc.a(lib_a-callocr.o)
                0x0000624c                _calloc_r
 .text._close_r
                0x000062ac       0x24 c:/nxp/mcuxpressoide_10.0.2_411/ide/tools/bin/../lib/gcc/arm-none-eabi/5.4.1/../../../../arm-none-eabi/lib/armv7-m\libc.a(lib_a-closer.o)
                0x000062ac                _close_r
 .text._fclose_r
                0x000062d0       0x84 c:/nxp/mcuxpressoide_10.0.2_411/ide/tools/bin/../lib/gcc/arm-none-eabi/5.4.1/../../../../arm-none-eabi/lib/armv7-m\libc.a(lib_a-fclose.o)
                0x000062d0                _fclose_r
 .text.__fputwc
                0x00006354       0x94 c:/nxp/mcuxpressoide_10.0.2_411/ide/tools/bin/../lib/gcc/arm-none-eabi/5.4.1/../../../../arm-none-eabi/lib/armv7-m\libc.a(lib_a-fputwc.o)
                0x00006354                __fputwc
 .text._fputwc_r
                0x000063e8       0x24 c:/nxp/mcuxpressoide_10.0.2_411/ide/tools/bin/../lib/gcc/arm-none-eabi/5.4.1/../../../../arm-none-eabi/lib/armv7-m\libc.a(lib_a-fputwc.o)
                0x000063e8                _fputwc_r
 .text._fstat_r
                0x0000640c       0x28 c:/nxp/mcuxpressoide_10.0.2_411/ide/tools/bin/../lib/gcc/arm-none-eabi/5.4.1/../../../../arm-none-eabi/lib/armv7-m\libc.a(lib_a-fstatr.o)
                0x0000640c                _fstat_r
 .text.__sfvwrite_r
                0x00006434      0x308 c:/nxp/mcuxpressoide_10.0.2_411/ide/tools/bin/../lib/gcc/arm-none-eabi/5.4.1/../../../../arm-none-eabi/lib/armv7-m\libc.a(lib_a-fvwrite.o)
                0x00006434                __sfvwrite_r
 .text._isatty_r
                0x0000673c       0x24 c:/nxp/mcuxpressoide_10.0.2_411/ide/tools/bin/../lib/gcc/arm-none-eabi/5.4.1/../../../../arm-none-eabi/lib/armv7-m\libc.a(lib_a-isattyr.o)
                0x0000673c                _isatty_r
 .text.__locale_mb_cur_max
                0x00006760       0x1c c:/nxp/mcuxpressoide_10.0.2_411/ide/tools/bin/../lib/gcc/arm-none-eabi/5.4.1/../../../../arm-none-eabi/lib/armv7-m\libc.a(lib_a-locale.o)
                0x00006760                __locale_mb_cur_max
 .text._lseek_r
                0x0000677c       0x2c c:/nxp/mcuxpressoide_10.0.2_411/ide/tools/bin/../lib/gcc/arm-none-eabi/5.4.1/../../../../arm-none-eabi/lib/armv7-m\libc.a(lib_a-lseekr.o)
                0x0000677c                _lseek_r
 .text.__ascii_mbtowc
                0x000067a8       0x2c c:/nxp/mcuxpressoide_10.0.2_411/ide/tools/bin/../lib/gcc/arm-none-eabi/5.4.1/../../../../arm-none-eabi/lib/armv7-m\libc.a(lib_a-mbtowc_r.o)
                0x000067a8                __ascii_mbtowc
 .text.memmove  0x000067d4       0xc8 c:/nxp/mcuxpressoide_10.0.2_411/ide/tools/bin/../lib/gcc/arm-none-eabi/5.4.1/../../../../arm-none-eabi/lib/armv7-m\libc.a(lib_a-memmove.o)
                0x000067d4                memmove
 .text._read_r  0x0000689c       0x2c c:/nxp/mcuxpressoide_10.0.2_411/ide/tools/bin/../lib/gcc/arm-none-eabi/5.4.1/../../../../arm-none-eabi/lib/armv7-m\libc.a(lib_a-readr.o)
                0x0000689c                _read_r
 .text._realloc_r
                0x000068c8      0x3d4 c:/nxp/mcuxpressoide_10.0.2_411/ide/tools/bin/../lib/gcc/arm-none-eabi/5.4.1/../../../../arm-none-eabi/lib/armv7-m\libc.a(lib_a-reallocr.o)
                0x000068c8                _realloc_r
 .text.__swbuf_r
                0x00006c9c       0xac c:/nxp/mcuxpressoide_10.0.2_411/ide/tools/bin/../lib/gcc/arm-none-eabi/5.4.1/../../../../arm-none-eabi/lib/armv7-m\libc.a(lib_a-wbuf.o)
                0x00006c9c                __swbuf_r
 .text._wcrtomb_r
                0x00006d48       0x54 c:/nxp/mcuxpressoide_10.0.2_411/ide/tools/bin/../lib/gcc/arm-none-eabi/5.4.1/../../../../arm-none-eabi/lib/armv7-m\libc.a(lib_a-wcrtomb.o)
                0x00006d48                _wcrtomb_r
 .text.__ascii_wctomb
                0x00006d9c       0x1c c:/nxp/mcuxpressoide_10.0.2_411/ide/tools/bin/../lib/gcc/arm-none-eabi/5.4.1/../../../../arm-none-eabi/lib/armv7-m\libc.a(lib_a-wctomb_r.o)
                0x00006d9c                __ascii_wctomb
 .text._sbrk    0x00006db8       0x3c c:/nxp/mcuxpressoide_10.0.2_411/ide/tools/bin/../lib/gcc/arm-none-eabi/5.4.1/../../../../arm-none-eabi/lib/armv7-m\libcr_newlib_nohost.a(_cr_sbrk.o)
                0x00006db8                _sbrk
 .text._close   0x00006df4       0x10 c:/nxp/mcuxpressoide_10.0.2_411/ide/tools/bin/../lib/gcc/arm-none-eabi/5.4.1/../../../../arm-none-eabi/lib/armv7-m\libcr_newlib_nohost.a(close.o)
                0x00006df4                _close
 .text._fstat   0x00006e04       0x10 c:/nxp/mcuxpressoide_10.0.2_411/ide/tools/bin/../lib/gcc/arm-none-eabi/5.4.1/../../../../arm-none-eabi/lib/armv7-m\libcr_newlib_nohost.a(fstat.o)
                0x00006e04                _fstat
 .text._isatty  0x00006e14       0x10 c:/nxp/mcuxpressoide_10.0.2_411/ide/tools/bin/../lib/gcc/arm-none-eabi/5.4.1/../../../../arm-none-eabi/lib/armv7-m\libcr_newlib_nohost.a(isatty.o)
                0x00006e14                _isatty
 .text._lseek   0x00006e24       0x10 c:/nxp/mcuxpressoide_10.0.2_411/ide/tools/bin/../lib/gcc/arm-none-eabi/5.4.1/../../../../arm-none-eabi/lib/armv7-m\libcr_newlib_nohost.a(lseek.o)
                0x00006e24                _lseek
 .text.__check_heap_overflow
                0x00006e34       0x18 c:/nxp/mcuxpressoide_10.0.2_411/ide/tools/bin/../lib/gcc/arm-none-eabi/5.4.1/../../../../arm-none-eabi/lib/armv7-m\libcr_newlib_nohost.a(_cr_check_heap.o)
                0x00006e34                __check_heap_overflow
 .text          0x00006e4c       0x5c c:/nxp/mcuxpressoide_10.0.2_411/ide/tools/bin/../lib/gcc/arm-none-eabi/5.4.1/armv7-m\crtbegin.o
 .text          0x00006ea8      0x370 c:/nxp/mcuxpressoide_10.0.2_411/ide/tools/bin/../lib/gcc/arm-none-eabi/5.4.1/armv7-m\libgcc.a(_arm_addsubdf3.o)
                0x00006ea8                __aeabi_drsub
                0x00006eb0                __aeabi_dsub
                0x00006eb0                __subdf3
                0x00006eb4                __aeabi_dadd
                0x00006eb4                __adddf3
                0x0000712c                __floatunsidf
                0x0000712c                __aeabi_ui2d
                0x0000714c                __floatsidf
                0x0000714c                __aeabi_i2d
                0x00007170                __aeabi_f2d
                0x00007170                __extendsfdf2
                0x000071ac                __floatundidf
                0x000071ac                __aeabi_ul2d
                0x000071bc                __floatdidf
                0x000071bc                __aeabi_l2d
 .text          0x00007218      0x424 c:/nxp/mcuxpressoide_10.0.2_411/ide/tools/bin/../lib/gcc/arm-none-eabi/5.4.1/armv7-m\libgcc.a(_arm_muldivdf3.o)
                0x00007218                __aeabi_dmul
                0x00007218                __muldf3
                0x0000746c                __divdf3
                0x0000746c                __aeabi_ddiv
 .text          0x0000763c      0x110 c:/nxp/mcuxpressoide_10.0.2_411/ide/tools/bin/../lib/gcc/arm-none-eabi/5.4.1/armv7-m\libgcc.a(_arm_cmpdf2.o)
                0x0000763c                __gtdf2
                0x0000763c                __gedf2
                0x00007644                __ltdf2
                0x00007644                __ledf2
                0x0000764c                __nedf2
                0x0000764c                __eqdf2
                0x0000764c                __cmpdf2
                0x000076c8                __aeabi_cdrcmple
                0x000076d8                __aeabi_cdcmpeq
                0x000076d8                __aeabi_cdcmple
                0x000076e8                __aeabi_dcmpeq
                0x000076fc                __aeabi_dcmplt
                0x00007710                __aeabi_dcmple
                0x00007724                __aeabi_dcmpge
                0x00007738                __aeabi_dcmpgt
 .text          0x0000774c       0x2c c:/nxp/mcuxpressoide_10.0.2_411/ide/tools/bin/../lib/gcc/arm-none-eabi/5.4.1/armv7-m\libgcc.a(_arm_unorddf2.o)
                0x0000774c                __unorddf2
                0x0000774c                __aeabi_dcmpun
 .text          0x00007778       0x50 c:/nxp/mcuxpressoide_10.0.2_411/ide/tools/bin/../lib/gcc/arm-none-eabi/5.4.1/armv7-m\libgcc.a(_arm_fixdfsi.o)
                0x00007778                __aeabi_d2iz
                0x00007778                __fixdfsi
 .text.__errno  0x000077c8        0xc c:/nxp/mcuxpressoide_10.0.2_411/ide/tools/bin/../lib/gcc/arm-none-eabi/5.4.1/../../../../arm-none-eabi/lib/armv7-m\libc.a(lib_a-errno.o)
                0x000077c8                __errno
 *(.rodata .rodata.* .constdata .constdata.*)
 .rodata        0x000077d4       0x2e ./src/testProject.o
 *fill*         0x00007802        0x2 ff
 .rodata.OscRateIn
                0x00007804        0x4 C:\Users\RometKalpus\Documents\MCUXpressoIDE_10.0.2_411\workspace\lpc_board_nxp_lpcxpresso_1549\Debug\liblpc_board_nxp_lpcxpresso_1549.a(board.o)
                0x00007804                OscRateIn
 .rodata.RTCOscRateIn
                0x00007808        0x4 C:\Users\RometKalpus\Documents\MCUXpressoIDE_10.0.2_411\workspace\lpc_board_nxp_lpcxpresso_1549\Debug\liblpc_board_nxp_lpcxpresso_1549.a(board.o)
                0x00007808                RTCOscRateIn
 .rodata.ledpins
                0x0000780c        0x3 C:\Users\RometKalpus\Documents\MCUXpressoIDE_10.0.2_411\workspace\lpc_board_nxp_lpcxpresso_1549\Debug\liblpc_board_nxp_lpcxpresso_1549.a(board.o)
 *fill*         0x0000780f        0x1 ff
 .rodata.ledports
                0x00007810        0x3 C:\Users\RometKalpus\Documents\MCUXpressoIDE_10.0.2_411\workspace\lpc_board_nxp_lpcxpresso_1549\Debug\liblpc_board_nxp_lpcxpresso_1549.a(board.o)
 *fill*         0x00007813        0x1 ff
 .rodata.ioconSetup
                0x00007814       0x74 C:\Users\RometKalpus\Documents\MCUXpressoIDE_10.0.2_411\workspace\lpc_board_nxp_lpcxpresso_1549\Debug\liblpc_board_nxp_lpcxpresso_1549.a(board_sysinit.o)
 .rodata.swmSetup
                0x00007888        0x6 C:\Users\RometKalpus\Documents\MCUXpressoIDE_10.0.2_411\workspace\lpc_board_nxp_lpcxpresso_1549\Debug\liblpc_board_nxp_lpcxpresso_1549.a(board_sysinit.o)
 *fill*         0x0000788e        0x2 ff
 .rodata        0x00007890       0x18 C:\Users\RometKalpus\Documents\MCUXpressoIDE_10.0.2_411\workspace\freertos\Debug\libfreertos.a(tasks.o)
                0x00007898                FreeRTOSDebugConfig
 .rodata.ucExpectedStackBytes.9838
                0x000078a8       0x14 C:\Users\RometKalpus\Documents\MCUXpressoIDE_10.0.2_411\workspace\freertos\Debug\libfreertos.a(tasks.o)
 .rodata.zeroes.7271
                0x000078bc       0x10 c:/nxp/mcuxpressoide_10.0.2_411/ide/tools/bin/../lib/gcc/arm-none-eabi/5.4.1/../../../../arm-none-eabi/lib/armv7-m\libc.a(lib_a-vfprintf.o)
 .rodata.str1.4
                0x000078cc       0x42 c:/nxp/mcuxpressoide_10.0.2_411/ide/tools/bin/../lib/gcc/arm-none-eabi/5.4.1/../../../../arm-none-eabi/lib/armv7-m\libc.a(lib_a-vfprintf.o)
 *fill*         0x0000790e        0x2 ff
 .rodata.blanks.7270
                0x00007910       0x10 c:/nxp/mcuxpressoide_10.0.2_411/ide/tools/bin/../lib/gcc/arm-none-eabi/5.4.1/../../../../arm-none-eabi/lib/armv7-m\libc.a(lib_a-vfprintf.o)
 .rodata.str1.4
                0x00007920       0x10 c:/nxp/mcuxpressoide_10.0.2_411/ide/tools/bin/../lib/gcc/arm-none-eabi/5.4.1/../../../../arm-none-eabi/lib/armv7-m\libc.a(lib_a-dtoa.o)
                                 0x12 (size before relaxing)
 .rodata.__mprec_tens
                0x00007930       0xc8 c:/nxp/mcuxpressoide_10.0.2_411/ide/tools/bin/../lib/gcc/arm-none-eabi/5.4.1/../../../../arm-none-eabi/lib/armv7-m\libc.a(lib_a-mprec.o)
                0x00007930                __mprec_tens
 .rodata.p05.6085
                0x000079f8        0xc c:/nxp/mcuxpressoide_10.0.2_411/ide/tools/bin/../lib/gcc/arm-none-eabi/5.4.1/../../../../arm-none-eabi/lib/armv7-m\libc.a(lib_a-mprec.o)
 *fill*         0x00007a04        0x4 ff
 .rodata.__mprec_bigtens
                0x00007a08       0x28 c:/nxp/mcuxpressoide_10.0.2_411/ide/tools/bin/../lib/gcc/arm-none-eabi/5.4.1/../../../../arm-none-eabi/lib/armv7-m\libc.a(lib_a-mprec.o)
                0x00007a08                __mprec_bigtens
 .rodata.str1.4
                0x00007a30       0x10 c:/nxp/mcuxpressoide_10.0.2_411/ide/tools/bin/../lib/gcc/arm-none-eabi/5.4.1/../../../../arm-none-eabi/lib/armv7-m\libc.a(lib_a-locale.o)
                                 0x12 (size before relaxing)
 .rodata._ctype_
                0x00007a40      0x101 c:/nxp/mcuxpressoide_10.0.2_411/ide/tools/bin/../lib/gcc/arm-none-eabi/5.4.1/../../../../arm-none-eabi/lib/armv7-m\libc.a(lib_a-ctype_.o)
                0x00007a40                _ctype_
                0x00007b44                . = ALIGN (0x4)
 *fill*         0x00007b41        0x3 ff
                0x00007b44                . = ALIGN (0x4)
 *(.init)
 .init          0x00007b44        0x4 c:/nxp/mcuxpressoide_10.0.2_411/ide/tools/bin/../lib/gcc/arm-none-eabi/5.4.1/armv7-m\crti.o
                0x00007b44                _init
 .init          0x00007b48        0x8 c:/nxp/mcuxpressoide_10.0.2_411/ide/tools/bin/../lib/gcc/arm-none-eabi/5.4.1/armv7-m\crtn.o
                0x00007b50                . = ALIGN (0x4)
                0x00007b50                __preinit_array_start = .
 *(.preinit_array)
                0x00007b50                __preinit_array_end = .
                0x00007b50                . = ALIGN (0x4)
                0x00007b50                __init_array_start = .
 *(SORT(.init_array.*))
 *(.init_array)
 .init_array    0x00007b50        0x4 c:/nxp/mcuxpressoide_10.0.2_411/ide/tools/bin/../lib/gcc/arm-none-eabi/5.4.1/armv7-m\crtbegin.o
                0x00007b54                __init_array_end = .
 *(.fini)
 .fini          0x00007b54        0x4 c:/nxp/mcuxpressoide_10.0.2_411/ide/tools/bin/../lib/gcc/arm-none-eabi/5.4.1/armv7-m\crti.o
                0x00007b54                _fini
 .fini          0x00007b58        0x8 c:/nxp/mcuxpressoide_10.0.2_411/ide/tools/bin/../lib/gcc/arm-none-eabi/5.4.1/armv7-m\crtn.o
                0x00007b60                . = ALIGN (0x4)
 *crtbegin.o(.ctors)
 *(EXCLUDE_FILE(*crtend.o) .ctors)
 *(SORT(.ctors.*))
 *crtend.o(.ctors)
                0x00007b60                . = ALIGN (0x4)
 *crtbegin.o(.dtors)
 *(EXCLUDE_FILE(*crtend.o) .dtors)
 *(SORT(.dtors.*))
 *crtend.o(.dtors)
                0x00007b60                . = ALIGN (0x4)

.glue_7         0x00007b60        0x0
 .glue_7        0x00007b60        0x0 linker stubs

.glue_7t        0x00007b60        0x0
 .glue_7t       0x00007b60        0x0 linker stubs

.vfp11_veneer   0x00007b60        0x0
 .vfp11_veneer  0x00007b60        0x0 linker stubs

.v4_bx          0x00007b60        0x0
 .v4_bx         0x00007b60        0x0 linker stubs

.iplt           0x00007b60        0x0
 .iplt          0x00007b60        0x0 ./src/cr_cpp_config.o

.ARM.extab
 *(.ARM.extab* .gnu.linkonce.armextab.*)
                0x00007b60                __exidx_start = .

.ARM.exidx      0x00007b60        0x8
 *(.ARM.exidx* .gnu.linkonce.armexidx.*)
 .ARM.exidx     0x00007b60        0x8 c:/nxp/mcuxpressoide_10.0.2_411/ide/tools/bin/../lib/gcc/arm-none-eabi/5.4.1/armv7-m\libgcc.a(_udivmoddi4.o)
                0x00007b68                __exidx_end = .
                0x00007b68                _etext = .

.rel.dyn        0x00007b68        0x0
 .rel.iplt      0x00007b68        0x0 ./src/cr_cpp_config.o

.eh_frame       0x00007b68        0x0
 .eh_frame      0x00007b68        0x0 c:/nxp/mcuxpressoide_10.0.2_411/ide/tools/bin/../lib/gcc/arm-none-eabi/5.4.1/armv7-m\crtbegin.o

.data_RAM2      0x02008000        0x0 load address 0x00007b68
 FILL mask 0xff
                [!provide]                PROVIDE (__start_data_RAM2, .)
 *(.ramfunc.$RAM2)
 *(.ramfunc.$Ram2_4)
 *(.data.$RAM2*)
 *(.data.$Ram2_4*)
                0x02008000                . = ALIGN (0x4)
                [!provide]                PROVIDE (__end_data_RAM2, .)

.uninit_RESERVED
                0x02000000        0x0
 *(.bss.$RESERVED*)
                0x02000000                . = ALIGN (0x4)
                0x02000000                _end_uninit_RESERVED = .

.data           0x02000000      0x9b0 load address 0x00007b68
 FILL mask 0xff
                0x02000000                _data = .
 *(vtable)
 *(.ramfunc*)
 *(.data*)
 .data.xNextTaskUnblockTime
                0x02000000        0x4 C:\Users\RometKalpus\Documents\MCUXpressoIDE_10.0.2_411\workspace\freertos\Debug\libfreertos.a(tasks.o)
 .data.uxCriticalNesting
                0x02000004        0x4 C:\Users\RometKalpus\Documents\MCUXpressoIDE_10.0.2_411\workspace\freertos\Debug\libfreertos.a(port.o)
 .data.impure_data
                0x02000008      0x428 c:/nxp/mcuxpressoide_10.0.2_411/ide/tools/bin/../lib/gcc/arm-none-eabi/5.4.1/../../../../arm-none-eabi/lib/armv7-m\libc.a(lib_a-impure.o)
 .data._impure_ptr
                0x02000430        0x4 c:/nxp/mcuxpressoide_10.0.2_411/ide/tools/bin/../lib/gcc/arm-none-eabi/5.4.1/../../../../arm-none-eabi/lib/armv7-m\libc.a(lib_a-impure.o)
                0x02000430                _impure_ptr
 .data.__malloc_av_
                0x02000434      0x408 c:/nxp/mcuxpressoide_10.0.2_411/ide/tools/bin/../lib/gcc/arm-none-eabi/5.4.1/../../../../arm-none-eabi/lib/armv7-m\libc.a(lib_a-mallocr.o)
                0x02000434                __malloc_av_
 .data.__malloc_trim_threshold
                0x0200083c        0x4 c:/nxp/mcuxpressoide_10.0.2_411/ide/tools/bin/../lib/gcc/arm-none-eabi/5.4.1/../../../../arm-none-eabi/lib/armv7-m\libc.a(lib_a-mallocr.o)
                0x0200083c                __malloc_trim_threshold
 .data.__malloc_sbrk_base
                0x02000840        0x4 c:/nxp/mcuxpressoide_10.0.2_411/ide/tools/bin/../lib/gcc/arm-none-eabi/5.4.1/../../../../arm-none-eabi/lib/armv7-m\libc.a(lib_a-mallocr.o)
                0x02000840                __malloc_sbrk_base
 .data.__global_locale
                0x02000844      0x16c c:/nxp/mcuxpressoide_10.0.2_411/ide/tools/bin/../lib/gcc/arm-none-eabi/5.4.1/../../../../arm-none-eabi/lib/armv7-m\libc.a(lib_a-locale.o)
                0x02000844                __global_locale
                0x020009b0                . = ALIGN (0x4)
                0x020009b0                _edata = .

.igot.plt       0x020009b0        0x0 load address 0x00008518
 .igot.plt      0x020009b0        0x0 ./src/cr_cpp_config.o

.jcr            0x020009b0        0x0 load address 0x00008518
 .jcr           0x020009b0        0x0 c:/nxp/mcuxpressoide_10.0.2_411/ide/tools/bin/../lib/gcc/arm-none-eabi/5.4.1/armv7-m\crtbegin.o

.bss_RAM2       0x02008000        0x0
                [!provide]                PROVIDE (__start_bss_RAM2, .)
 *(.bss.$RAM2*)
 *(.bss.$Ram2_4*)
                0x02008000                . = ALIGN ((. != 0x0)?0x4:0x1)
                [!provide]                PROVIDE (__end_bss_RAM2, .)

.bss            0x020009b0      0x194
                0x020009b0                _bss = .
 *(.bss*)
 .bss.pxCurrentTCB
                0x020009b0        0x4 C:\Users\RometKalpus\Documents\MCUXpressoIDE_10.0.2_411\workspace\freertos\Debug\libfreertos.a(tasks.o)
                0x020009b0                pxCurrentTCB
 .bss.pxReadyTasksLists
                0x020009b4       0xa0 C:\Users\RometKalpus\Documents\MCUXpressoIDE_10.0.2_411\workspace\freertos\Debug\libfreertos.a(tasks.o)
 .bss.xDelayedTaskList1
                0x02000a54       0x14 C:\Users\RometKalpus\Documents\MCUXpressoIDE_10.0.2_411\workspace\freertos\Debug\libfreertos.a(tasks.o)
 .bss.xDelayedTaskList2
                0x02000a68       0x14 C:\Users\RometKalpus\Documents\MCUXpressoIDE_10.0.2_411\workspace\freertos\Debug\libfreertos.a(tasks.o)
 .bss.pxDelayedTaskList
                0x02000a7c        0x4 C:\Users\RometKalpus\Documents\MCUXpressoIDE_10.0.2_411\workspace\freertos\Debug\libfreertos.a(tasks.o)
 .bss.pxOverflowDelayedTaskList
                0x02000a80        0x4 C:\Users\RometKalpus\Documents\MCUXpressoIDE_10.0.2_411\workspace\freertos\Debug\libfreertos.a(tasks.o)
 .bss.xPendingReadyList
                0x02000a84       0x14 C:\Users\RometKalpus\Documents\MCUXpressoIDE_10.0.2_411\workspace\freertos\Debug\libfreertos.a(tasks.o)
 .bss.xTasksWaitingTermination
                0x02000a98       0x14 C:\Users\RometKalpus\Documents\MCUXpressoIDE_10.0.2_411\workspace\freertos\Debug\libfreertos.a(tasks.o)
 .bss.uxTasksDeleted
                0x02000aac        0x4 C:\Users\RometKalpus\Documents\MCUXpressoIDE_10.0.2_411\workspace\freertos\Debug\libfreertos.a(tasks.o)
 .bss.xSuspendedTaskList
                0x02000ab0       0x14 C:\Users\RometKalpus\Documents\MCUXpressoIDE_10.0.2_411\workspace\freertos\Debug\libfreertos.a(tasks.o)
 .bss.uxCurrentNumberOfTasks
                0x02000ac4        0x4 C:\Users\RometKalpus\Documents\MCUXpressoIDE_10.0.2_411\workspace\freertos\Debug\libfreertos.a(tasks.o)
 .bss.xTickCount
                0x02000ac8        0x4 C:\Users\RometKalpus\Documents\MCUXpressoIDE_10.0.2_411\workspace\freertos\Debug\libfreertos.a(tasks.o)
 .bss.uxTopReadyPriority
                0x02000acc        0x4 C:\Users\RometKalpus\Documents\MCUXpressoIDE_10.0.2_411\workspace\freertos\Debug\libfreertos.a(tasks.o)
 .bss.xSchedulerRunning
                0x02000ad0        0x4 C:\Users\RometKalpus\Documents\MCUXpressoIDE_10.0.2_411\workspace\freertos\Debug\libfreertos.a(tasks.o)
 .bss.uxPendedTicks
                0x02000ad4        0x4 C:\Users\RometKalpus\Documents\MCUXpressoIDE_10.0.2_411\workspace\freertos\Debug\libfreertos.a(tasks.o)
 .bss.xYieldPending
                0x02000ad8        0x4 C:\Users\RometKalpus\Documents\MCUXpressoIDE_10.0.2_411\workspace\freertos\Debug\libfreertos.a(tasks.o)
 .bss.xNumOfOverflows
                0x02000adc        0x4 C:\Users\RometKalpus\Documents\MCUXpressoIDE_10.0.2_411\workspace\freertos\Debug\libfreertos.a(tasks.o)
 .bss.uxTaskNumber
                0x02000ae0        0x4 C:\Users\RometKalpus\Documents\MCUXpressoIDE_10.0.2_411\workspace\freertos\Debug\libfreertos.a(tasks.o)
 .bss.uxSchedulerSuspended
                0x02000ae4        0x4 C:\Users\RometKalpus\Documents\MCUXpressoIDE_10.0.2_411\workspace\freertos\Debug\libfreertos.a(tasks.o)
 .bss.__malloc_max_total_mem
                0x02000ae8        0x4 c:/nxp/mcuxpressoide_10.0.2_411/ide/tools/bin/../lib/gcc/arm-none-eabi/5.4.1/../../../../arm-none-eabi/lib/armv7-m\libc.a(lib_a-mallocr.o)
                0x02000ae8                __malloc_max_total_mem
 .bss.__malloc_max_sbrked_mem
                0x02000aec        0x4 c:/nxp/mcuxpressoide_10.0.2_411/ide/tools/bin/../lib/gcc/arm-none-eabi/5.4.1/../../../../arm-none-eabi/lib/armv7-m\libc.a(lib_a-mallocr.o)
                0x02000aec                __malloc_max_sbrked_mem
 .bss.__malloc_top_pad
                0x02000af0        0x4 c:/nxp/mcuxpressoide_10.0.2_411/ide/tools/bin/../lib/gcc/arm-none-eabi/5.4.1/../../../../arm-none-eabi/lib/armv7-m\libc.a(lib_a-mallocr.o)
                0x02000af0                __malloc_top_pad
 .bss.__malloc_current_mallinfo
                0x02000af4       0x28 c:/nxp/mcuxpressoide_10.0.2_411/ide/tools/bin/../lib/gcc/arm-none-eabi/5.4.1/../../../../arm-none-eabi/lib/armv7-m\libc.a(lib_a-mallocr.o)
                0x02000af4                __malloc_current_mallinfo
 .bss.__end_of_heap
                0x02000b1c        0x4 c:/nxp/mcuxpressoide_10.0.2_411/ide/tools/bin/../lib/gcc/arm-none-eabi/5.4.1/../../../../arm-none-eabi/lib/armv7-m\libcr_newlib_nohost.a(_cr_sbrk.o)
                0x02000b1c                __end_of_heap
 .bss           0x02000b20       0x1c c:/nxp/mcuxpressoide_10.0.2_411/ide/tools/bin/../lib/gcc/arm-none-eabi/5.4.1/armv7-m\crtbegin.o
 *(COMMON)
 COMMON         0x02000b3c        0x4 C:\Users\RometKalpus\Documents\MCUXpressoIDE_10.0.2_411\workspace\lpc_chip_15xx\Debug\liblpc_chip_15xx.a(chip_15xx.o)
                0x02000b3c                SystemCoreClock
 COMMON         0x02000b40        0x4 c:/nxp/mcuxpressoide_10.0.2_411/ide/tools/bin/../lib/gcc/arm-none-eabi/5.4.1/../../../../arm-none-eabi/lib/armv7-m\libc.a(lib_a-reent.o)
                0x02000b40                errno
                0x02000b44                . = ALIGN (0x4)
                0x02000b44                _ebss = .
                [!provide]                PROVIDE (end, .)

.noinit_RAM2    0x02008000        0x0
 *(.noinit.$RAM2*)
 *(.noinit.$Ram2_4*)
                0x02008000                . = ALIGN (0x4)

.noinit         0x02000b44        0x0
                0x02000b44                _noinit = .
 *(.noinit*)
                0x02000b44                . = ALIGN (0x4)
                0x02000b44                _end_noinit = .
                0x02000b44                PROVIDE (_pvHeapStart, DEFINED (__user_heap_base)?__user_heap_base:.)
                0x02008000                PROVIDE (_vStackTop, DEFINED (__user_stack_top)?__user_stack_top:(__top_Ram0_16_32 - 0x0))
                0xfdff732e                PROVIDE (__valid_user_code_checksum, (0x0 - ((((((_vStackTop + (ResetISR + 0x1)) + (NMI_Handler + 0x1)) + (HardFault_Handler + 0x1)) + (DEFINED (MemManage_Handler)?MemManage_Handler:0x0 + 0x1)) + (DEFINED (BusFault_Handler)?BusFault_Handler:0x0 + 0x1)) + (DEFINED (UsageFault_Handler)?UsageFault_Handler:0x0 + 0x1))))
OUTPUT(testProject.axf elf32-littlearm)

.debug_info     0x00000000     0x95bf
 .debug_info    0x00000000      0x281 ./src/cr_startup_lpc15xx.o
 .debug_info    0x00000281       0xee ./src/sysinit.o
 .debug_info    0x0000036f      0x7d4 ./src/testProject.o
 .debug_info    0x00000b43      0xb0d C:\Users\RometKalpus\Documents\MCUXpressoIDE_10.0.2_411\workspace\lpc_board_nxp_lpcxpresso_1549\Debug\liblpc_board_nxp_lpcxpresso_1549.a(board.o)
 .debug_info    0x00001650      0xcbc C:\Users\RometKalpus\Documents\MCUXpressoIDE_10.0.2_411\workspace\lpc_board_nxp_lpcxpresso_1549\Debug\liblpc_board_nxp_lpcxpresso_1549.a(board_sysinit.o)
 .debug_info    0x0000230c      0x9ae C:\Users\RometKalpus\Documents\MCUXpressoIDE_10.0.2_411\workspace\lpc_chip_15xx\Debug\liblpc_chip_15xx.a(chip_15xx.o)
 .debug_info    0x00002cba      0xd6a C:\Users\RometKalpus\Documents\MCUXpressoIDE_10.0.2_411\workspace\lpc_chip_15xx\Debug\liblpc_chip_15xx.a(clock_15xx.o)
 .debug_info    0x00003a24      0x645 C:\Users\RometKalpus\Documents\MCUXpressoIDE_10.0.2_411\workspace\lpc_chip_15xx\Debug\liblpc_chip_15xx.a(gpio_15xx.o)
 .debug_info    0x00004069      0x21a C:\Users\RometKalpus\Documents\MCUXpressoIDE_10.0.2_411\workspace\lpc_chip_15xx\Debug\liblpc_chip_15xx.a(iocon_15xx.o)
 .debug_info    0x00004283      0xa58 C:\Users\RometKalpus\Documents\MCUXpressoIDE_10.0.2_411\workspace\lpc_chip_15xx\Debug\liblpc_chip_15xx.a(sct_15xx.o)
 .debug_info    0x00004cdb      0x60b C:\Users\RometKalpus\Documents\MCUXpressoIDE_10.0.2_411\workspace\lpc_chip_15xx\Debug\liblpc_chip_15xx.a(swm_15xx.o)
 .debug_info    0x000052e6      0x76d C:\Users\RometKalpus\Documents\MCUXpressoIDE_10.0.2_411\workspace\lpc_chip_15xx\Debug\liblpc_chip_15xx.a(sysctl_15xx.o)
 .debug_info    0x00005a53      0x748 C:\Users\RometKalpus\Documents\MCUXpressoIDE_10.0.2_411\workspace\lpc_chip_15xx\Debug\liblpc_chip_15xx.a(sysinit_15xx.o)
 .debug_info    0x0000619b      0x8f4 C:\Users\RometKalpus\Documents\MCUXpressoIDE_10.0.2_411\workspace\lpc_chip_15xx\Debug\liblpc_chip_15xx.a(uart_15xx.o)
 .debug_info    0x00006a8f     0x1b63 C:\Users\RometKalpus\Documents\MCUXpressoIDE_10.0.2_411\workspace\freertos\Debug\libfreertos.a(tasks.o)
 .debug_info    0x000085f2      0x1ae C:\Users\RometKalpus\Documents\MCUXpressoIDE_10.0.2_411\workspace\freertos\Debug\libfreertos.a(FreeRTOSCommonHooks.o)
 .debug_info    0x000087a0      0x143 C:\Users\RometKalpus\Documents\MCUXpressoIDE_10.0.2_411\workspace\freertos\Debug\libfreertos.a(heap_3.o)
 .debug_info    0x000088e3      0x2ee C:\Users\RometKalpus\Documents\MCUXpressoIDE_10.0.2_411\workspace\freertos\Debug\libfreertos.a(list.o)
 .debug_info    0x00008bd1      0x38e C:\Users\RometKalpus\Documents\MCUXpressoIDE_10.0.2_411\workspace\freertos\Debug\libfreertos.a(port.o)
 .debug_info    0x00008f5f      0x124 c:/nxp/mcuxpressoide_10.0.2_411/ide/tools/bin/../lib/gcc/arm-none-eabi/5.4.1/../../../../arm-none-eabi/lib/armv7-m\libcr_newlib_nohost.a(_cr_sbrk.o)
 .debug_info    0x00009083       0xb5 c:/nxp/mcuxpressoide_10.0.2_411/ide/tools/bin/../lib/gcc/arm-none-eabi/5.4.1/../../../../arm-none-eabi/lib/armv7-m\libcr_newlib_nohost.a(close.o)
 .debug_info    0x00009138      0x297 c:/nxp/mcuxpressoide_10.0.2_411/ide/tools/bin/../lib/gcc/arm-none-eabi/5.4.1/../../../../arm-none-eabi/lib/armv7-m\libcr_newlib_nohost.a(fstat.o)
 .debug_info    0x000093cf       0xb5 c:/nxp/mcuxpressoide_10.0.2_411/ide/tools/bin/../lib/gcc/arm-none-eabi/5.4.1/../../../../arm-none-eabi/lib/armv7-m\libcr_newlib_nohost.a(isatty.o)
 .debug_info    0x00009484       0xd1 c:/nxp/mcuxpressoide_10.0.2_411/ide/tools/bin/../lib/gcc/arm-none-eabi/5.4.1/../../../../arm-none-eabi/lib/armv7-m\libcr_newlib_nohost.a(lseek.o)
 .debug_info    0x00009555       0x6a c:/nxp/mcuxpressoide_10.0.2_411/ide/tools/bin/../lib/gcc/arm-none-eabi/5.4.1/../../../../arm-none-eabi/lib/armv7-m\libcr_newlib_nohost.a(_cr_check_heap.o)

.debug_abbrev   0x00000000     0x2111
 .debug_abbrev  0x00000000       0xe7 ./src/cr_startup_lpc15xx.o
 .debug_abbrev  0x000000e7       0x82 ./src/sysinit.o
 .debug_abbrev  0x00000169      0x198 ./src/testProject.o
 .debug_abbrev  0x00000301      0x240 C:\Users\RometKalpus\Documents\MCUXpressoIDE_10.0.2_411\workspace\lpc_board_nxp_lpcxpresso_1549\Debug\liblpc_board_nxp_lpcxpresso_1549.a(board.o)
 .debug_abbrev  0x00000541      0x208 C:\Users\RometKalpus\Documents\MCUXpressoIDE_10.0.2_411\workspace\lpc_board_nxp_lpcxpresso_1549\Debug\liblpc_board_nxp_lpcxpresso_1549.a(board_sysinit.o)
 .debug_abbrev  0x00000749      0x1b3 C:\Users\RometKalpus\Documents\MCUXpressoIDE_10.0.2_411\workspace\lpc_chip_15xx\Debug\liblpc_chip_15xx.a(chip_15xx.o)
 .debug_abbrev  0x000008fc      0x285 C:\Users\RometKalpus\Documents\MCUXpressoIDE_10.0.2_411\workspace\lpc_chip_15xx\Debug\liblpc_chip_15xx.a(clock_15xx.o)
 .debug_abbrev  0x00000b81      0x16a C:\Users\RometKalpus\Documents\MCUXpressoIDE_10.0.2_411\workspace\lpc_chip_15xx\Debug\liblpc_chip_15xx.a(gpio_15xx.o)
 .debug_abbrev  0x00000ceb      0x137 C:\Users\RometKalpus\Documents\MCUXpressoIDE_10.0.2_411\workspace\lpc_chip_15xx\Debug\liblpc_chip_15xx.a(iocon_15xx.o)
 .debug_abbrev  0x00000e22      0x200 C:\Users\RometKalpus\Documents\MCUXpressoIDE_10.0.2_411\workspace\lpc_chip_15xx\Debug\liblpc_chip_15xx.a(sct_15xx.o)
 .debug_abbrev  0x00001022      0x13e C:\Users\RometKalpus\Documents\MCUXpressoIDE_10.0.2_411\workspace\lpc_chip_15xx\Debug\liblpc_chip_15xx.a(swm_15xx.o)
 .debug_abbrev  0x00001160      0x12b C:\Users\RometKalpus\Documents\MCUXpressoIDE_10.0.2_411\workspace\lpc_chip_15xx\Debug\liblpc_chip_15xx.a(sysctl_15xx.o)
 .debug_abbrev  0x0000128b      0x18c C:\Users\RometKalpus\Documents\MCUXpressoIDE_10.0.2_411\workspace\lpc_chip_15xx\Debug\liblpc_chip_15xx.a(sysinit_15xx.o)
 .debug_abbrev  0x00001417      0x1e6 C:\Users\RometKalpus\Documents\MCUXpressoIDE_10.0.2_411\workspace\lpc_chip_15xx\Debug\liblpc_chip_15xx.a(uart_15xx.o)
 .debug_abbrev  0x000015fd      0x342 C:\Users\RometKalpus\Documents\MCUXpressoIDE_10.0.2_411\workspace\freertos\Debug\libfreertos.a(tasks.o)
 .debug_abbrev  0x0000193f      0x129 C:\Users\RometKalpus\Documents\MCUXpressoIDE_10.0.2_411\workspace\freertos\Debug\libfreertos.a(FreeRTOSCommonHooks.o)
 .debug_abbrev  0x00001a68       0xd4 C:\Users\RometKalpus\Documents\MCUXpressoIDE_10.0.2_411\workspace\freertos\Debug\libfreertos.a(heap_3.o)
 .debug_abbrev  0x00001b3c       0xec C:\Users\RometKalpus\Documents\MCUXpressoIDE_10.0.2_411\workspace\freertos\Debug\libfreertos.a(list.o)
 .debug_abbrev  0x00001c28      0x1ad C:\Users\RometKalpus\Documents\MCUXpressoIDE_10.0.2_411\workspace\freertos\Debug\libfreertos.a(port.o)
 .debug_abbrev  0x00001dd5       0xcf c:/nxp/mcuxpressoide_10.0.2_411/ide/tools/bin/../lib/gcc/arm-none-eabi/5.4.1/../../../../arm-none-eabi/lib/armv7-m\libcr_newlib_nohost.a(_cr_sbrk.o)
 .debug_abbrev  0x00001ea4       0x66 c:/nxp/mcuxpressoide_10.0.2_411/ide/tools/bin/../lib/gcc/arm-none-eabi/5.4.1/../../../../arm-none-eabi/lib/armv7-m\libcr_newlib_nohost.a(close.o)
 .debug_abbrev  0x00001f0a       0xbb c:/nxp/mcuxpressoide_10.0.2_411/ide/tools/bin/../lib/gcc/arm-none-eabi/5.4.1/../../../../arm-none-eabi/lib/armv7-m\libcr_newlib_nohost.a(fstat.o)
 .debug_abbrev  0x00001fc5       0x66 c:/nxp/mcuxpressoide_10.0.2_411/ide/tools/bin/../lib/gcc/arm-none-eabi/5.4.1/../../../../arm-none-eabi/lib/armv7-m\libcr_newlib_nohost.a(isatty.o)
 .debug_abbrev  0x0000202b       0x84 c:/nxp/mcuxpressoide_10.0.2_411/ide/tools/bin/../lib/gcc/arm-none-eabi/5.4.1/../../../../arm-none-eabi/lib/armv7-m\libcr_newlib_nohost.a(lseek.o)
 .debug_abbrev  0x000020af       0x62 c:/nxp/mcuxpressoide_10.0.2_411/ide/tools/bin/../lib/gcc/arm-none-eabi/5.4.1/../../../../arm-none-eabi/lib/armv7-m\libcr_newlib_nohost.a(_cr_check_heap.o)

.debug_aranges  0x00000000      0x998
 .debug_aranges
                0x00000000       0x80 ./src/cr_startup_lpc15xx.o
 .debug_aranges
                0x00000080       0x20 ./src/sysinit.o
 .debug_aranges
                0x000000a0       0x48 ./src/testProject.o
 .debug_aranges
                0x000000e8       0xd0 C:\Users\RometKalpus\Documents\MCUXpressoIDE_10.0.2_411\workspace\lpc_board_nxp_lpcxpresso_1549\Debug\liblpc_board_nxp_lpcxpresso_1549.a(board.o)
 .debug_aranges
                0x000001b8       0x60 C:\Users\RometKalpus\Documents\MCUXpressoIDE_10.0.2_411\workspace\lpc_board_nxp_lpcxpresso_1549\Debug\liblpc_board_nxp_lpcxpresso_1549.a(board_sysinit.o)
 .debug_aranges
                0x00000218       0x50 C:\Users\RometKalpus\Documents\MCUXpressoIDE_10.0.2_411\workspace\lpc_chip_15xx\Debug\liblpc_chip_15xx.a(chip_15xx.o)
 .debug_aranges
                0x00000268      0x128 C:\Users\RometKalpus\Documents\MCUXpressoIDE_10.0.2_411\workspace\lpc_chip_15xx\Debug\liblpc_chip_15xx.a(clock_15xx.o)
 .debug_aranges
                0x00000390       0x70 C:\Users\RometKalpus\Documents\MCUXpressoIDE_10.0.2_411\workspace\lpc_chip_15xx\Debug\liblpc_chip_15xx.a(gpio_15xx.o)
 .debug_aranges
                0x00000400       0x28 C:\Users\RometKalpus\Documents\MCUXpressoIDE_10.0.2_411\workspace\lpc_chip_15xx\Debug\liblpc_chip_15xx.a(iocon_15xx.o)
 .debug_aranges
                0x00000428       0x50 C:\Users\RometKalpus\Documents\MCUXpressoIDE_10.0.2_411\workspace\lpc_chip_15xx\Debug\liblpc_chip_15xx.a(sct_15xx.o)
 .debug_aranges
                0x00000478       0x40 C:\Users\RometKalpus\Documents\MCUXpressoIDE_10.0.2_411\workspace\lpc_chip_15xx\Debug\liblpc_chip_15xx.a(swm_15xx.o)
 .debug_aranges
                0x000004b8       0x50 C:\Users\RometKalpus\Documents\MCUXpressoIDE_10.0.2_411\workspace\lpc_chip_15xx\Debug\liblpc_chip_15xx.a(sysctl_15xx.o)
 .debug_aranges
                0x00000508       0x58 C:\Users\RometKalpus\Documents\MCUXpressoIDE_10.0.2_411\workspace\lpc_chip_15xx\Debug\liblpc_chip_15xx.a(sysinit_15xx.o)
 .debug_aranges
                0x00000560       0xc8 C:\Users\RometKalpus\Documents\MCUXpressoIDE_10.0.2_411\workspace\lpc_chip_15xx\Debug\liblpc_chip_15xx.a(uart_15xx.o)
 .debug_aranges
                0x00000628      0x180 C:\Users\RometKalpus\Documents\MCUXpressoIDE_10.0.2_411\workspace\freertos\Debug\libfreertos.a(tasks.o)
 .debug_aranges
                0x000007a8       0x40 C:\Users\RometKalpus\Documents\MCUXpressoIDE_10.0.2_411\workspace\freertos\Debug\libfreertos.a(FreeRTOSCommonHooks.o)
 .debug_aranges
                0x000007e8       0x28 C:\Users\RometKalpus\Documents\MCUXpressoIDE_10.0.2_411\workspace\freertos\Debug\libfreertos.a(heap_3.o)
 .debug_aranges
                0x00000810       0x40 C:\Users\RometKalpus\Documents\MCUXpressoIDE_10.0.2_411\workspace\freertos\Debug\libfreertos.a(list.o)
 .debug_aranges
                0x00000850       0x88 C:\Users\RometKalpus\Documents\MCUXpressoIDE_10.0.2_411\workspace\freertos\Debug\libfreertos.a(port.o)
 .debug_aranges
                0x000008d8       0x20 c:/nxp/mcuxpressoide_10.0.2_411/ide/tools/bin/../lib/gcc/arm-none-eabi/5.4.1/../../../../arm-none-eabi/lib/armv7-m\libcr_newlib_nohost.a(_cr_sbrk.o)
 .debug_aranges
                0x000008f8       0x20 c:/nxp/mcuxpressoide_10.0.2_411/ide/tools/bin/../lib/gcc/arm-none-eabi/5.4.1/../../../../arm-none-eabi/lib/armv7-m\libcr_newlib_nohost.a(close.o)
 .debug_aranges
                0x00000918       0x20 c:/nxp/mcuxpressoide_10.0.2_411/ide/tools/bin/../lib/gcc/arm-none-eabi/5.4.1/../../../../arm-none-eabi/lib/armv7-m\libcr_newlib_nohost.a(fstat.o)
 .debug_aranges
                0x00000938       0x20 c:/nxp/mcuxpressoide_10.0.2_411/ide/tools/bin/../lib/gcc/arm-none-eabi/5.4.1/../../../../arm-none-eabi/lib/armv7-m\libcr_newlib_nohost.a(isatty.o)
 .debug_aranges
                0x00000958       0x20 c:/nxp/mcuxpressoide_10.0.2_411/ide/tools/bin/../lib/gcc/arm-none-eabi/5.4.1/../../../../arm-none-eabi/lib/armv7-m\libcr_newlib_nohost.a(lseek.o)
 .debug_aranges
                0x00000978       0x20 c:/nxp/mcuxpressoide_10.0.2_411/ide/tools/bin/../lib/gcc/arm-none-eabi/5.4.1/../../../../arm-none-eabi/lib/armv7-m\libcr_newlib_nohost.a(_cr_check_heap.o)

.debug_ranges   0x00000000      0x820
 .debug_ranges  0x00000000       0x70 ./src/cr_startup_lpc15xx.o
 .debug_ranges  0x00000070       0x10 ./src/sysinit.o
 .debug_ranges  0x00000080       0x38 ./src/testProject.o
 .debug_ranges  0x000000b8       0xd8 C:\Users\RometKalpus\Documents\MCUXpressoIDE_10.0.2_411\workspace\lpc_board_nxp_lpcxpresso_1549\Debug\liblpc_board_nxp_lpcxpresso_1549.a(board.o)
 .debug_ranges  0x00000190       0x50 C:\Users\RometKalpus\Documents\MCUXpressoIDE_10.0.2_411\workspace\lpc_board_nxp_lpcxpresso_1549\Debug\liblpc_board_nxp_lpcxpresso_1549.a(board_sysinit.o)
 .debug_ranges  0x000001e0       0x40 C:\Users\RometKalpus\Documents\MCUXpressoIDE_10.0.2_411\workspace\lpc_chip_15xx\Debug\liblpc_chip_15xx.a(chip_15xx.o)
 .debug_ranges  0x00000220      0x118 C:\Users\RometKalpus\Documents\MCUXpressoIDE_10.0.2_411\workspace\lpc_chip_15xx\Debug\liblpc_chip_15xx.a(clock_15xx.o)
 .debug_ranges  0x00000338       0x60 C:\Users\RometKalpus\Documents\MCUXpressoIDE_10.0.2_411\workspace\lpc_chip_15xx\Debug\liblpc_chip_15xx.a(gpio_15xx.o)
 .debug_ranges  0x00000398       0x18 C:\Users\RometKalpus\Documents\MCUXpressoIDE_10.0.2_411\workspace\lpc_chip_15xx\Debug\liblpc_chip_15xx.a(iocon_15xx.o)
 .debug_ranges  0x000003b0       0x40 C:\Users\RometKalpus\Documents\MCUXpressoIDE_10.0.2_411\workspace\lpc_chip_15xx\Debug\liblpc_chip_15xx.a(sct_15xx.o)
 .debug_ranges  0x000003f0       0x30 C:\Users\RometKalpus\Documents\MCUXpressoIDE_10.0.2_411\workspace\lpc_chip_15xx\Debug\liblpc_chip_15xx.a(swm_15xx.o)
 .debug_ranges  0x00000420       0x40 C:\Users\RometKalpus\Documents\MCUXpressoIDE_10.0.2_411\workspace\lpc_chip_15xx\Debug\liblpc_chip_15xx.a(sysctl_15xx.o)
 .debug_ranges  0x00000460       0x48 C:\Users\RometKalpus\Documents\MCUXpressoIDE_10.0.2_411\workspace\lpc_chip_15xx\Debug\liblpc_chip_15xx.a(sysinit_15xx.o)
 .debug_ranges  0x000004a8       0xb8 C:\Users\RometKalpus\Documents\MCUXpressoIDE_10.0.2_411\workspace\lpc_chip_15xx\Debug\liblpc_chip_15xx.a(uart_15xx.o)
 .debug_ranges  0x00000560      0x170 C:\Users\RometKalpus\Documents\MCUXpressoIDE_10.0.2_411\workspace\freertos\Debug\libfreertos.a(tasks.o)
 .debug_ranges  0x000006d0       0x30 C:\Users\RometKalpus\Documents\MCUXpressoIDE_10.0.2_411\workspace\freertos\Debug\libfreertos.a(FreeRTOSCommonHooks.o)
 .debug_ranges  0x00000700       0x18 C:\Users\RometKalpus\Documents\MCUXpressoIDE_10.0.2_411\workspace\freertos\Debug\libfreertos.a(heap_3.o)
 .debug_ranges  0x00000718       0x30 C:\Users\RometKalpus\Documents\MCUXpressoIDE_10.0.2_411\workspace\freertos\Debug\libfreertos.a(list.o)
 .debug_ranges  0x00000748       0x78 C:\Users\RometKalpus\Documents\MCUXpressoIDE_10.0.2_411\workspace\freertos\Debug\libfreertos.a(port.o)
 .debug_ranges  0x000007c0       0x10 c:/nxp/mcuxpressoide_10.0.2_411/ide/tools/bin/../lib/gcc/arm-none-eabi/5.4.1/../../../../arm-none-eabi/lib/armv7-m\libcr_newlib_nohost.a(_cr_sbrk.o)
 .debug_ranges  0x000007d0       0x10 c:/nxp/mcuxpressoide_10.0.2_411/ide/tools/bin/../lib/gcc/arm-none-eabi/5.4.1/../../../../arm-none-eabi/lib/armv7-m\libcr_newlib_nohost.a(close.o)
 .debug_ranges  0x000007e0       0x10 c:/nxp/mcuxpressoide_10.0.2_411/ide/tools/bin/../lib/gcc/arm-none-eabi/5.4.1/../../../../arm-none-eabi/lib/armv7-m\libcr_newlib_nohost.a(fstat.o)
 .debug_ranges  0x000007f0       0x10 c:/nxp/mcuxpressoide_10.0.2_411/ide/tools/bin/../lib/gcc/arm-none-eabi/5.4.1/../../../../arm-none-eabi/lib/armv7-m\libcr_newlib_nohost.a(isatty.o)
 .debug_ranges  0x00000800       0x10 c:/nxp/mcuxpressoide_10.0.2_411/ide/tools/bin/../lib/gcc/arm-none-eabi/5.4.1/../../../../arm-none-eabi/lib/armv7-m\libcr_newlib_nohost.a(lseek.o)
 .debug_ranges  0x00000810       0x10 c:/nxp/mcuxpressoide_10.0.2_411/ide/tools/bin/../lib/gcc/arm-none-eabi/5.4.1/../../../../arm-none-eabi/lib/armv7-m\libcr_newlib_nohost.a(_cr_check_heap.o)

.debug_macro    0x00000000     0x9657
 .debug_macro   0x00000000       0x23 ./src/cr_startup_lpc15xx.o
 .debug_macro   0x00000023      0x36c ./src/sysinit.o
 .debug_macro   0x0000038f       0x4f ./src/sysinit.o
 .debug_macro   0x000003de       0x44 ./src/sysinit.o
 .debug_macro   0x00000422       0xfd ./src/sysinit.o
 .debug_macro   0x0000051f       0x5e ./src/sysinit.o
 .debug_macro   0x0000057d      0x1df ./src/sysinit.o
 .debug_macro   0x0000075c       0x22 ./src/sysinit.o
 .debug_macro   0x0000077e       0x7b ./src/sysinit.o
 .debug_macro   0x000007f9       0x10 ./src/sysinit.o
 .debug_macro   0x00000809       0x2d ./src/sysinit.o
 .debug_macro   0x00000836       0x3a ./src/sysinit.o
 .debug_macro   0x00000870       0x2d ./src/sysinit.o
 .debug_macro   0x0000089d      0xa7d ./src/sysinit.o
 .debug_macro   0x0000131a      0x1b4 ./src/sysinit.o
 .debug_macro   0x000014ce       0xca ./src/sysinit.o
 .debug_macro   0x00001598       0x18 ./src/sysinit.o
 .debug_macro   0x000015b0       0xb2 ./src/sysinit.o
 .debug_macro   0x00001662       0x70 ./src/sysinit.o
 .debug_macro   0x000016d2       0x46 ./src/sysinit.o
 .debug_macro   0x00001718       0xd0 ./src/sysinit.o
 .debug_macro   0x000017e8       0x40 ./src/sysinit.o
 .debug_macro   0x00001828      0x233 ./src/sysinit.o
 .debug_macro   0x00001a5b       0x16 ./src/sysinit.o
 .debug_macro   0x00001a71       0x88 ./src/sysinit.o
 .debug_macro   0x00001af9       0x34 ./src/sysinit.o
 .debug_macro   0x00001b2d       0x6a ./src/sysinit.o
 .debug_macro   0x00001b97       0x40 ./src/sysinit.o
 .debug_macro   0x00001bd7       0x1c ./src/sysinit.o
 .debug_macro   0x00001bf3       0x16 ./src/sysinit.o
 .debug_macro   0x00001c09      0x10c ./src/sysinit.o
 .debug_macro   0x00001d15      0x2a9 ./src/sysinit.o
 .debug_macro   0x00001fbe       0x76 ./src/sysinit.o
 .debug_macro   0x00002034       0x22 ./src/sysinit.o
 .debug_macro   0x00002056      0x152 ./src/sysinit.o
 .debug_macro   0x000021a8       0x82 ./src/sysinit.o
 .debug_macro   0x0000222a       0xe6 ./src/sysinit.o
 .debug_macro   0x00002310       0x3a ./src/sysinit.o
 .debug_macro   0x0000234a       0x34 ./src/sysinit.o
 .debug_macro   0x0000237e       0x10 ./src/sysinit.o
 .debug_macro   0x0000238e       0x76 ./src/sysinit.o
 .debug_macro   0x00002404       0x58 ./src/sysinit.o
 .debug_macro   0x0000245c      0x2ca ./src/sysinit.o
 .debug_macro   0x00002726      0x22b ./src/sysinit.o
 .debug_macro   0x00002951       0x2e ./src/sysinit.o
 .debug_macro   0x0000297f       0x34 ./src/sysinit.o
 .debug_macro   0x000029b3       0x52 ./src/sysinit.o
 .debug_macro   0x00002a05       0x9c ./src/sysinit.o
 .debug_macro   0x00002aa1       0x16 ./src/sysinit.o
 .debug_macro   0x00002ab7       0x97 ./src/sysinit.o
 .debug_macro   0x00002b4e      0x30d ./src/sysinit.o
 .debug_macro   0x00002e5b       0xfd ./src/sysinit.o
 .debug_macro   0x00002f58       0x10 ./src/sysinit.o
 .debug_macro   0x00002f68       0x43 ./src/sysinit.o
 .debug_macro   0x00002fab       0x10 ./src/sysinit.o
 .debug_macro   0x00002fbb       0xb6 ./src/sysinit.o
 .debug_macro   0x00003071       0x16 ./src/sysinit.o
 .debug_macro   0x00003087      0x145 ./src/sysinit.o
 .debug_macro   0x000031cc       0x20 ./src/sysinit.o
 .debug_macro   0x000031ec      0x3e0 ./src/testProject.o
 .debug_macro   0x000035cc       0x1c ./src/testProject.o
 .debug_macro   0x000035e8       0x16 ./src/testProject.o
 .debug_macro   0x000035fe      0xa7d ./src/testProject.o
 .debug_macro   0x0000407b       0x97 ./src/testProject.o
 .debug_macro   0x00004112      0x104 ./src/testProject.o
 .debug_macro   0x00004216       0x82 ./src/testProject.o
 .debug_macro   0x00004298       0x40 ./src/testProject.o
 .debug_macro   0x000042d8      0x114 ./src/testProject.o
 .debug_macro   0x000043ec       0xaf ./src/testProject.o
 .debug_macro   0x0000449b       0x12 ./src/testProject.o
 .debug_macro   0x000044ad       0x1f ./src/testProject.o
 .debug_macro   0x000044cc      0x34c ./src/testProject.o
 .debug_macro   0x00004818       0x79 ./src/testProject.o
 .debug_macro   0x00004891       0x69 ./src/testProject.o
 .debug_macro   0x000048fa      0x3db C:\Users\RometKalpus\Documents\MCUXpressoIDE_10.0.2_411\workspace\lpc_board_nxp_lpcxpresso_1549\Debug\liblpc_board_nxp_lpcxpresso_1549.a(board.o)
 .debug_macro   0x00004cd5      0x88c C:\Users\RometKalpus\Documents\MCUXpressoIDE_10.0.2_411\workspace\lpc_board_nxp_lpcxpresso_1549\Debug\liblpc_board_nxp_lpcxpresso_1549.a(board.o)
 .debug_macro   0x00005561       0x87 C:\Users\RometKalpus\Documents\MCUXpressoIDE_10.0.2_411\workspace\lpc_board_nxp_lpcxpresso_1549\Debug\liblpc_board_nxp_lpcxpresso_1549.a(board.o)
 .debug_macro   0x000055e8       0x1c C:\Users\RometKalpus\Documents\MCUXpressoIDE_10.0.2_411\workspace\lpc_board_nxp_lpcxpresso_1549\Debug\liblpc_board_nxp_lpcxpresso_1549.a(board.o)
 .debug_macro   0x00005604       0x52 C:\Users\RometKalpus\Documents\MCUXpressoIDE_10.0.2_411\workspace\lpc_board_nxp_lpcxpresso_1549\Debug\liblpc_board_nxp_lpcxpresso_1549.a(board.o)
 .debug_macro   0x00005656       0x40 C:\Users\RometKalpus\Documents\MCUXpressoIDE_10.0.2_411\workspace\lpc_board_nxp_lpcxpresso_1549\Debug\liblpc_board_nxp_lpcxpresso_1549.a(board.o)
 .debug_macro   0x00005696       0x10 C:\Users\RometKalpus\Documents\MCUXpressoIDE_10.0.2_411\workspace\lpc_board_nxp_lpcxpresso_1549\Debug\liblpc_board_nxp_lpcxpresso_1549.a(board.o)
 .debug_macro   0x000056a6       0x40 C:\Users\RometKalpus\Documents\MCUXpressoIDE_10.0.2_411\workspace\lpc_board_nxp_lpcxpresso_1549\Debug\liblpc_board_nxp_lpcxpresso_1549.a(board.o)
 .debug_macro   0x000056e6       0xd7 C:\Users\RometKalpus\Documents\MCUXpressoIDE_10.0.2_411\workspace\lpc_board_nxp_lpcxpresso_1549\Debug\liblpc_board_nxp_lpcxpresso_1549.a(board.o)
 .debug_macro   0x000057bd      0x18b C:\Users\RometKalpus\Documents\MCUXpressoIDE_10.0.2_411\workspace\lpc_board_nxp_lpcxpresso_1549\Debug\liblpc_board_nxp_lpcxpresso_1549.a(board.o)
 .debug_macro   0x00005948       0x12 C:\Users\RometKalpus\Documents\MCUXpressoIDE_10.0.2_411\workspace\lpc_board_nxp_lpcxpresso_1549\Debug\liblpc_board_nxp_lpcxpresso_1549.a(board.o)
 .debug_macro   0x0000595a      0x3f2 C:\Users\RometKalpus\Documents\MCUXpressoIDE_10.0.2_411\workspace\lpc_board_nxp_lpcxpresso_1549\Debug\liblpc_board_nxp_lpcxpresso_1549.a(board_sysinit.o)
 .debug_macro   0x00005d4c       0x16 C:\Users\RometKalpus\Documents\MCUXpressoIDE_10.0.2_411\workspace\lpc_board_nxp_lpcxpresso_1549\Debug\liblpc_board_nxp_lpcxpresso_1549.a(board_sysinit.o)
 .debug_macro   0x00005d62       0x35 C:\Users\RometKalpus\Documents\MCUXpressoIDE_10.0.2_411\workspace\lpc_board_nxp_lpcxpresso_1549\Debug\liblpc_board_nxp_lpcxpresso_1549.a(board_sysinit.o)
 .debug_macro   0x00005d97      0x260 C:\Users\RometKalpus\Documents\MCUXpressoIDE_10.0.2_411\workspace\lpc_chip_15xx\Debug\liblpc_chip_15xx.a(chip_15xx.o)